Godot Engine v4.5.1.stable.official.f62fdbde1 - https://godotengine.org

---  GUT  ---
[1m[INFO]:  [0musing [/Users/ryko/Library/Application Support/Godot/app_userdata/Story] for temporary output.
Godot version:  4.5.1
GUT version:  9.5.0
[4m

res://tests/test_town_architecture.gd
[0m* test_lot_houses_have_compound_and_changing_floorplates
* test_all_frontages_keep_a_door_and_connected_rooms
* test_balconies_and_roof_crowns_have_native_collision
* test_large_projections_have_corner_posts_and_long_balconies
* test_cross_gable_ridges_fit_below_their_host_roof
* test_roof_finishes_use_wood_colour_and_board_normals
* test_narrow_lots_keep_a_low_roof_along_the_long_axis
* test_each_balcony_component_has_its_own_house_door
* test_same_lot_varies_building_size_and_height
[31m    [Failed]:  [0minclude low cottages
      at line 175
[31m    [Failed]:  [0m[1] expected to be >= than [3]:  a reserved lot must not force one building size
      at line 177
* test_projecting_room_edges_have_floor_beams_and_sheltered_canopies
[31m    [Failed]:  [0mevery exposed overhang edge needs a timber fascia
      at line 198
[31m    [Failed]:  [0mevery exposed overhang edge needs a timber fascia
      at line 198
[31m    [Failed]:  [0mevery exposed overhang edge needs a timber fascia
      at line 198
[31m    [Failed]:  [0mevery exposed overhang edge needs a timber fascia
      at line 198
[31m    [Failed]:  [0mevery exposed overhang edge needs a timber fascia
      at line 198
[31m    [Failed]:  [0mevery exposed overhang edge needs a timber fascia
      at line 198
[31m    [Failed]:  [0mevery exposed overhang edge needs a timber fascia
      at line 198
[31m    [Failed]:  [0mevery exposed overhang edge needs a timber fascia
      at line 198
[31m    [Failed]:  [0mevery exposed overhang edge needs a timber fascia
      at line 198
[31m    [Failed]:  [0mevery exposed overhang edge needs a timber fascia
      at line 198
[31m    [Failed]:  [0mevery exposed overhang edge needs a timber fascia
      at line 198
[31m    [Failed]:  [0mevery exposed overhang edge needs a timber fascia
      at line 198
[31m    [Failed]:  [0mevery exposed overhang edge needs a timber fascia
      at line 198
[31m    [Failed]:  [0mevery exposed overhang edge needs a timber fascia
      at line 198
[31m    [Failed]:  [0mevery exposed overhang edge needs a timber fascia
      at line 198
[31m    [Failed]:  [0mevery exposed overhang edge needs a timber fascia
      at line 198
[31m    [Failed]:  [0mevery exposed overhang edge needs a timber fascia
      at line 198
[31m    [Failed]:  [0mevery exposed overhang edge needs a timber fascia
      at line 198
[31m    [Failed]:  [0mevery exposed overhang edge needs a timber fascia
      at line 198
[31m    [Failed]:  [0mevery exposed overhang edge needs a timber fascia
      at line 198
[31m    [Failed]:  [0mevery exposed overhang edge needs a timber fascia
      at line 198
[31m    [Failed]:  [0mevery exposed overhang edge needs a timber fascia
      at line 198
[31m    [Failed]:  [0mevery exposed overhang edge needs a timber fascia
      at line 198
[31m    [Failed]:  [0mevery exposed overhang edge needs a timber fascia
      at line 198
[31m    [Failed]:  [0mevery exposed overhang edge needs a timber fascia
      at line 198
[31m    [Failed]:  [0mevery exposed overhang edge needs a timber fascia
      at line 198
[31m    [Failed]:  [0mevery exposed overhang edge needs a timber fascia
      at line 198
[31m    [Failed]:  [0mevery exposed overhang edge needs a timber fascia
      at line 198
[31m    [Failed]:  [0mevery exposed overhang edge needs a timber fascia
      at line 198
[31m    [Failed]:  [0mevery exposed overhang edge needs a timber fascia
      at line 198
[31m    [Failed]:  [0mevery exposed overhang edge needs a timber fascia
      at line 198
[31m    [Failed]:  [0mevery exposed overhang edge needs a timber fascia
      at line 198
[31m    [Failed]:  [0mevery exposed overhang edge needs a timber fascia
      at line 198
[31m    [Failed]:  [0mevery exposed overhang edge needs a timber fascia
      at line 198
[31m    [Failed]:  [0mevery exposed overhang edge needs a timber fascia
      at line 198
[31m    [Failed]:  [0mevery exposed overhang edge needs a timber fascia
      at line 198
[31m    [Failed]:  [0mevery exposed overhang edge needs a timber fascia
      at line 198
[31m    [Failed]:  [0mevery exposed overhang edge needs a timber fascia
      at line 198
[31m    [Failed]:  [0mevery exposed overhang edge needs a timber fascia
      at line 198
[31m    [Failed]:  [0mevery exposed overhang edge needs a timber fascia
      at line 198
[31m    [Failed]:  [0m[0] expected to be > than [8]:  canopies should frequently occupy sheltered recesses
      at line 205
[1m8/10 passed.
[0m



[33m==============================================
[0m[33m= Run Summary
[0m[33m==============================================
[0m[4m
res://tests/test_town_architecture.gd
[0m- test_same_lot_varies_building_size_and_height
[31m    [Failed]:  [0minclude low cottages
          at line 175
[31m    [Failed]:  [0m[1] expected to be >= than [3]:  a reserved lot must not force one building size
          at line 177
- test_projecting_room_edges_have_floor_beams_and_sheltered_canopies
[31m    [Failed]:  [0mevery exposed overhang edge needs a timber fascia
          at line 198
[31m    [Failed]:  [0mevery exposed overhang edge needs a timber fascia
          at line 198
[31m    [Failed]:  [0mevery exposed overhang edge needs a timber fascia
          at line 198
[31m    [Failed]:  [0mevery exposed overhang edge needs a timber fascia
          at line 198
[31m    [Failed]:  [0mevery exposed overhang edge needs a timber fascia
          at line 198
[31m    [Failed]:  [0mevery exposed overhang edge needs a timber fascia
          at line 198
[31m    [Failed]:  [0mevery exposed overhang edge needs a timber fascia
          at line 198
[31m    [Failed]:  [0mevery exposed overhang edge needs a timber fascia
          at line 198
[31m    [Failed]:  [0mevery exposed overhang edge needs a timber fascia
          at line 198
[31m    [Failed]:  [0mevery exposed overhang edge needs a timber fascia
          at line 198
[31m    [Failed]:  [0mevery exposed overhang edge needs a timber fascia
          at line 198
[31m    [Failed]:  [0mevery exposed overhang edge needs a timber fascia
          at line 198
[31m    [Failed]:  [0mevery exposed overhang edge needs a timber fascia
          at line 198
[31m    [Failed]:  [0mevery exposed overhang edge needs a timber fascia
          at line 198
[31m    [Failed]:  [0mevery exposed overhang edge needs a timber fascia
          at line 198
[31m    [Failed]:  [0mevery exposed overhang edge needs a timber fascia
          at line 198
[31m    [Failed]:  [0mevery exposed overhang edge needs a timber fascia
          at line 198
[31m    [Failed]:  [0mevery exposed overhang edge needs a timber fascia
          at line 198
[31m    [Failed]:  [0mevery exposed overhang edge needs a timber fascia
          at line 198
[31m    [Failed]:  [0mevery exposed overhang edge needs a timber fascia
          at line 198
[31m    [Failed]:  [0mevery exposed overhang edge needs a timber fascia
          at line 198
[31m    [Failed]:  [0mevery exposed overhang edge needs a timber fascia
          at line 198
[31m    [Failed]:  [0mevery exposed overhang edge needs a timber fascia
          at line 198
[31m    [Failed]:  [0mevery exposed overhang edge needs a timber fascia
          at line 198
[31m    [Failed]:  [0mevery exposed overhang edge needs a timber fascia
          at line 198
[31m    [Failed]:  [0mevery exposed overhang edge needs a timber fascia
          at line 198
[31m    [Failed]:  [0mevery exposed overhang edge needs a timber fascia
          at line 198
[31m    [Failed]:  [0mevery exposed overhang edge needs a timber fascia
          at line 198
[31m    [Failed]:  [0mevery exposed overhang edge needs a timber fascia
          at line 198
[31m    [Failed]:  [0mevery exposed overhang edge needs a timber fascia
          at line 198
[31m    [Failed]:  [0mevery exposed overhang edge needs a timber fascia
          at line 198
[31m    [Failed]:  [0mevery exposed overhang edge needs a timber fascia
          at line 198
[31m    [Failed]:  [0mevery exposed overhang edge needs a timber fascia
          at line 198
[31m    [Failed]:  [0mevery exposed overhang edge needs a timber fascia
          at line 198
[31m    [Failed]:  [0mevery exposed overhang edge needs a timber fascia
          at line 198
[31m    [Failed]:  [0mevery exposed overhang edge needs a timber fascia
          at line 198
[31m    [Failed]:  [0mevery exposed overhang edge needs a timber fascia
          at line 198
[31m    [Failed]:  [0mevery exposed overhang edge needs a timber fascia
          at line 198
[31m    [Failed]:  [0mevery exposed overhang edge needs a timber fascia
          at line 198
[31m    [Failed]:  [0mevery exposed overhang edge needs a timber fascia
          at line 198
[31m    [Failed]:  [0m[0] expected to be > than [8]:  canopies should frequently occupy sheltered recesses
          at line 205

Totals
------
Scripts               1
Tests                10
Passing Tests         8
Failing Tests         2
Asserts           1938/1981
Time              3.94s


[31m---- 2 failing tests ----
[0m
