Godot Engine v4.5.1.stable.official.f62fdbde1 - https://godotengine.org

ERROR: Condition "ret != noErr" is true. Returning: ""
   at: get_system_ca_certificates (platform/macos/os_macos.mm:991)
---  GUT  ---
[1m[INFO]:  [0musing [/Users/ryko/Library/Application Support/Godot/app_userdata/Story] for temporary output.
Godot version:  4.5.1
GUT version:  9.5.0
[4m

res://tests/test_tower_variant_closure.gd
[0m* test_finished_tower_cap_closes_gable_but_missing_cap_does_not
[1m1/1 passed.
[0m[4m

res://tests/test_october3_tower_palette.gd
[0m* test_native_cap_inherits_adjoining_roof_family_without_changing_geometry
[1m1/1 passed.
[0m



[33m==============================================
[0m[33m= Run Summary
[0m[33m==============================================
[0m
Totals
------
Scripts               2
Tests                 2
Passing Tests         2
Asserts              76
Time              39.093s


[32m---- All tests passed! ----
[0m
