Godot Engine v4.5.1.stable.official.f62fdbde1 - https://godotengine.org
Metal 3.2 - Forward+ - Using Device #0: Apple - Apple M1 Pro (Apple7)

TOWN_CHARACTER 53:grand {"clearing_area":15.0,"clearing_block_bias":1.72826996952019,"clearing_count":3.0,"clearing_cover":{"open":1.0},"clearing_extra_link_chance":0.466675942103142,"clearing_ground_weight":2.0,"clearing_purpose":{"green":0.456123141733603,"market":0.173017020146405,"paved":0.197650485412452,"workyard":0.17320935270754},"clearing_shape":{"blob":0.148308769544017,"rect":0.311453203655171,"three_rect":0.190183114435788,"two_rect":0.350054912365024}}
TUNNELS 53 grand [(0, 6, 3), (2, 9, 0), (2, 9, 1), (2, 0, -1), (1, 0, -1), (0, 0, 0), (-1, 0, 0), (-2, 0, 0), (-3, 0, -1), (-4, 0, -1), (4, 0, -3), (1, 0, -5), (-1, 0, -10), (-3, 0, -11), (-5, 0, -11), (4, 4, 1), (5, 1, 3), (-3, 0, 7)]
STEPPED_HOUSES [{ "id": &"kit.spatial.feature.landmark.01", "at": (15.75, 3.0, -2.25), "reach": 24.0 }, { "id": &"kit.spatial.parcel.maze.house.000", "at": (0.75, 19.5, 12.75), "reach": 24.0 }, { "id": &"kit.spatial.parcel.maze.house.002", "at": (11.25, 18.0, 6.75), "reach": 40.0 }, { "id": &"kit.spatial.parcel.maze.house.003", "at": (9.75, 21.0, 5.25), "reach": 16.0 }, { "id": &"kit.spatial.parcel.maze.house.008", "at": (6.75, 3.0, -5.25), "reach": 8.0 }, { "id": &"kit.spatial.parcel.maze.house.014", "at": (-3.75, 18.0, 2.25), "reach": 16.0 }, { "id": &"kit.spatial.parcel.maze.house.015", "at": (-5.25, 16.5, -3.75), "reach": 24.0 }, { "id": &"kit.spatial.parcel.maze.house.035", "at": (-3.75, 3.0, -27.75), "reach": 32.0 }, { "id": &"kit.spatial.parcel.maze.house.056", "at": (12.75, 9.0, -3.75), "reach": 32.0 }]
ROOF_AUDIT { "clipped": 690, "removed": 166, "chimneys": { "moved": 0, "omitted": 0, "checked": 5 }, "towers": { "corner_attempts": 151, "corner_supported": 6, "corner_accepted": 4, "corner_bearing_rejected": 48, "corner_bearing_example": "kit.spatial.parcel.maze.house.058 / (-7, 0, 6) / base 1", "corner_no_bearing_or_space": 134, "attempts": 320, "corner_reservation_rejected": 52, "corner_reservation_example": "kit.spatial.parcel.maze.house.069 / (5, 2, 16) / base 0", "corbel_corner_accepted": 3, "corner_join_quadrants": 9, "corner_quadrant_counts": { 4: 4, 2: 4, 0: 1 }, "corner_quadrant_examples": [{ "host": &"kit.spatial.parcel.maze.house.015", "corner": (-2, -2), "base": 8, "top": 14, "band": 8, "occupied": [(-1, -1), (-1, 0), (0, -1), (0, 0)] }, { "host": &"kit.spatial.parcel.maze.house.035", "corner": (-2, -16), "base": 0, "top": 2, "band": 0, "occupied": [(-1, -1), (0, -1)] }, { "host": &"kit.spatial.parcel.maze.house.035", "corner": (0, -17), "base": 0, "top": 4, "band": 0, "occupied": [(-1, -1), (-1, 0), (0, -1), (0, 0)] }, { "host": &"kit.spatial.parcel.maze.house.035", "corner": (-2, -17), "base": 0, "top": 4, "band": 0, "occupied": [(-1, -1), (-1, 0), (0, -1), (0, 0)] }, { "host": &"kit.spatial.parcel.maze.house.035", "corner": (2, -17), "base": 0, "top": 4, "band": 0, "occupied": [(-1, -1), (-1, 0)] }, { "host": &"kit.spatial.parcel.maze.house.049", "corner": (-11, -10), "base": 0, "top": 8, "band": 0, "occupied": [(-1, -1), (-1, 0), (0, -1), (0, 0)] }, { "host": &"kit.spatial.parcel.maze.house.049", "corner": (-11, -12), "base": 0, "top": 8, "band": 0, "occupied": [(-1, 0), (0, 0)] }, { "host": &"kit.spatial.parcel.maze.house.062", "corner": (-4, 12), "base": 0, "top": 4, "band": 2, "occupied": [(-1, -1), (0, -1)] }, { "host": &"kit.spatial.parcel.maze.house.069", "corner": (6, 14), "base": 0, "top": 4, "band": 0, "occupied": [] }], "corner_no_host_join": 11, "corner_asset_blocked": 1, "corner_public_blocked": 1, "corner_join_door": 2, "accepted": 4 }, "facade_bays": 2, "room_projections": 4, "retaining_relief": 14, "retaining_flight_joints": 28, "retaining_windows": 40, "fortified_windows": 0, "retaining_recesses": 8, "decor_clearance": { &"window_box": 59, &"prop.doorstep": 36 }, "fitted_window_boxes": 63, "joins": 10, "parallel_joins": 2, "fitted_eaves": 4, "dormers": { "moved": 0, "omitted": 2, "checked": 8 }, "seated_balcony_brackets": 10, "roof_blocked_windows": 173, "roof_fitted_windows": 52 }
TOWN 53 grand buildings=152 instances=7308 ms=92959
GARDEN_GRASS 53 grand instances=669 tiles=12
BOUNDS cells=[P: (-64.0, 0.0, -104.0), S: (132.0, 54.0, 180.0)] payload=[P: (-66.34, -6.0, -108.0), S: (137.046, 69.6, 186.68)]
REVIEW_CAMERA {"eye":"(-100.491, 122.14, 125.35)","fov":50.0,"target":"(2.182991, 28.8, -14.66)","view":"53_grand_overview"}
REVIEW_CAMERA {"eye":"(84.68468, 70.803, 67.84169)","fov":55.0,"target":"(2.182991, 32.8, -14.66)","view":"53_grand_orbit0"}
REVIEW_CAMERA {"eye":"(-80.3187, 70.803, 67.84169)","fov":55.0,"target":"(2.182991, 32.8, -14.66)","view":"53_grand_orbit1"}
REVIEW_CAMERA {"eye":"(-80.3187, 70.803, -97.16168)","fov":55.0,"target":"(2.182991, 32.8, -14.66)","view":"53_grand_orbit2"}
REVIEW_CAMERA {"eye":"(84.68468, 70.803, -97.16168)","fov":55.0,"target":"(2.182991, 32.8, -14.66)","view":"53_grand_orbit3"}
REVIEW_CAMERA {"eye":"(24.0, 1.7, 4.0)","fov":70.0,"target":"(32.0, 1.7, 20.0)","view":"53_grand_street0"}
REVIEW_CAMERA {"eye":"(0.0, 7.7, 20.0)","fov":70.0,"target":"(16.0, 7.7, 28.0)","view":"53_grand_street1"}
REVIEW_CAMERA {"eye":"(-8.0, 1.7, 0.0)","fov":70.0,"target":"(-24.0, 1.7, -8.0)","view":"53_grand_street2"}
REVIEW_CAMERA {"eye":"(16.0, 1.7, -32.0)","fov":70.0,"target":"(12.0, 1.7, -56.0)","view":"53_grand_street3"}
REVIEW_CAMERA {"eye":"(16.0, 1.7, 60.0)","fov":70.0,"target":"(36.0, 1.7, 56.0)","view":"53_grand_street4"}
REVIEW_CAMERA {"eye":"(12.0, 1.7, -56.0)","fov":70.0,"target":"(24.0, 1.7, -32.0)","view":"53_grand_street5"}
REVIEW_CAMERA {"eye":"(60.0, 7.7, 28.0)","fov":80.0,"target":"(48.63636, 8.5, 28.90909)","view":"53_grand_court_clearing.00_0"}
REVIEW_CAMERA {"eye":"(52.0, 7.7, 36.0)","fov":80.0,"target":"(53.63636, 8.5, 23.90909)","view":"53_grand_court_clearing.00_1"}
REVIEW_CAMERA {"eye":"(48.0, 7.7, 28.0)","fov":80.0,"target":"(58.63636, 8.5, 28.90909)","view":"53_grand_court_clearing.00_2"}
REVIEW_CAMERA {"eye":"(48.0, 7.7, 24.0)","fov":80.0,"target":"(53.63636, 8.5, 33.90909)","view":"53_grand_court_clearing.00_3"}
REVIEW_CAMERA {"eye":"(36.0, 1.7, 56.0)","fov":80.0,"target":"(23.4, 2.5, 56.4)","view":"53_grand_court_clearing.01_0"}
REVIEW_CAMERA {"eye":"(28.0, 1.7, 64.0)","fov":80.0,"target":"(28.4, 2.5, 51.4)","view":"53_grand_court_clearing.01_1"}
REVIEW_CAMERA {"eye":"(24.0, 1.7, 56.0)","fov":80.0,"target":"(33.4, 2.5, 56.4)","view":"53_grand_court_clearing.01_2"}
REVIEW_CAMERA {"eye":"(28.0, 1.7, 52.0)","fov":80.0,"target":"(28.4, 2.5, 61.4)","view":"53_grand_court_clearing.01_3"}
REVIEW_CAMERA {"eye":"(28.0, 28.7, 32.0)","fov":80.0,"target":"(13.0, 29.5, 34.0)","view":"53_grand_court_plaza.00_0"}
REVIEW_CAMERA {"eye":"(20.0, 28.7, 44.0)","fov":80.0,"target":"(18.0, 29.5, 29.0)","view":"53_grand_court_plaza.00_1"}
REVIEW_CAMERA {"eye":"(8.0, 28.7, 32.0)","fov":80.0,"target":"(23.0, 29.5, 34.0)","view":"53_grand_court_plaza.00_2"}
REVIEW_CAMERA {"eye":"(16.0, 28.7, 24.0)","fov":80.0,"target":"(18.0, 29.5, 39.0)","view":"53_grand_court_plaza.00_3"}
TOWN_CHARACTER 31:large {"clearing_area":13.0,"clearing_block_bias":1.72492988638082,"clearing_count":2.0,"clearing_cover":{"open":1.0},"clearing_extra_link_chance":0.447181588526406,"clearing_ground_weight":2.0,"clearing_purpose":{"green":0.390460497040364,"market":0.0786873410575836,"paved":0.371306003676744,"workyard":0.159546158225308},"clearing_shape":{"blob":0.195513208104443,"rect":0.267226125056562,"three_rect":0.12054643175657,"two_rect":0.416714235082425}}
TUNNELS 31 large [(-1, 0, 1), (-1, 0, 2), (0, 0, 2), (0, 0, 5), (-3, 0, 1), (2, 4, 0), (2, 4, 1)]
STEPPED_HOUSES [{ "id": &"kit.spatial.parcel.maze.house.011", "at": (3.75, 12.0, 0.75), "reach": 24.0 }]
ROOF_AUDIT { "clipped": 617, "removed": 65, "chimneys": { "moved": 0, "omitted": 0, "checked": 4 }, "towers": { "corner_attempts": 52, "corner_join_quadrants": 4, "corner_quadrant_counts": { 2: 3, 4: 1 }, "corner_quadrant_examples": [{ "host": &"kit.spatial.parcel.maze.bridge.00.end.1.lower", "corner": (6, -2), "base": 4, "top": 12, "band": 4, "occupied": [(-1, -1), (0, -1)] }, { "host": &"kit.spatial.parcel.maze.house.003", "corner": (-4, 5), "base": 0, "top": 6, "band": 0, "occupied": [(0, -1), (0, 0)] }, { "host": &"kit.spatial.parcel.maze.house.021", "corner": (2, -9), "base": 2, "top": 6, "band": 2, "occupied": [(-1, -1), (-1, 0), (0, -1), (0, 0)] }, { "host": &"kit.spatial.parcel.maze.house.021", "corner": (4, -9), "base": 2, "top": 6, "band": 2, "occupied": [(-1, -1), (-1, 0)] }], "corner_no_host_join": 7, "corner_bearing_rejected": 17, "corner_bearing_example": "kit.spatial.parcel.maze.house.021 / (3, 1, -8) / base 2", "corner_no_bearing_or_space": 42, "corner_supported": 3, "corner_asset_blocked": 1, "corner_reservation_rejected": 15, "corner_reservation_example": "kit.spatial.parcel.maze.house.011 / (3, 10, -3) / base 8", "attempts": 104, "corner_join_door": 3, "corner_public_blocked": 1, "corbel_corner_accepted": 1, "corner_accepted": 1, "accepted": 1 }, "facade_bays": 0, "room_projections": 2, "retaining_relief": 5, "retaining_flight_joints": 8, "retaining_windows": 25, "fortified_windows": 30, "retaining_recesses": 31, "decor_clearance": { &"fort.block": 49, &"prop.doorstep": 20, &"window_box": 29 }, "fitted_window_boxes": 9, "joins": 8, "parallel_joins": 0, "fitted_eaves": 1, "dormers": { "moved": 0, "omitted": 0, "checked": 8 }, "seated_balcony_brackets": 0, "roof_blocked_windows": 53, "roof_fitted_windows": 21 }
TOWN 31 large buildings=64 instances=3382 ms=40547
GARDEN_GRASS 31 large instances=210 tiles=6
BOUNDS cells=[P: (-24.0, 0.0, -96.0), S: (76.0, 33.0, 148.0)] payload=[P: (-56.0, -6.0, -100.0), S: (112.0, 48.6, 158.34)]
REVIEW_CAMERA {"eye":"(-87.087, 97.47, 97.925)","fov":50.0,"target":"(0.0, 18.3, -20.83)","view":"31_large_overview"}
REVIEW_CAMERA {"eye":"(69.97705, 53.9265, 49.14705)","fov":55.0,"target":"(0.0, 22.3, -20.83)","view":"31_large_orbit0"}
REVIEW_CAMERA {"eye":"(-69.97705, 53.9265, 49.14705)","fov":55.0,"target":"(0.0, 22.3, -20.83)","view":"31_large_orbit1"}
REVIEW_CAMERA {"eye":"(-69.97705, 53.9265, -90.80705)","fov":55.0,"target":"(0.0, 22.3, -20.83)","view":"31_large_orbit2"}
REVIEW_CAMERA {"eye":"(69.97705, 53.9265, -90.80705)","fov":55.0,"target":"(0.0, 22.3, -20.83)","view":"31_large_orbit3"}
REVIEW_CAMERA {"eye":"(32.0, 7.7, -44.0)","fov":70.0,"target":"(32.0, 7.7, -28.0)","view":"31_large_street0"}
REVIEW_CAMERA {"eye":"(-4.0, 1.7, -16.0)","fov":70.0,"target":"(4.0, 1.7, 4.0)","view":"31_large_street1"}
REVIEW_CAMERA {"eye":"(28.0, 13.7, 32.0)","fov":70.0,"target":"(20.0, 13.7, 0.0)","view":"31_large_street2"}
REVIEW_CAMERA {"eye":"(-8.0, 1.7, -16.0)","fov":70.0,"target":"(-24.0, 1.7, 8.0)","view":"31_large_street3"}
REVIEW_CAMERA {"eye":"(16.0, 7.7, -20.0)","fov":70.0,"target":"(28.0, 7.7, -48.0)","view":"31_large_street4"}
REVIEW_CAMERA {"eye":"(-16.0, 1.7, 44.0)","fov":70.0,"target":"(-24.0, 1.7, 12.0)","view":"31_large_street5"}
REVIEW_CAMERA {"eye":"(36.0, 7.7, -36.0)","fov":80.0,"target":"(21.0, 8.5, -38.0)","view":"31_large_court_plaza.00_0"}
REVIEW_CAMERA {"eye":"(24.0, 7.7, -28.0)","fov":80.0,"target":"(26.0, 8.5, -43.0)","view":"31_large_court_plaza.00_1"}
REVIEW_CAMERA {"eye":"(20.0, 7.7, -36.0)","fov":80.0,"target":"(31.0, 8.5, -38.0)","view":"31_large_court_plaza.00_2"}
REVIEW_CAMERA {"eye":"(24.0, 7.7, -48.0)","fov":80.0,"target":"(26.0, 8.5, -33.0)","view":"31_large_court_plaza.00_3"}
TOWN_CHARACTER 43:large {"clearing_area":9.0,"clearing_block_bias":1.22547880757319,"clearing_count":3.0,"clearing_cover":{"open":1.0},"clearing_extra_link_chance":0.272182445730581,"clearing_ground_weight":2.0,"clearing_purpose":{"green":0.369530641867335,"market":0.160494104703213,"paved":0.312848452296813,"workyard":0.15712680113264},"clearing_shape":{"blob":0.160461781118354,"rect":0.347060890753372,"three_rect":0.143169462267634,"two_rect":0.349307865860639}}
TUNNELS 43 large [(1, 8, -1), (0, 8, -1), (-3, 0, 0), (-5, 0, 0), (-5, 0, -3), (-2, 0, -6), (4, 0, -7), (-4, 0, 1)]
STEPPED_HOUSES [{ "id": &"kit.spatial.parcel.maze.house.004", "at": (-3.75, 16.5, 6.75), "reach": 32.0 }, { "id": &"kit.spatial.parcel.maze.house.005", "at": (0.75, 16.5, 2.25), "reach": 24.0 }, { "id": &"kit.spatial.parcel.maze.house.011", "at": (-0.75, 13.5, -14.25), "reach": 16.0 }, { "id": &"kit.spatial.parcel.maze.house.012", "at": (8.25, 15.0, -5.25), "reach": 40.0 }, { "id": &"kit.spatial.parcel.maze.house.017", "at": (-2.25, 4.5, 8.25), "reach": 16.0 }, { "id": &"kit.spatial.parcel.maze.house.023", "at": (-14.25, 3.0, -3.75), "reach": 16.0 }, { "id": &"kit.spatial.parcel.maze.house.029", "at": (-11.25, 4.5, -11.25), "reach": 24.0 }]
ROOF_AUDIT { "clipped": 458, "removed": 31, "chimneys": { "moved": 0, "omitted": 0, "checked": 0 }, "towers": { "corner_attempts": 150, "corner_reservation_rejected": 33, "corner_reservation_example": "kit.spatial.parcel.maze.house.042 / (8, 6, -10) / base 4", "corner_no_bearing_or_space": 144, "attempts": 412, "corner_bearing_rejected": 74, "corner_bearing_example": "kit.spatial.parcel.maze.house.046 / (5, 1, -8) / base 2", "corner_supported": 3, "corner_asset_blocked": 1, "corner_join_quadrants": 1, "corner_quadrant_counts": { 4: 1 }, "corner_quadrant_examples": [{ "host": &"kit.spatial.parcel.maze.house.002", "corner": (0, -3), "base": 8, "top": 14, "band": 8, "occupied": [(-1, -1), (-1, 0), (0, -1), (0, 0)] }], "corner_no_host_join": 3, "supported": 3, "host_fit": 2, "public_clear": 2, "neighbor_clear": 1, "corner_join_door": 2, "corbel_corner_accepted": 1, "corner_accepted": 1, "corner_public_blocked": 1, "accepted": 1 }, "facade_bays": 3, "room_projections": 3, "retaining_relief": 10, "retaining_flight_joints": 13, "retaining_windows": 47, "fortified_windows": 0, "retaining_recesses": 15, "decor_clearance": { &"window_box": 47, &"prop.doorstep": 21 }, "fitted_window_boxes": 4, "joins": 6, "parallel_joins": 0, "fitted_eaves": 1, "dormers": { "moved": 0, "omitted": 0, "checked": 5 }, "seated_balcony_brackets": 0, "roof_blocked_windows": 54, "roof_fitted_windows": 39 }
TOWN 43 large buildings=102 instances=4358 ms=21819
GARDEN_GRASS 43 large instances=571 tiles=16
BOUNDS cells=[P: (-56.0, 0.0, -80.0), S: (108.0, 39.0, 108.0)] payload=[P: (-60.0, -6.0, -82.34), S: (116.0, 57.62, 114.34)]
REVIEW_CAMERA {"eye":"(-65.8, 80.81, 61.83)","fov":50.0,"target":"(-2.0, 22.81, -25.17)","view":"43_large_overview"}
REVIEW_CAMERA {"eye":"(49.26524, 48.91, 26.09524)","fov":55.0,"target":"(-2.0, 26.81, -25.17)","view":"43_large_orbit0"}
REVIEW_CAMERA {"eye":"(-53.26524, 48.91, 26.09524)","fov":55.0,"target":"(-2.0, 26.81, -25.17)","view":"43_large_orbit1"}
REVIEW_CAMERA {"eye":"(-53.26524, 48.91, -76.43524)","fov":55.0,"target":"(-2.0, 26.81, -25.17)","view":"43_large_orbit2"}
REVIEW_CAMERA {"eye":"(49.26524, 48.91, -76.43524)","fov":55.0,"target":"(-2.0, 26.81, -25.17)","view":"43_large_orbit3"}
REVIEW_CAMERA {"eye":"(-8.0, 16.7, -12.0)","fov":70.0,"target":"(5.877429, 16.7, -12.0)","view":"43_large_street0"}
REVIEW_CAMERA {"eye":"(-24.0, 1.7, -48.0)","fov":70.0,"target":"(12.0, 1.7, -56.0)","view":"43_large_street1"}
REVIEW_CAMERA {"eye":"(-4.0, 25.7, -4.0)","fov":70.0,"target":"(-24.0, 25.7, -16.0)","view":"43_large_street2"}
REVIEW_CAMERA {"eye":"(4.0, 1.7, 24.0)","fov":70.0,"target":"(-4.0, 1.7, 56.0)","view":"43_large_street3"}
REVIEW_CAMERA {"eye":"(8.0, 22.7, -20.0)","fov":70.0,"target":"(8.0, 22.7, -33.87466)","view":"43_large_street4"}
REVIEW_CAMERA {"eye":"(-8.0, 7.7, -16.0)","fov":70.0,"target":"(16.0, 7.7, -16.0)","view":"43_large_street5"}
REVIEW_CAMERA {"eye":"(28.0, 7.7, -56.0)","fov":80.0,"target":"(17.0, 8.5, -54.0)","view":"43_large_court_clearing.00_0"}
REVIEW_CAMERA {"eye":"(24.0, 7.7, -44.0)","fov":80.0,"target":"(22.0, 8.5, -59.0)","view":"43_large_court_clearing.00_1"}
REVIEW_CAMERA {"eye":"(16.0, 7.7, -52.0)","fov":80.0,"target":"(27.0, 8.5, -54.0)","view":"43_large_court_clearing.00_2"}
REVIEW_CAMERA {"eye":"(20.0, 7.7, -64.0)","fov":80.0,"target":"(22.0, 8.5, -49.0)","view":"43_large_court_clearing.00_3"}
REVIEW_CAMERA {"eye":"(-4.0, 1.7, 52.0)","fov":80.0,"target":"(-15.0, 2.5, 54.0)","view":"43_large_court_clearing.01_0"}
REVIEW_CAMERA {"eye":"(-8.0, 1.7, 60.0)","fov":80.0,"target":"(-10.0, 2.5, 49.0)","view":"43_large_court_clearing.01_1"}
REVIEW_CAMERA {"eye":"(-16.0, 1.7, 56.0)","fov":80.0,"target":"(-5.0, 2.5, 54.0)","view":"43_large_court_clearing.01_2"}
REVIEW_CAMERA {"eye":"(-12.0, 1.7, 48.0)","fov":80.0,"target":"(-10.0, 2.5, 59.0)","view":"43_large_court_clearing.01_3"}
REVIEW_CAMERA {"eye":"(-12.0, 25.7, -4.0)","fov":80.0,"target":"(-27.0, 26.5, -6.0)","view":"43_large_court_plaza.00_0"}
REVIEW_CAMERA {"eye":"(-20.0, 25.7, 0.0)","fov":80.0,"target":"(-22.0, 26.5, -11.0)","view":"43_large_court_plaza.00_1"}
REVIEW_CAMERA {"eye":"(-32.0, 25.7, -8.0)","fov":80.0,"target":"(-17.0, 26.5, -6.0)","view":"43_large_court_plaza.00_2"}
REVIEW_CAMERA {"eye":"(-20.0, 25.7, -16.0)","fov":80.0,"target":"(-22.0, 26.5, -1.0)","view":"43_large_court_plaza.00_3"}
REVIEW_CAMERA {"eye":"(-12.0, 19.7, -36.0)","fov":80.0,"target":"(-23.0, 20.5, -34.0)","view":"43_large_court_deck.00_0"}
REVIEW_CAMERA {"eye":"(-16.0, 19.7, -28.0)","fov":80.0,"target":"(-18.0, 20.5, -39.0)","view":"43_large_court_deck.00_1"}
REVIEW_CAMERA {"eye":"(-24.0, 19.7, -32.0)","fov":80.0,"target":"(-13.0, 20.5, -34.0)","view":"43_large_court_deck.00_2"}
REVIEW_CAMERA {"eye":"(-20.0, 19.7, -40.0)","fov":80.0,"target":"(-18.0, 20.5, -29.0)","view":"43_large_court_deck.00_3"}
TOWN_CHARACTER 83:grand {"clearing_area":17.0,"clearing_block_bias":1.67882299748139,"clearing_count":2.0,"clearing_cover":{"open":1.0},"clearing_extra_link_chance":0.547153991359097,"clearing_ground_weight":2.0,"clearing_purpose":{"green":0.278404731857377,"market":0.11975764395964,"paved":0.417788585785194,"workyard":0.184049038397789},"clearing_shape":{"blob":0.213807434769664,"rect":0.384852662829366,"three_rect":0.137778024197826,"two_rect":0.263561878203144}}
TUNNELS 83 grand [(0, 1, 1), (-3, 0, 1), (-2, 0, 1), (-2, 0, 0), (2, 0, 0), (2, 0, 1), (2, 0, 2), (2, 0, 4), (13, 0, 5), (16, 0, 4), (16, 0, 3), (-2, 4, 2), (-1, 4, 2), (-1, 4, 1), (-6, 0, 2)]
STEPPED_HOUSES [{ "id": &"kit.spatial.parcel.maze.house.001", "at": (-3.75, 10.5, -11.25), "reach": 32.0 }, { "id": &"kit.spatial.parcel.maze.house.013", "at": (33.75, 3.0, 11.25), "reach": 16.0 }, { "id": &"kit.spatial.parcel.maze.house.019", "at": (-9.75, 3.0, 44.25), "reach": 16.0 }, { "id": &"kit.spatial.parcel.maze.house.023", "at": (-3.75, 12.0, 2.25), "reach": 32.0 }, { "id": &"kit.spatial.parcel.maze.house.051", "at": (14.25, 9.0, 6.75), "reach": 24.0 }]
ROOF_AUDIT { "clipped": 335, "removed": 29, "chimneys": { "moved": 0, "omitted": 0, "checked": 5 }, "towers": { "corner_attempts": 76, "corner_bearing_rejected": 31, "corner_bearing_example": "kit.spatial.parcel.maze.house.051 / (11, 3, 6) / base 4", "corner_no_bearing_or_space": 66, "corner_reservation_rejected": 22, "corner_reservation_example": "kit.spatial.parcel.maze.house.051 / (7, 6, 4) / base 4", "corner_join_quadrants": 8, "corner_quadrant_counts": { 2: 6, 4: 2 }, "corner_quadrant_examples": [{ "host": &"kit.spatial.parcel.maze.bridge.00.end.1.lower", "corner": (-2, 6), "base": 4, "top": 8, "band": 4, "occupied": [(-1, 0), (0, 0)] }, { "host": &"kit.spatial.parcel.maze.house.001", "corner": (-3, -8), "base": 3, "top": 5, "band": 3, "occupied": [(-1, -1), (0, -1)] }, { "host": &"kit.spatial.parcel.maze.house.013", "corner": (24, 8), "base": 0, "top": 2, "band": 0, "occupied": [(-1, -1), (-1, 0)] }, { "host": &"kit.spatial.parcel.maze.house.013", "corner": (24, 8), "base": 0, "top": 4, "band": 0, "occupied": [(-1, -1), (-1, 0)] }, { "host": &"kit.spatial.parcel.maze.house.023", "corner": (-1, 2), "base": 4, "top": 8, "band": 4, "occupied": [(-1, -1), (0, -1)] }, { "host": &"kit.spatial.parcel.maze.house.023", "corner": (-1, 2), "base": 4, "top": 12, "band": 4, "occupied": [(-1, -1), (0, -1)] }, { "host": &"kit.spatial.parcel.maze.house.051", "corner": (10, 5), "base": 4, "top": 6, "band": 4, "occupied": [(-1, -1), (-1, 0), (0, -1), (0, 0)] }, { "host": &"kit.spatial.parcel.maze.house.051", "corner": (10, 5), "base": 4, "top": 8, "band": 4, "occupied": [(-1, -1), (-1, 0), (0, -1), (0, 0)] }], "corner_no_host_join": 9, "attempts": 252, "corner_join_door": 1, "corner_supported": 1, "corner_public_blocked": 1, "supported": 7, "host_fit": 7, "public_clear": 6, "neighbor_clear": 3, "accepted": 0 }, "facade_bays": 2, "room_projections": 4, "retaining_relief": 5, "retaining_flight_joints": 6, "retaining_windows": 17, "fortified_windows": 28, "retaining_recesses": 33, "decor_clearance": { &"fort.block": 128, &"prop.doorstep": 39, &"window_box": 49 }, "fitted_window_boxes": 16, "joins": 4, "parallel_joins": 0, "fitted_eaves": 1, "dormers": { "moved": 0, "omitted": 0, "checked": 8 }, "seated_balcony_brackets": 0, "roof_blocked_windows": 50, "roof_fitted_windows": 31 }
TOWN 83 grand buildings=89 instances=4757 ms=41967
GARDEN_GRASS 83 grand instances=253 tiles=6
BOUNDS cells=[P: (-64.0, 0.0, -48.0), S: (204.0, 33.0, 196.0)] payload=[P: (-68.0, -3.42, -50.34), S: (210.68, 49.04, 200.68)]
REVIEW_CAMERA {"eye":"(-78.534, 126.44, 208.01)","fov":50.0,"target":"(37.34, 21.1, 49.99999)","view":"83_grand_overview"}
REVIEW_CAMERA {"eye":"(130.4483, 68.503, 143.1083)","fov":55.0,"target":"(37.34, 25.1, 49.99999)","view":"83_grand_orbit0"}
REVIEW_CAMERA {"eye":"(-55.76829, 68.503, 143.1083)","fov":55.0,"target":"(37.34, 25.1, 49.99999)","view":"83_grand_orbit1"}
REVIEW_CAMERA {"eye":"(-55.76829, 68.503, -43.10829)","fov":55.0,"target":"(37.34, 25.1, 49.99999)","view":"83_grand_orbit2"}
REVIEW_CAMERA {"eye":"(130.4483, 68.503, -43.10829)","fov":55.0,"target":"(37.34, 25.1, 49.99999)","view":"83_grand_orbit3"}
REVIEW_CAMERA {"eye":"(52.0, 1.7, 28.0)","fov":70.0,"target":"(68.0, 1.7, 20.0)","view":"83_grand_street0"}
REVIEW_CAMERA {"eye":"(124.0, 1.7, 40.0)","fov":70.0,"target":"(132.0, 1.7, 20.0)","view":"83_grand_street1"}
REVIEW_CAMERA {"eye":"(132.0, 1.7, 36.0)","fov":70.0,"target":"(112.0, 1.7, 44.0)","view":"83_grand_street2"}
REVIEW_CAMERA {"eye":"(-32.0, 1.7, -32.0)","fov":70.0,"target":"(-16.0, 1.7, -40.0)","view":"83_grand_street3"}
REVIEW_CAMERA {"eye":"(4.0, 4.7, 8.0)","fov":70.0,"target":"(4.0, 4.7, -16.0)","view":"83_grand_street4"}
REVIEW_CAMERA {"eye":"(44.0, 1.7, 44.0)","fov":70.0,"target":"(80.0, 1.7, 44.0)","view":"83_grand_street5"}
REVIEW_CAMERA {"eye":"(76.0, 1.7, 12.0)","fov":80.0,"target":"(65.0, 2.5, 14.0)","view":"83_grand_court_clearing.00_0"}
REVIEW_CAMERA {"eye":"(68.0, 1.7, 20.0)","fov":80.0,"target":"(70.0, 2.5, 9.0)","view":"83_grand_court_clearing.00_1"}
REVIEW_CAMERA {"eye":"(64.0, 1.7, 16.0)","fov":80.0,"target":"(75.0, 2.5, 14.0)","view":"83_grand_court_clearing.00_2"}
REVIEW_CAMERA {"eye":"(72.0, 1.7, 8.0)","fov":80.0,"target":"(70.0, 2.5, 19.0)","view":"83_grand_court_clearing.00_3"}
REVIEW_CAMERA {"eye":"(-4.0, 10.7, -24.0)","fov":80.0,"target":"(-19.0, 11.5, -22.0)","view":"83_grand_court_plaza.00_0"}
REVIEW_CAMERA {"eye":"(-12.0, 10.7, -12.0)","fov":80.0,"target":"(-14.0, 11.5, -27.0)","view":"83_grand_court_plaza.00_1"}
REVIEW_CAMERA {"eye":"(-24.0, 10.7, -24.0)","fov":80.0,"target":"(-9.0, 11.5, -22.0)","view":"83_grand_court_plaza.00_2"}
REVIEW_CAMERA {"eye":"(-16.0, 10.7, -32.0)","fov":80.0,"target":"(-14.0, 11.5, -17.0)","view":"83_grand_court_plaza.00_3"}
REVIEW_CAMERA {"eye":"(28.0, 13.7, 4.0)","fov":80.0,"target":"(17.0, 14.5, 6.0)","view":"83_grand_court_deck.00_0"}
REVIEW_CAMERA {"eye":"(24.0, 13.7, 12.0)","fov":80.0,"target":"(22.0, 14.5, 1.0)","view":"83_grand_court_deck.00_1"}
REVIEW_CAMERA {"eye":"(16.0, 13.7, 8.0)","fov":80.0,"target":"(27.0, 14.5, 6.0)","view":"83_grand_court_deck.00_2"}
REVIEW_CAMERA {"eye":"(20.0, 13.7, 0.0)","fov":80.0,"target":"(22.0, 14.5, 11.0)","view":"83_grand_court_deck.00_3"}
REVIEW_DONE docs/qa/2026-10-07-town-odds/clearings/on
