Godot Engine v4.5.1.stable.official.f62fdbde1 - https://godotengine.org

---  GUT  ---
[1m[INFO]:  [0musing [/Users/ryko/Library/Application Support/Godot/app_userdata/Story] for temporary output.
Godot version:  4.5.1
GUT version:  9.5.0
[4m

res://tests/test_village_outskirts_construction.gd
[0m* test_reported_town_builds_connected_nonoverlapping_ground_houses_once
FRONTAGE_CONSTRUCTION ms=708 houses=9 branches=4
[31m    [Failed]:  [0mhouse must not overlap the town path
      at line 107
[31m    [Failed]:  [0mhouse must not overlap the town path
      at line 107
[31m    [Failed]:  [0mhouse must not overlap the town path
      at line 107
[31m    [Failed]:  [0mhouse must not overlap the town path
      at line 107
[31m    [Failed]:  [0mhouse must not overlap the town path
      at line 107
[31m    [Failed]:  [0mhouse must not overlap the town path
      at line 107
[31m    [Failed]:  [0mhouse must not overlap the town path
      at line 107
[31m    [Failed]:  [0mhouse must not overlap the town path
      at line 107
[31m    [Failed]:  [0mhouse must not overlap the town path
      at line 107
* test_doorstep_contact_is_distinct_from_paint_inside_the_house
[1m1/2 passed.
[0m[4m

res://tests/test_september10_hamlets.gd
[0m* test_default_population_includes_tiny_ground_settlements
* test_small_square_has_complete_supported_houses_and_central_focus
* test_crossroads_keep_all_real_road_handoffs_clear
* test_canonical_records_publish_tiny_houses_without_a_second_outskirts_pass
* test_distant_roads_do_not_enlarge_a_tiny_square
[1m5/5 passed.
[0m[4m

res://tests/test_town_architecture.gd
[0m* test_lot_houses_have_compound_and_changing_floorplates
* test_all_frontages_keep_a_door_and_connected_rooms
[1m2/2 passed.
[0m[4m

res://tests/test_building_kit.gd
[0m* test_every_suntail_role_resolves_to_a_catalog_asset
* test_world_frame_realizes_the_kit_metric
* test_house_one_replica_matches_the_source_prefab_inventory
* test_house_one_replica_places_the_ridge_top_where_the_prefab_does
* test_assembly_is_deterministic
* test_blocked_roof_turns_its_ridge_then_becomes_a_terrace
* test_jetty_insets_every_wall_by_half_a_module
* test_kit_town_replaces_every_building_room_unit
[1m8/8 passed.
[0m



[33m==============================================
[0m[33m= Run Summary
[0m[33m==============================================
[0m[4m
res://tests/test_village_outskirts_construction.gd
[0m- test_reported_town_builds_connected_nonoverlapping_ground_houses_once
[31m    [Failed]:  [0mhouse must not overlap the town path
          at line 107
[31m    [Failed]:  [0mhouse must not overlap the town path
          at line 107
[31m    [Failed]:  [0mhouse must not overlap the town path
          at line 107
[31m    [Failed]:  [0mhouse must not overlap the town path
          at line 107
[31m    [Failed]:  [0mhouse must not overlap the town path
          at line 107
[31m    [Failed]:  [0mhouse must not overlap the town path
          at line 107
[31m    [Failed]:  [0mhouse must not overlap the town path
          at line 107
[31m    [Failed]:  [0mhouse must not overlap the town path
          at line 107
[31m    [Failed]:  [0mhouse must not overlap the town path
          at line 107

Totals
------
Scripts               4
Tests                17
Passing Tests        16
Failing Tests         1
Asserts           7089/7098
Time              86.564s


[31m---- 1 failing tests ----
[0m
