Godot Engine v4.5.1.stable.official.f62fdbde1 - https://godotengine.org

---  GUT  ---
[1m[INFO]:  [0musing [/Users/ryko/Library/Application Support/Godot/app_userdata/Story] for temporary output.
Godot version:  4.5.1
GUT version:  9.5.0
[4m

res://tests/test_town_architecture.gd
[0m* test_lot_houses_have_compound_and_changing_floorplates
[31m    [Failed]:  [0m[0] expected to be > than [24]:  lot adapter must generate L/T floorplates
      at line 17
[31m    [Failed]:  [0m[0] expected to be > than [12]:  upper floors must vary independently
      at line 18
* test_all_frontages_keep_a_door_and_connected_rooms
[1m1/2 passed.
[0m



[33m==============================================
[0m[33m= Run Summary
[0m[33m==============================================
[0m[4m
res://tests/test_town_architecture.gd
[0m- test_lot_houses_have_compound_and_changing_floorplates
[31m    [Failed]:  [0m[0] expected to be > than [24]:  lot adapter must generate L/T floorplates
          at line 17
[31m    [Failed]:  [0m[0] expected to be > than [12]:  upper floors must vary independently
          at line 18

Totals
------
Scripts               1
Tests                 2
Passing Tests         1
Failing Tests         1
Asserts           1720/1722
Time              0.47s


[31m---- 1 failing tests ----
[0m
