Godot Engine v4.5.1.stable.official.f62fdbde1 - https://godotengine.org

---  GUT  ---
[1m[INFO]:  [0musing [/Users/ryko/Library/Application Support/Godot/app_userdata/Story] for temporary output.
Godot version:  4.5.1
GUT version:  9.5.0
[4m

res://tests/test_town_architecture.gd
[0m* test_lot_houses_have_compound_and_changing_floorplates
* test_all_frontages_keep_a_door_and_connected_rooms
* test_balconies_and_roof_crowns_have_native_collision
* test_projecting_rooms_have_nearby_bearing_and_soffits
* test_cross_gable_ridges_fit_below_their_host_roof
[31m    [Failed]:  [0m[4.62] expected to be <= than [3.0]:  joined ridge must not become a fin above its host
      at line 109
[31m    [Failed]:  [0m[4.62] expected to be <= than [3.0]:  joined ridge must not become a fin above its host
      at line 109
[31m    [Failed]:  [0m[4.62] expected to be <= than [3.0]:  joined ridge must not become a fin above its host
      at line 109
[31m    [Failed]:  [0m[4.62] expected to be <= than [3.0]:  joined ridge must not become a fin above its host
      at line 109
[31m    [Failed]:  [0m[4.62] expected to be <= than [3.0]:  joined ridge must not become a fin above its host
      at line 109
[31m    [Failed]:  [0m[4.62] expected to be <= than [3.0]:  joined ridge must not become a fin above its host
      at line 109
[31m    [Failed]:  [0m[4.62] expected to be <= than [3.0]:  joined ridge must not become a fin above its host
      at line 109
[31m    [Failed]:  [0m[4.62] expected to be <= than [3.0]:  joined ridge must not become a fin above its host
      at line 109
[31m    [Failed]:  [0m[4.62] expected to be <= than [3.0]:  joined ridge must not become a fin above its host
      at line 109
[31m    [Failed]:  [0m[4.62] expected to be <= than [3.0]:  joined ridge must not become a fin above its host
      at line 109
[31m    [Failed]:  [0m[4.62] expected to be <= than [3.0]:  joined ridge must not become a fin above its host
      at line 109
[31m    [Failed]:  [0m[4.62] expected to be <= than [3.0]:  joined ridge must not become a fin above its host
      at line 109
[31m    [Failed]:  [0m[4.62] expected to be <= than [3.0]:  joined ridge must not become a fin above its host
      at line 109
[31m    [Failed]:  [0m[4.62] expected to be <= than [3.0]:  joined ridge must not become a fin above its host
      at line 109
[31m    [Failed]:  [0m[4.62] expected to be <= than [3.0]:  joined ridge must not become a fin above its host
      at line 109
[31m    [Failed]:  [0m[4.62] expected to be <= than [3.0]:  joined ridge must not become a fin above its host
      at line 109
[31m    [Failed]:  [0m[4.62] expected to be <= than [3.0]:  joined ridge must not become a fin above its host
      at line 109
[31m    [Failed]:  [0m[4.62] expected to be <= than [3.0]:  joined ridge must not become a fin above its host
      at line 109
[31m    [Failed]:  [0m[4.62] expected to be <= than [3.0]:  joined ridge must not become a fin above its host
      at line 109
[31m    [Failed]:  [0m[4.62] expected to be <= than [3.0]:  joined ridge must not become a fin above its host
      at line 109
[1m4/5 passed.
[0m



[33m==============================================
[0m[33m= Run Summary
[0m[33m==============================================
[0m[4m
res://tests/test_town_architecture.gd
[0m- test_cross_gable_ridges_fit_below_their_host_roof
[31m    [Failed]:  [0m[4.62] expected to be <= than [3.0]:  joined ridge must not become a fin above its host
          at line 109
[31m    [Failed]:  [0m[4.62] expected to be <= than [3.0]:  joined ridge must not become a fin above its host
          at line 109
[31m    [Failed]:  [0m[4.62] expected to be <= than [3.0]:  joined ridge must not become a fin above its host
          at line 109
[31m    [Failed]:  [0m[4.62] expected to be <= than [3.0]:  joined ridge must not become a fin above its host
          at line 109
[31m    [Failed]:  [0m[4.62] expected to be <= than [3.0]:  joined ridge must not become a fin above its host
          at line 109
[31m    [Failed]:  [0m[4.62] expected to be <= than [3.0]:  joined ridge must not become a fin above its host
          at line 109
[31m    [Failed]:  [0m[4.62] expected to be <= than [3.0]:  joined ridge must not become a fin above its host
          at line 109
[31m    [Failed]:  [0m[4.62] expected to be <= than [3.0]:  joined ridge must not become a fin above its host
          at line 109
[31m    [Failed]:  [0m[4.62] expected to be <= than [3.0]:  joined ridge must not become a fin above its host
          at line 109
[31m    [Failed]:  [0m[4.62] expected to be <= than [3.0]:  joined ridge must not become a fin above its host
          at line 109
[31m    [Failed]:  [0m[4.62] expected to be <= than [3.0]:  joined ridge must not become a fin above its host
          at line 109
[31m    [Failed]:  [0m[4.62] expected to be <= than [3.0]:  joined ridge must not become a fin above its host
          at line 109
[31m    [Failed]:  [0m[4.62] expected to be <= than [3.0]:  joined ridge must not become a fin above its host
          at line 109
[31m    [Failed]:  [0m[4.62] expected to be <= than [3.0]:  joined ridge must not become a fin above its host
          at line 109
[31m    [Failed]:  [0m[4.62] expected to be <= than [3.0]:  joined ridge must not become a fin above its host
          at line 109
[31m    [Failed]:  [0m[4.62] expected to be <= than [3.0]:  joined ridge must not become a fin above its host
          at line 109
[31m    [Failed]:  [0m[4.62] expected to be <= than [3.0]:  joined ridge must not become a fin above its host
          at line 109
[31m    [Failed]:  [0m[4.62] expected to be <= than [3.0]:  joined ridge must not become a fin above its host
          at line 109
[31m    [Failed]:  [0m[4.62] expected to be <= than [3.0]:  joined ridge must not become a fin above its host
          at line 109
[31m    [Failed]:  [0m[4.62] expected to be <= than [3.0]:  joined ridge must not become a fin above its host
          at line 109

Totals
------
Scripts               1
Tests                 5
Passing Tests         4
Failing Tests         1
Asserts           1781/1801
Time              3.573s


[31m---- 1 failing tests ----
[0m
