Godot Engine v4.5.1.stable.official.f62fdbde1 - https://godotengine.org

ERROR: Condition "ret != noErr" is true. Returning: ""
   at: get_system_ca_certificates (platform/macos/os_macos.mm:991)
---  GUT  ---
[1m[INFO]:  [0musing [/Users/ryko/Library/Application Support/Godot/app_userdata/Story] for temporary output.
Godot version:  4.5.1
GUT version:  9.5.0
[4m

res://tests/test_corbelled_corner_towers.gd
[0m* test_native_corbel_joins_continuous_corner_without_ground_footing
[31m    [Failed]:  [0mNative support bears in two adjoining host walls
      at line 16
* test_corbel_cannot_float_bridge_a_missing_floor_or_enter_public_air
[1m1/2 passed.
[0m



[33m==============================================
[0m[33m= Run Summary
[0m[33m==============================================
[0m[4m
res://tests/test_corbelled_corner_towers.gd
[0m- test_native_corbel_joins_continuous_corner_without_ground_footing
[31m    [Failed]:  [0mNative support bears in two adjoining host walls
          at line 16

Totals
------
Scripts               1
Tests                 2
Passing Tests         1
Failing Tests         1
Asserts             3/4
Time              4.484s


[31m---- 1 failing tests ----
[0m
