Godot Engine v4.5.1.stable.official.f62fdbde1 - https://godotengine.org

ERROR: Condition "ret != noErr" is true. Returning: ""
   at: get_system_ca_certificates (platform/macos/os_macos.mm:991)
BLOCK_CANDIDATE house.027 size=62 floor=0
BLOCK_NEAREST 1 [(-6, -2), (-6, 0, -1)] door=<null>
BLOCK_OWNERS (0, -9) current=[] held=[] reach=[] proposed=[{ "cells": [(-5, -6), (-4, -6), (-3, -6), (-2, -6), (-1, -6), (0, -6), (-5, -5), (-4, -5), (-3, -5), (-2, -5), (-1, -5), (0, -5), (-5, -4), (-4, -4), (-3, -4), (-2, -4), (-1, -4), (0, -4), (-5, -3), (-4, -3), (-3, -3), (-2, -3), (-1, -3), (0, -3)], "floor": 0, "top": 14, "kind_id": &"anchor.z_native.turret.00", "door": (-2, 0, -2) }]
BLOCK_FORBIDDEN (0, -9) column={ "base": 0, "top": 6, "terrace": 6 } carved=[] reserved=[(0, -1, -9), (0, 0, -9), (0, 1, -9), (0, 2, -9)] bridgefree=true
BLOCK_OWNERS (0, -8) current=[] held=[] reach=[] proposed=[{ "cells": [(-5, -6), (-4, -6), (-3, -6), (-2, -6), (-1, -6), (0, -6), (-5, -5), (-4, -5), (-3, -5), (-2, -5), (-1, -5), (0, -5), (-5, -4), (-4, -4), (-3, -4), (-2, -4), (-1, -4), (0, -4), (-5, -3), (-4, -3), (-3, -3), (-2, -3), (-1, -3), (0, -3)], "floor": 0, "top": 14, "kind_id": &"anchor.z_native.turret.00", "door": (-2, 0, -2) }]
BLOCK_FORBIDDEN (0, -8) column={ "base": 0, "top": 6, "terrace": 6 } carved=[] reserved=[(0, -1, -8), (0, 0, -8), (0, 1, -8), (0, 2, -8)] bridgefree=true
BLOCK_OWNERS (0, -7) current=[] held=[] reach=[] proposed=[{ "cells": [(-5, -6), (-4, -6), (-3, -6), (-2, -6), (-1, -6), (0, -6), (-5, -5), (-4, -5), (-3, -5), (-2, -5), (-1, -5), (0, -5), (-5, -4), (-4, -4), (-3, -4), (-2, -4), (-1, -4), (0, -4), (-5, -3), (-4, -3), (-3, -3), (-2, -3), (-1, -3), (0, -3)], "floor": 0, "top": 14, "kind_id": &"anchor.z_native.turret.00", "door": (-2, 0, -2) }]
BLOCK_FORBIDDEN (0, -7) column={ "base": 0, "top": 10, "terrace": 10 } carved=[] reserved=[(0, -1, -7), (0, 0, -7), (0, 1, -7), (0, 2, -7)] bridgefree=true
BLOCK_OWNERS (-6, -4) current=[] held=[] reach=[] proposed=[{ "cells": [(-5, -6), (-4, -6), (-3, -6), (-2, -6), (-1, -6), (0, -6), (-5, -5), (-4, -5), (-3, -5), (-2, -5), (-1, -5), (0, -5), (-5, -4), (-4, -4), (-3, -4), (-2, -4), (-1, -4), (0, -4), (-5, -3), (-4, -3), (-3, -3), (-2, -3), (-1, -3), (0, -3)], "floor": 0, "top": 14, "kind_id": &"anchor.z_native.turret.00", "door": (-2, 0, -2) }]
BLOCK_FORBIDDEN (-6, -4) column={ "base": 0, "top": 6, "terrace": 6 } carved=[] reserved=[(-6, -1, -4), (-6, 0, -4), (-6, 1, -4), (-6, 2, -4)] bridgefree=true
BLOCK_OWNERS (-6, -3) current=[] held=[] reach=[] proposed=[{ "cells": [(-5, -6), (-4, -6), (-3, -6), (-2, -6), (-1, -6), (0, -6), (-5, -5), (-4, -5), (-3, -5), (-2, -5), (-1, -5), (0, -5), (-5, -4), (-4, -4), (-3, -4), (-2, -4), (-1, -4), (0, -4), (-5, -3), (-4, -3), (-3, -3), (-2, -3), (-1, -3), (0, -3)], "floor": 0, "top": 14, "kind_id": &"anchor.z_native.turret.00", "door": (-2, 0, -2) }]
BLOCK_FORBIDDEN (-6, -3) column={ "base": 0, "top": 2, "terrace": 2 } carved=[] reserved=[(-6, -1, -3), (-6, 0, -3), (-6, 1, -3), (-6, 2, -3)] bridgefree=true
BLOCK_OWNERS (-6, -2) current=[] held=[] reach=[] proposed=[{ "cells": [(-5, -6), (-4, -6), (-3, -6), (-2, -6), (-1, -6), (0, -6), (-5, -5), (-4, -5), (-3, -5), (-2, -5), (-1, -5), (0, -5), (-5, -4), (-4, -4), (-3, -4), (-2, -4), (-1, -4), (0, -4), (-5, -3), (-4, -3), (-3, -3), (-2, -3), (-1, -3), (0, -3)], "floor": 0, "top": 14, "kind_id": &"anchor.z_native.turret.00", "door": (-2, 0, -2) }]
BLOCK_FORBIDDEN (-6, -2) column={ "base": 0, "top": 2, "terrace": 2 } carved=[] reserved=[(-6, -1, -2), (-6, 0, -2), (-6, 1, -2), (-6, 2, -2)] bridgefree=true
BLOCK_UNRESTRICTED_FOUND false
BLOCK_DIAGNOSTIC { "candidates": 62, "borable": 56, "connections": 0 }
WIDE_RESULT sealed=true sizes=[1, 1, 1, 1, 1, 1, 1, 1, 1, 1, 2, 2, 2, 2, 2, 2, 2, 2, 3, 3, 3, 3, 4, 4, 5, 5, 6, 10, 13, 62] bridges=1
