Godot Engine v4.5.1.stable.official.f62fdbde1 - https://godotengine.org

ERROR: Condition "ret != noErr" is true. Returning: ""
   at: get_system_ca_certificates (platform/macos/os_macos.mm:991)
STEPPED_HOUSES [{ "id": &"kit.spatial.feature.landmark.01", "at": (9.75, 3.0, -9.75), "reach": 24.0 }, { "id": &"kit.spatial.parcel.maze.house.008", "at": (-0.75, 12.0, 12.75), "reach": 40.0 }, { "id": &"kit.spatial.parcel.maze.house.009", "at": (12.75, 18.0, -0.75), "reach": 16.0 }, { "id": &"kit.spatial.parcel.maze.house.012", "at": (3.75, 16.5, -8.25), "reach": 24.0 }, { "id": &"kit.spatial.parcel.maze.house.013", "at": (-3.75, 12.0, 0.75), "reach": 16.0 }]
ROOF_AUDIT { "clipped": 383, "removed": 134, "chimneys": { "moved": 0, "omitted": 0, "checked": 4 }, "towers": { "corner_attempts": 59, "corner_join_quadrants": 10, "corner_no_host_join": 10, "corner_reservation_rejected": 14, "corner_reservation_example": "kit.spatial.parcel.maze.house.024 / (9, 2, 1) / base 0", "corner_no_bearing_or_space": 45, "corner_supported": 4, "corner_public_blocked": 4, "attempts": 280, "supported": 6, "host_fit": 6, "corner_bearing_rejected": 31, "corner_bearing_example": "kit.spatial.parcel.maze.house.013 / (-2, 5, -3) / base 6", "public_clear": 2, "neighbor_clear": 1, "accepted": 1 }, "facade_bays": 1, "room_projections": 3, "retaining_relief": 15, "retaining_flight_joints": 9, "retaining_windows": 25, "fortified_windows": 0, "retaining_recesses": 11, "decor_clearance": { &"prop.doorstep": 15, &"window_box": 24 }, "fitted_window_boxes": 77, "joins": 2, "fitted_eaves": 2, "dormers": { "moved": 0, "omitted": 3, "checked": 12 }, "roof_blocked_windows": 142, "roof_fitted_windows": 19 }
WALK_SURFACE covered.access.(3, 6, 2) expected=(-30.0, 0.0, -22.0) floor=(-30.0, 0.05, -22.0)
WALK_SURFACE covered.access.(3, 6, 2) expected=(-22.0, 0.0, -22.0) floor=(-22.0, 0.05, -22.0)
WALK_SURFACE covered.access.(3, 6, 2) expected=(-14.0, 0.0, -22.0) floor=(-14.0, 0.05, -22.0)
WALK_SURFACE covered.access.(3, 6, 2) expected=(-6.0, 0.0, -22.0) floor=(-6.0, 0.05, -22.0)
WALK_SURFACE covered.access.(3, 6, 2) expected=(2.0, 0.0, -22.0) floor=(2.0, 0.05, -22.0)
WALK_SURFACE covered.access.(3, 6, 2) expected=(2.0, 0.0, -14.0) floor=(2.0, 0.05, -14.0)
WALK_SURFACE covered.access.(3, 6, 2) expected=(2.0, 0.0, -6.0) floor=(2.0, 0.05, -6.0)
WALK_SURFACE covered.access.(3, 6, 2) expected=(2.0, 3.0, 18.0) floor=(2.0, 2.73, 18.0)
WALK_SURFACE covered.access.(3, 6, 2) expected=(26.0, 6.0, 18.0) floor=(26.0, 6.05, 18.0)
WALK_SURFACE covered.access.(3, 6, 2) expected=(26.0, 9.0, -6.0) floor=(26.0, 9.05, -6.0)
WALK_SURFACE covered.access.(3, 6, 2) expected=(2.0, 12.0, -6.0) floor=(2.0, 12.05, -6.0)
WALK_SURFACE covered.access.(3, 6, 2) expected=(2.0, 15.0, 18.0) floor=(2.0, 15.05, 18.0)
WALK_SURFACE covered.access.(3, 6, 2) expected=(26.0, 18.0, 18.0) floor=(26.0, 18.05, 18.0)
TOWN_ROUTE_WALK covered.access.(3, 6, 2) reverse=false passed=true end=(25.82446, 18.05026, 17.99909)
TOWN_ROUTE_WALK covered.access.(3, 6, 2) reverse=true passed=true end=(-29.74356, 0.050889, -22.0)
