Godot Engine v4.5.1.stable.official.f62fdbde1 - https://godotengine.org

ERROR: Condition "ret != noErr" is true. Returning: ""
   at: get_system_ca_certificates (platform/macos/os_macos.mm:991)
STEPPED_HOUSES [{ "id": &"kit.spatial.feature.landmark.00", "at": (0.75, 3.0, 15.75), "reach": 24.0 }, { "id": &"kit.spatial.parcel.maze.house.000", "at": (6.75, 10.5, -12.75), "reach": 24.0 }, { "id": &"kit.spatial.parcel.maze.house.004", "at": (8.25, 12.0, 0.75), "reach": 16.0 }, { "id": &"kit.spatial.parcel.maze.house.023", "at": (9.75, 3.0, -20.25), "reach": 24.0 }, { "id": &"kit.spatial.parcel.maze.house.024", "at": (18.75, 3.0, -20.25), "reach": 8.0 }, { "id": &"kit.spatial.parcel.maze.house.041", "at": (9.75, 6.0, 26.25), "reach": 16.0 }, { "id": &"kit.spatial.parcel.maze.house.059", "at": (-8.25, 9.0, 18.75), "reach": 8.0 }]
ROOF_AUDIT { "clipped": 584, "removed": 188, "chimneys": { "moved": 0, "omitted": 0, "checked": 4 }, "towers": { "corner_attempts": 70, "corner_bearing_rejected": 21, "corner_bearing_example": "kit.spatial.parcel.maze.house.030 / (-13, 3, 3) / base 4", "corner_no_bearing_or_space": 50, "corner_supported": 9, "corbel_corner_accepted": 2, "corner_accepted": 2, "attempts": 140, "corner_reservation_rejected": 25, "corner_reservation_example": "kit.spatial.parcel.maze.house.055 / (15, 2, -20) / base 0", "corner_join_quadrants": 11, "corner_quadrant_counts": { 4: 2, 2: 9 }, "corner_quadrant_examples": [{ "host": &"kit.spatial.parcel.maze.house.023", "corner": (9, -12), "base": 0, "top": 4, "band": 0, "occupied": [(-1, -1), (-1, 0), (0, -1), (0, 0)] }, { "host": &"kit.spatial.parcel.maze.house.023", "corner": (7, -14), "base": 0, "top": 4, "band": 0, "occupied": [(-1, -1), (-1, 0), (0, -1), (0, 0)] }, { "host": &"kit.spatial.parcel.maze.house.023", "corner": (9, -10), "base": 0, "top": 4, "band": 0, "occupied": [(-1, -1), (0, -1)] }, { "host": &"kit.spatial.parcel.maze.house.030", "corner": (-10, 6), "base": 4, "top": 10, "band": 4, "occupied": [(-1, -1), (-1, 0)] }, { "host": &"kit.spatial.parcel.maze.house.041", "corner": (8, 16), "base": 0, "top": 4, "band": 2, "occupied": [(-1, 0), (0, 0)] }, { "host": &"kit.spatial.parcel.maze.house.041", "corner": (8, 18), "base": 0, "top": 4, "band": 0, "occupied": [(-1, -1), (-1, 0)] }, { "host": &"kit.spatial.parcel.maze.house.041", "corner": (6, 18), "base": 0, "top": 4, "band": 0, "occupied": [(0, -1), (0, 0)] }, { "host": &"kit.spatial.parcel.maze.house.041", "corner": (6, 18), "base": 0, "top": 8, "band": 0, "occupied": [(0, -1), (0, 0)] }, { "host": &"kit.spatial.parcel.maze.house.041", "corner": (8, 18), "base": 0, "top": 8, "band": 0, "occupied": [(-1, -1), (-1, 0)] }, { "host": &"kit.spatial.parcel.maze.house.053", "corner": (18, -16), "base": 0, "top": 4, "band": 2, "occupied": [(-1, -1), (-1, 0)] }, { "host": &"kit.spatial.parcel.maze.house.053", "corner": (16, -16), "base": 0, "top": 4, "band": 2, "occupied": [(0, -1), (0, 0)] }], "corner_no_host_join": 11, "corner_public_blocked": 6, "corner_asset_blocked": 1, "supported": 3, "host_fit": 3, "accepted": 2 }, "facade_bays": 1, "room_projections": 2, "retaining_relief": 9, "retaining_flight_joints": 4, "retaining_windows": 19, "fortified_windows": 42, "retaining_recesses": 44, "decor_clearance": { &"fort.block": 170, &"prop.doorstep": 36, &"window_box": 37 }, "fitted_window_boxes": 28, "joins": 10, "parallel_joins": 0, "fitted_eaves": 3, "dormers": { "moved": 0, "omitted": 0, "checked": 1 }, "seated_balcony_brackets": 0, "roof_blocked_windows": 147, "roof_fitted_windows": 31 }
WALK_SURFACE court.plaza.00 expected=(42.0, 0.0, 2.0) floor=(42.0, 0.05, 2.0)
WALK_SURFACE court.plaza.00 expected=(34.0, 0.0, 2.0) floor=(34.0, 0.05, 2.0)
WALK_SURFACE court.plaza.00 expected=(26.0, 0.0, 2.0) floor=(26.0, 0.05, 2.0)
WALK_SURFACE court.plaza.00 expected=(18.0, 0.0, 2.0) floor=(18.0, 0.05, 2.0)
WALK_SURFACE court.plaza.00 expected=(10.0, 0.0, 2.0) floor=(10.0, 0.05, 2.0)
WALK_SURFACE court.plaza.00 expected=(2.0, 0.0, 2.0) floor=(2.0, 0.05, 2.0)
WALK_SURFACE court.plaza.00 expected=(2.0, 0.0, 10.0) floor=(2.0, 0.0, 9.999999)
WALK_SURFACE court.plaza.00 expected=(2.0, 3.0, 26.0) floor=(2.0, 2.73, 26.0)
WALK_SURFACE court.plaza.00 expected=(18.0, 6.0, 26.0) floor=(18.0, 6.05, 26.0)
WALK_SURFACE court.plaza.00 expected=(18.0, 6.0, 18.0) floor=(18.0, 6.05, 18.0)
WALK_SURFACE court.plaza.00 expected=(34.0, 9.0, 18.0) floor=(34.0, 9.05, 18.0)
WALK_SURFACE court.plaza.00 expected=(34.0, 9.0, 10.0) floor=(34.0, 9.05, 10.0)
WALK_SURFACE court.plaza.00 expected=(10.0, 12.0, 10.0) floor=(10.0, 12.05, 10.0)
WALK_SURFACE court.plaza.00 expected=(2.0, 12.0, 10.0) floor=(2.0, 12.05, 10.0)
WALK_SURFACE court.plaza.00 expected=(2.0, 12.0, 2.0) floor=(2.0, 12.05, 2.0)
WALK_SURFACE court.plaza.00 expected=(2.0, 12.0, -6.0) floor=(2.0, 12.05, -6.0)
WALK_SURFACE court.plaza.00 expected=(8.0, 12.0, -8.0) floor=(8.0, 12.05, -8.0)
WALK_SURFACE court.plaza.00 expected=(8.0, 12.0, -12.0) floor=(8.0, 12.05, -12.0)
WALK_SURFACE court.plaza.00 expected=(8.0, 12.0, -16.0) floor=(8.0, 12.05, -16.0)
WALK_SURFACE court.plaza.00 expected=(8.0, 12.0, -20.0) floor=(8.0, 12.05, -20.0)
WALK_SURFACE court.plaza.00 expected=(8.0, 12.0, -24.0) floor=(8.0, 12.05, -24.0)
WALK_SURFACE court.plaza.00 expected=(12.0, 12.0, -24.0) floor=(12.0, 12.05, -24.0)
WALK_SURFACE court.plaza.00 expected=(16.0, 12.0, -24.0) floor=(16.0, 12.05, -24.0)
WALK_SURFACE court.plaza.00 expected=(16.0, 12.0, -20.0) floor=(16.0, 12.05, -20.0)
WALK_SURFACE court.plaza.00 expected=(20.0, 12.0, -20.0) floor=(20.0, 12.05, -20.0)
WALK_SURFACE court.plaza.00 expected=(20.0, 12.0, -24.0) floor=(20.0, 12.05, -24.0)
WALK_SURFACE court.plaza.00 expected=(24.0, 12.0, -24.0) floor=(24.0, 12.05, -24.0)
WALK_SURFACE court.plaza.00 expected=(24.0, 12.0, -20.0) floor=(24.0, 12.05, -20.0)
WALK_SURFACE court.plaza.00 expected=(28.0, 12.0, -20.0) floor=(28.0, 12.05, -20.0)
WALK_SURFACE court.plaza.00 expected=(28.0, 12.0, -24.0) floor=(28.0, 12.05, -24.0)
WALK_SURFACE court.plaza.00 expected=(28.0, 12.0, -20.0) floor=(28.0, 12.05, -20.0)
WALK_SURFACE court.plaza.00 expected=(28.0, 12.0, -16.0) floor=(28.0, 12.05, -16.0)
WALK_SURFACE court.plaza.00 expected=(28.0, 12.0, -12.0) floor=(28.0, 12.05, -12.0)
WALK_SURFACE court.plaza.00 expected=(28.0, 12.0, -8.0) floor=(28.0, 12.05, -8.0)
WALK_SURFACE court.plaza.00 expected=(28.0, 12.0, -4.0) floor=(28.0, 12.05, -4.0)
WALK_SURFACE court.plaza.00 expected=(24.0, 12.0, -4.0) floor=(24.0, 12.05, -4.0)
WALK_SURFACE court.plaza.00 expected=(20.0, 12.0, -4.0) floor=(20.0, 12.05, -4.0)
WALK_SURFACE court.plaza.00 expected=(16.0, 12.0, -4.0) floor=(16.0, 12.05, -4.0)
WALK_SURFACE court.plaza.00 expected=(12.0, 12.0, -4.0) floor=(12.0, 12.05, -4.0)
WALK_SURFACE court.plaza.00 expected=(8.0, 12.0, -4.0) floor=(8.0, 12.05, -4.0)
WALK_SURFACE court.plaza.00 expected=(12.0, 12.0, -4.0) floor=(12.0, 12.05, -4.0)
WALK_SURFACE court.plaza.00 expected=(16.0, 12.0, -4.0) floor=(16.0, 12.05, -4.0)
WALK_SURFACE court.plaza.00 expected=(16.0, 12.0, -8.0) floor=(16.0, 12.05, -8.0)
WALK_SURFACE court.plaza.00 expected=(20.0, 12.0, -8.0) floor=(20.0, 12.05, -8.0)
TOWN_ROUTE_WALK court.plaza.00 reverse=false passed=true end=(19.81793, 12.05081, -7.995251)
TOWN_ROUTE_WALK court.plaza.00 reverse=true passed=true end=(41.73642, 0.05042, 2.0)
WALK_SURFACE court.deck.00 expected=(42.0, 0.0, 2.0) floor=(42.0, 0.05, 2.0)
WALK_SURFACE court.deck.00 expected=(34.0, 0.0, 2.0) floor=(34.0, 0.05, 2.0)
WALK_SURFACE court.deck.00 expected=(26.0, 0.0, 2.0) floor=(26.0, 0.05, 2.0)
WALK_SURFACE court.deck.00 expected=(18.0, 0.0, 2.0) floor=(18.0, 0.05, 2.0)
WALK_SURFACE court.deck.00 expected=(10.0, 0.0, 2.0) floor=(10.0, 0.05, 2.0)
WALK_SURFACE court.deck.00 expected=(2.0, 0.0, 2.0) floor=(2.0, 0.05, 2.0)
WALK_SURFACE court.deck.00 expected=(-14.0, 3.0, 2.0) floor=(-14.0, 3.05, 2.0)
WALK_SURFACE court.deck.00 expected=(-14.0, 6.0, 18.0) floor=(-14.0, 6.05, 18.0)
WALK_SURFACE court.deck.00 expected=(-30.0, 9.0, 18.0) floor=(-30.0, 9.05, 18.0)
WALK_SURFACE court.deck.00 expected=(-30.0, 12.0, -6.0) floor=(-30.0, 12.05, -6.0)
WALK_SURFACE court.deck.00 expected=(-38.0, 12.0, -6.0) floor=(-38.0, 12.05, -6.0)
WALK_SURFACE court.deck.00 expected=(-46.0, 12.0, -6.0) floor=(-46.0, 12.05, -6.0)
WALK_SURFACE court.deck.00 expected=(-46.0, 12.0, 2.0) floor=(-46.0, 12.05, 2.0)
WALK_SURFACE court.deck.00 expected=(-46.0, 12.0, 10.0) floor=(-46.0, 12.05, 10.0)
WALK_SURFACE court.deck.00 expected=(-38.0, 12.0, 10.0) floor=(-38.0, 12.05, 10.0)
WALK_SURFACE court.deck.00 expected=(-38.0, 12.0, 18.0) floor=(-38.0, 12.05, 18.0)
WALK_SURFACE court.deck.00 expected=(-38.0, 12.0, 26.0) floor=(-38.0, 12.05, 26.0)
WALK_SURFACE court.deck.00 expected=(-30.0, 12.0, 26.0) floor=(-30.0, 12.05, 26.0)
WALK_SURFACE court.deck.00 expected=(-32.0, 12.0, 32.0) floor=(-32.0, 12.05, 32.0)
WALK_SURFACE court.deck.00 expected=(-32.0, 12.0, 36.0) floor=(-32.0, 12.05, 36.0)
WALK_SURFACE court.deck.00 expected=(-32.0, 12.0, 40.0) floor=(-32.0, 12.05, 40.0)
WALK_SURFACE court.deck.00 expected=(-32.0, 12.0, 44.0) floor=(-32.0, 12.05, 44.0)
WALK_SURFACE court.deck.00 expected=(-28.0, 12.0, 44.0) floor=(-28.0, 12.05, 44.0)
WALK_SURFACE court.deck.00 expected=(-28.0, 12.0, 40.0) floor=(-28.0, 12.05, 40.0)
WALK_SURFACE court.deck.00 expected=(-28.0, 12.0, 36.0) floor=(-28.0, 12.05, 36.0)
WALK_SURFACE court.deck.00 expected=(-28.0, 12.0, 32.0) floor=(-28.0, 12.05, 32.0)
WALK_SURFACE court.deck.00 expected=(-24.0, 12.0, 32.0) floor=(-24.0, 12.05, 32.0)
WALK_SURFACE court.deck.00 expected=(-24.0, 12.0, 36.0) floor=(-24.0, 12.05, 36.0)
WALK_SURFACE court.deck.00 expected=(-24.0, 12.0, 40.0) floor=(-24.0, 12.05, 40.0)
WALK_SURFACE court.deck.00 expected=(-24.0, 12.0, 44.0) floor=(-24.0, 12.05, 44.0)
WALK_SURFACE court.deck.00 expected=(-20.0, 12.0, 44.0) floor=(-20.0, 12.05, 44.0)
WALK_SURFACE court.deck.00 expected=(-20.0, 12.0, 40.0) floor=(-20.0, 12.05, 40.0)
WALK_SURFACE court.deck.00 expected=(-20.0, 12.0, 36.0) floor=(-20.0, 12.05, 36.0)
WALK_SURFACE court.deck.00 expected=(-20.0, 12.0, 32.0) floor=(-20.0, 12.05, 32.0)
TOWN_ROUTE_WALK court.deck.00 reverse=false passed=true end=(-19.99984, 12.05077, 32.29033)
TOWN_ROUTE_WALK court.deck.00 reverse=true passed=true end=(41.7021, 0.050175, 2.0)
