Godot Engine v4.5.1.stable.official.f62fdbde1 - https://godotengine.org

ERROR: Condition "ret != noErr" is true. Returning: ""
   at: get_system_ca_certificates (platform/macos/os_macos.mm:991)
---  GUT  ---
[1m[INFO]:  [0musing [/Users/ryko/Library/Application Support/Godot/app_userdata/Story] for temporary output.
Godot version:  4.5.1
GUT version:  9.5.0
[4m

res://tests/test_interior_court_route.gd
[0m* test_raised_square_is_inside_the_cluster_and_has_a_level_address
COURT_SEARCH 30049 {  }
[31m    [Failed]:  [0m[2] expected to be >= than [3]:  Both dimensions must leave gathering space
      at line 23
[31m    [Failed]:  [0m[8] expected to be >= than [9]:  A real internal square has room beyond a narrow passage pocket
      at line 24
* test_square_admission_survives_as_three_finished_room_frontages
[31m    [Failed]:  [0m[0] expected to be >= than [3]:  A broad interior square must keep the house frontages used to admit it
      at line 42
* test_changed_route_keeps_exact_building_foundations
[1m1/3 passed.
[0m[4m

res://tests/test_district_tower_frontage.gd
[0m* test_district_access_preserves_a_real_tower_house_address
* test_infeasible_district_does_not_mutate_existing_routes
* test_tower_house_keeps_an_inhabited_district_edge
* test_reserved_tower_house_survives_finished_fabric
[1m4/4 passed.
[0m



[33m==============================================
[0m[33m= Run Summary
[0m[33m==============================================
[0m[4m
res://tests/test_interior_court_route.gd
[0m- test_raised_square_is_inside_the_cluster_and_has_a_level_address
[31m    [Failed]:  [0m[2] expected to be >= than [3]:  Both dimensions must leave gathering space
          at line 23
[31m    [Failed]:  [0m[8] expected to be >= than [9]:  A real internal square has room beyond a narrow passage pocket
          at line 24
- test_square_admission_survives_as_three_finished_room_frontages
[31m    [Failed]:  [0m[0] expected to be >= than [3]:  A broad interior square must keep the house frontages used to admit it
          at line 42

Totals
------
Scripts               2
Tests                 7
Passing Tests         5
Failing Tests         2
Asserts           58/61
Time              245.349s


[31m---- 2 failing tests ----
[0m
