Godot Engine v4.5.1.stable.official.f62fdbde1 - https://godotengine.org

ERROR: Condition "ret != noErr" is true. Returning: ""
   at: get_system_ca_certificates (platform/macos/os_macos.mm:991)
---  GUT  ---
[1m[INFO]:  [0musing [/Users/ryko/Library/Application Support/Godot/app_userdata/Story] for temporary output.
Godot version:  4.5.1
GUT version:  9.5.0
[4m

res://tests/test_roof_crown_repacking.gd
[0m* test_offset_wing_reclaims_its_own_second_crown_row
[31m    [Failed]:  [0m[1] expected to equal [0]:  An offset wing must borrow its own crown row from the long range's packing
      at line 11
[1m0/1 passed.
[0m



[33m==============================================
[0m[33m= Run Summary
[0m[33m==============================================
[0m[4m
res://tests/test_roof_crown_repacking.gd
[0m- test_offset_wing_reclaims_its_own_second_crown_row
[31m    [Failed]:  [0m[1] expected to equal [0]:  An offset wing must borrow its own crown row from the long range's packing
          at line 11

Totals
------
Scripts               1
Tests                 1
Passing Tests      none
Failing Tests         1
Asserts           49/50
Time              0.375s


[31m---- 1 failing tests ----
[0m
