Godot Engine v4.5.1.stable.official.f62fdbde1 - https://godotengine.org

ERROR: Condition "ret != noErr" is true. Returning: ""
   at: get_system_ca_certificates (platform/macos/os_macos.mm:991)
---  GUT  ---
[1m[INFO]:  [0musing [/Users/ryko/Library/Application Support/Godot/app_userdata/Story] for temporary output.
Godot version:  4.5.1
GUT version:  9.5.0
[4m

res://tests/test_broad_court_frontages.gd
[0m* test_broad_supported_court_uses_available_room_frontages
[31m    [Failed]:  [0m[2] expected to be >= than [3]:  Use the available broad court, not a 2x2 pocket
      at line 13
[1m0/1 passed.
[0m



[33m==============================================
[0m[33m= Run Summary
[0m[33m==============================================
[0m[4m
res://tests/test_broad_court_frontages.gd
[0m- test_broad_supported_court_uses_available_room_frontages
[31m    [Failed]:  [0m[2] expected to be >= than [3]:  Use the available broad court, not a 2x2 pocket
          at line 13

Totals
------
Scripts               1
Tests                 1
Passing Tests      none
Failing Tests         1
Asserts             2/3
Time              2.847s


[31m---- 1 failing tests ----
[0m
