Godot Engine v4.5.1.stable.official.f62fdbde1 - https://godotengine.org

ERROR: Condition "ret != noErr" is true. Returning: ""
   at: get_system_ca_certificates (platform/macos/os_macos.mm:991)
---  GUT  ---
[1m[INFO]:  [0musing [/Users/ryko/Library/Application Support/Godot/app_userdata/Story] for temporary output.
Godot version:  4.5.1
GUT version:  9.5.0
[4m

res://tests/test_skywalk_hood_clearance.gd
[0m* test_finished_skywalk_landings_have_no_wall_canopy_obstruction
[31m    [Failed]:  [0mARRAY([&"kit.spatial.parcel.maze.house.wall-room.000/k0019"]) != ARRAY([]).
    [&"kit.spatial.parcel.maze.house.wall-ro...00/k0019"] != []  1 of 1 indexes do not match.  Keep complete canopy runs out of late skywalks: [&"kit.spatial.parcel.maze.house.wall-room.000/k0019"]
      at line 36
[1m0/1 passed.
[0m



[33m==============================================
[0m[33m= Run Summary
[0m[33m==============================================
[0m[4m
res://tests/test_skywalk_hood_clearance.gd
[0m- test_finished_skywalk_landings_have_no_wall_canopy_obstruction
[31m    [Failed]:  [0mARRAY([&"kit.spatial.parcel.maze.house.wall-room.000/k0019"]) != ARRAY([]).
    [&"kit.spatial.parcel.maze.house.wall-ro...00/k0019"] != []  1 of 1 indexes do not match.  Keep complete canopy runs out of late skywalks: [&"kit.spatial.parcel.maze.house.wall-room.000/k0019"]
          at line 36

Totals
------
Scripts               1
Tests                 1
Passing Tests      none
Failing Tests         1
Asserts             2/3
Time              59.277s


[31m---- 1 failing tests ----
[0m
