Godot Engine v4.5.1.stable.official.f62fdbde1 - https://godotengine.org

ERROR: Condition "ret != noErr" is true. Returning: ""
   at: get_system_ca_certificates (platform/macos/os_macos.mm:991)
---  GUT  ---
[1m[INFO]:  [0musing [/Users/ryko/Library/Application Support/Godot/app_userdata/Story] for temporary output.
Godot version:  4.5.1
GUT version:  9.5.0
[4m

res://tests/test_narrow_skyline_peak_height.gd
[0m* test_optional_narrow_peaks_do_not_roll_five_storey_shafts
[31m    [Failed]:  [0m[12] expected to be <= than [10]:  A narrow optional peak uses at most four room storeys plus roof reservation
      at line 12
[31m    [Failed]:  [0m[12] expected to be <= than [10]:  A narrow optional peak uses at most four room storeys plus roof reservation
      at line 12
[31m    [Failed]:  [0m[12] expected to be <= than [10]:  A narrow optional peak uses at most four room storeys plus roof reservation
      at line 12
* test_required_upper_floor_overrides_optional_peak_body_budget
[1m1/2 passed.
[0m



[33m==============================================
[0m[33m= Run Summary
[0m[33m==============================================
[0m[4m
res://tests/test_narrow_skyline_peak_height.gd
[0m- test_optional_narrow_peaks_do_not_roll_five_storey_shafts
[31m    [Failed]:  [0m[12] expected to be <= than [10]:  A narrow optional peak uses at most four room storeys plus roof reservation
          at line 12
[31m    [Failed]:  [0m[12] expected to be <= than [10]:  A narrow optional peak uses at most four room storeys plus roof reservation
          at line 12
[31m    [Failed]:  [0m[12] expected to be <= than [10]:  A narrow optional peak uses at most four room storeys plus roof reservation
          at line 12

Totals
------
Scripts               1
Tests                 2
Passing Tests         1
Failing Tests         1
Asserts            7/10
Time              5.34s


[31m---- 1 failing tests ----
[0m
