Godot Engine v4.5.1.stable.official.f62fdbde1 - https://godotengine.org

---  GUT  ---
[INFO]:  using [/Users/ryko/Library/Application Support/Godot/app_userdata/Story] for temporary output.
Godot version:  4.5.1
GUT version:  9.5.0


res://tests/test_town_layout_field.gd
* test_towns_share_a_continuously_varied_mass_field
* test_reclaimed_courts_join_only_real_walk_landings
* test_new_room_projection_reserves_its_bracket_below_the_floor
    [Failed]
      at line 27
2/3 passed.




==============================================
= Run Summary
==============================================

res://tests/test_town_layout_field.gd
- test_new_room_projection_reserves_its_bracket_below_the_floor
    [Failed]:
          at line 27

Totals
------
Scripts               1
Tests                 3
Passing Tests         2
Failing Tests         1
Asserts           74/75
Time              1.941s


---- 1 failing tests ----
