Godot Engine v4.5.1.stable.official.f62fdbde1 - https://godotengine.org

ERROR: Condition "ret != noErr" is true. Returning: ""
   at: get_system_ca_certificates (platform/macos/os_macos.mm:991)
---  GUT  ---
[INFO]:  using [/Users/ryko/Library/Application Support/Godot/app_userdata/Story] for temporary output.
Godot version:  4.5.1
GUT version:  9.5.0


res://tests/test_warren_maze_carver.gd
* test_bridge_exterior_depth_is_derived_from_the_massif_boundary
* test_each_scale_builds_one_connected_building_fronted_maze
* test_the_spine_climbs_with_momentum_and_descends_past_the_summit
MAZE_SPINE compact seed=17 cells=16 changes=5 per10=3.12 summit=12/16 climb=3 descent_bands=1 descent_cells=3 radius 2.24 -> 2.00
MAZE_SPINE_REACH compact reach=2.00
MAZE_SPINE standard seed=29 cells=24 changes=6 per10=2.50 summit=17/24 climb=5 descent_bands=2 descent_cells=6 radius 2.00 -> 3.16
MAZE_SPINE_REACH standard reach=3.61
MAZE_SPINE large seed=43 cells=27 changes=8 per10=2.96 summit=22/27 climb=6 descent_bands=1 descent_cells=4 radius 2.83 -> 0.00
MAZE_SPINE_REACH large reach=2.24
MAZE_SPINE grand seed=71 cells=37 changes=9 per10=2.43 summit=27/37 climb=7 descent_bands=3 descent_cells=9 radius 3.00 -> 6.00
MAZE_SPINE_REACH grand reach=6.00
MAZE_SPINE mean_per10=2.76 mean_outward_gain=0.94 over 4 profiles
    [Failed]:  [0.94428104162216] expected to be >= than [1.0]:  the descent must head for the far rim: mean outward gain 0.94 cells over 4 profiles
      at line 407
* test_production_seed_corpus_seals_without_attempt_search
* test_same_inputs_and_dictionary_reordering_keep_the_same_maze
    [Failed]:  ["standard/r6/core-floor10/target13-17/route14-22/span5-8/lanes7:28/rooms12-35/residual6:2/sky2-5/bal1-3/cant0-0/land7-8/over0.330/court0/market0|form:ridge|summit:0,5,2|p:-5,0,-6:alley|p:-4,0,-6:alley|p:-4,0,-5:alley|p:1,0,-4:spine|p:2,0,-4:market|p:1,0,-3:spine|p:2,0,-3:market|p:3,0,-3:alley|p:4,0,-3:alley|p:5,0,-3:alley|p:1,0,-2:spine|p:1,0,-1:spine|p:0,0,0:spine|p:1,0,0:spine|p:1,0,1:alley|p:2,0,1:alley|p:3,0,1:alley|p:1,0,2:alley|p:3,0,2:alley|p:3,0,3:alley|p:-4,0,4:alley|p:-3,0,4:alley|p:-2,0,4:alley|p:-1,0,4:alley|p:3,0,4:alley|p:-4,0,5:alley|p:-2,0,5:alley|p:-4,0,6:alley|p:-4,0,7:alley|p:-4,1,-4:alley|p:-5,1,-3:alley|p:-4,1,-3:alley|p:-5,1,-2:alley|p:-2,1,-1:spine|p:-3,1,0:alley|p:-2,1,0:spine|p:-1,1,0:spine|p:1,1,3:alley|p:0,1,4:alley|p:1,1,4:alley|p:-2,2,-3:spine|p:-1,2,-3:spine|p:-2,2,-2:spine|p:-5,2,-1:alley|p:-5,2,0:alley|p:-4,2,0:alley|p:0,3,-3:spine|p:0,3,-2:spine|p:3,3,-1:spine|p:3,3,0:spine|p:0,4,-1:spine|p:0,4,0:spine|p:0,4,1:spine|p:3,4,1:spine|p:2,4,2:spine|p:3,4,2:spine|p:0,5,2:spine|p:1,5,2:spine|m:1,0,-4|m:1,0,-3|m:1,0,-2|m:1,0,-1|ms:1,0,-4|ms:2,0,-4|ms:1,0,-3|ms:2,0,-3|stamp:market_square:[(1, 0, -4), (2, 0, -4), (1, 0, -3), (2, 0, -3)]|r:1,0,-4|r:1,0,-3|r:1,0,-2|r:1,0,-1|r:1,0,0|r:0,0,0|r:-1,1,0|r:-2,1,0|r:-2,1,-1|r:-2,2,-2|r:-2,2,-3|r:-1,2,-3|r:0,3,-3|r:0,3,-2|r:0,4,-1|r:0,4,0|r:0,4,1|r:0,5,2|r:1,5,2|r:2,4,2|r:3,4,2|r:3,4,1|r:3,3,0|r:3,3,-1|rt:(1, 0, -4)>(1, 0, -3):0|rt:(1, 0, -3)>(1, 0, -2):0|rt:(1, 0, -2)>(1, 0, -1):0|rt:(1, 0, -1)>(1, 0, 0):0|rt:(1, 0, 0)>(-2, 1, 0):1|rt:(-2, 1, 0)>(-2, 2, -3):1|rt:(-2, 2, -3)>(0, 3, -3):2|rt:(0, 3, -3)>(0, 4, 0):1|rt:(0, 4, 0)>(0, 5, 2):2|rt:(0, 5, 2)>(3, 4, 2):1|rt:(3, 4, 2)>(3, 3, -1):1|l0@(1, 0, -4)|lc:2,0,-4|lc:2,0,-3|lt:(1, 0, -4)>(2, 0, -4):0|lt:(2, 0, -4)>(2, 0, -3):0|l1@(1, 0, 0)|lc:1,0,1|lc:1,0,2|lc:1,1,3|lc:1,1,4|lc:0,1,4|lc:-1,0,4|lc:-2,0,4|lc:-2,0,5|lt:(1, 0, 0)>(1, 0, 1):0|lt:(1, 0, 1)>(1, 1, 4):1|lt:(1, 1, 4)>(-2, 0, 4):1|lt:(-2, 0, 4)>(-2, 0, 5):0|l2@(-2, 0, 4)|lc:-3,0,4|lc:-4,0,4|lc:-4,0,5|lc:-4,0,6|lt:(-2, 0, 4)>(-3, 0, 4):0|lt:(-3, 0, 4)>(-4, 0, 4):0|lt:(-4, 0, 4)>(-4, 0, 5):0|lt:(-4, 0, 5)>(-4, 0, 6):0|l3@(-4, 0, 6)|lc:-4,0,7|lt:(-4, 0, 6)>(-4, 0, 7):0|l4@(1, 0, 1)|lc:2,0,1|lt:(1, 0, 1)>(2, 0, 1):0|l5@(-2, 1, 0)|lc:-3,1,0|lc:-4,2,0|lc:-5,2,0|lc:-5,2,-1|lc:-5,1,-2|lc:-5,1,-3|lc:-4,1,-3|lc:-4,1,-4|lt:(-2, 1, 0)>(-5, 2, 0):1|lt:(-5, 2, 0)>(-5, 1, -3):1|lt:(-5, 1, -3)>(-4, 1, -3):0|lt:(-4, 1, -3)>(-4, 1, -4):0|l6@(-4, 1, -4)|lc:-4,0,-5|lc:-4,0,-6|lc:-5,0,-6|lt:(-4, 1, -4)>(-4, 0, -6):2|lt:(-4, 0, -6)>(-5, 0, -6):0|l7@(2, 0, 1)|lc:3,0,1|lc:3,0,2|lc:3,0,3|lc:3,0,4|lt:(2, 0, 1)>(3, 0, 1):0|lt:(3, 0, 1)>(3, 0, 2):0|lt:(3, 0, 2)>(3, 0, 3):0|lt:(3, 0, 3)>(3, 0, 4):0|l8@(2, 0, -3)|lc:3,0,-3|lc:4,0,-3|lc:5,0,-3|lt:(2, 0, -3)>(3, 0, -3):0|lt:(3, 0, -3)>(4, 0, -3):0|lt:(4, 0, -3)>(5, 0, -3):0|loop:(2, 0, -3)>(1, 0, -3):0|b:0:-5,1,-2|b:1:-4,1,-4|b:2:-5,2,-1|b:3:3,3,-1|b:4:3,4,1|be:0:0:-6,-2|be:0:1:-4,-2|be:1:0:-5,-4|be:1:1:-3,-4|be:2:0:-6,-1|be:2:1:-4,-1|be:3:0:2,-1|be:3:1:4,-1|be:4:0:2,1|be:4:1:4,1|a:-5,0,-6|a:-4,0,-6|a:-4,0,-5|a:1,0,-4|a:2,0,-4|a:1,0,-3|a:2,0,-3|a:3,0,-3|a:4,0,-3|a:5,0,-3|a:1,0,-2|a:1,0,-1|a:0,0,0|a:1,0,0|a:1,0,1|a:2,0,1|a:3,0,1|a:1,0,2|a:3,0,2|a:3,0,3|a:-4,0,4|a:-3,0,4|a:-2,0,4|a:-1,0,4|a:3,0,4|a:-4,0,5|a:-2,0,5|a:-4,0,6|a:-4,0,7|a:-5,1,-6|a:-4,1,-6|a:-4,1,-5|a:-4,1,-4|a:1,1,-4|a:2,1,-4|a:-5,1,-3|a:-4,1,-3|a:1,1,-3|a:2,1,-3|a:3,1,-3|a:4,1,-3|a:5,1,-3|a:-5,1,-2|a:1,1,-2|a:-2,1,-1|a:1,1,-1|a:-3,1,0|a:-2,1,0|a:-1,1,0|a:0,1,0|a:1,1,0|a:1,1,1|a:2,1,1|a:3,1,1|a:1,1,2|a:3,1,2|a:1,1,3|a:3,1,3|a:-4,1,4|a:-3,1,4|a:-2,1,4|a:-1,1,4|a:0,1,4|a:1,1,4|a:3,1,4|a:-4,1,5|a:-2,1,5|a:-4,1,6|a:-4,1,7|a:-5,2,-6|a:-4,2,-6|a:-4,2,-5|a:-4,2,-4|a:1,2,-4|a:2,2,-4|a:-5,2,-3|a:-4,2,-3|a:-2,2,-3|a:-1,2,-3|a:1,2,-3|a:2,2,-3|a:3,2,-3|a:4,2,-3|a:5,2,-3|a:-5,2,-2|a:-2,2,-2|a:1,2,-2|a:-5,2,-1|a:-2,2,-1|a:1,2,-1|a:-5,2,0|a:-4,2,0|a:-3,2,0|a:-2,2,0|a:-1,2,0|a:0,2,0|a:1,2,0|a:1,2,1|a:2,2,1|a:3,2,1|a:1,2,2|a:3,2,2|a:1,2,3|a:3,2,3|a:-4,2,4|a:-3,2,4|a:-2,2,4|a:-1,2,4|a:0,2,4|a:1,2,4|a:3,2,4|a:-4,2,5|a:-2,2,5|a:-4,2,6|a:-4,2,7|a:-5,3,-6|a:-4,3,-6|a:-4,3,-5|a:-4,3,-4|a:-5,3,-3|a:-4,3,-3|a:-2,3,-3|a:-1,3,-3|a:0,3,-3|a:3,3,-3|a:4,3,-3|a:-5,3,-2|a:-2,3,-2|a:0,3,-2|a:-5,3,-1|a:-2,3,-1|a:3,3,-1|a:-5,3,0|a:-4,3,0|a:-3,3,0|a:-2,3,0|a:-1,3,0|a:0,3,0|a:3,3,0|a:3,3,1|a:1,3,2|a:3,3,2|a:1,3,3|a:3,3,3|a:-3,3,4|a:-2,3,4|a:-1,3,4|a:0,3,4|a:1,3,4|a:-2,3,5|a:-4,4,-4|a:-5,4,-3|a:-4,4,-3|a:-2,4,-3|a:-1,4,-3|a:0,4,-3|a:3,4,-3|a:4,4,-3|a:-5,4,-2|a:-2,4,-2|a:0,4,-2|a:-5,4,-1|a:-2,4,-1|a:0,4,-1|a:3,4,-1|a:-5,4,0|a:-4,4,0|a:-3,4,0|a:-2,4,0|a:0,4,0|a:3,4,0|a:0,4,1|a:3,4,1|a:1,4,2|a:2,4,2|a:3,4,2|a:3,4,3|a:-3,4,4|a:-2,4,4|a:-1,4,4|a:0,4,4|a:1,4,4|a:-5,5,-3|a:-4,5,-3|a:-2,5,-3|a:-1,5,-3|a:0,5,-3|a:3,5,-3|a:4,5,-3|a:-2,5,-2|a:0,5,-2|a:-5,5,-1|a:-2,5,-1|a:0,5,-1|a:3,5,-1|a:-5,5,0|a:-4,5,0|a:-3,5,0|a:-2,5,0|a:0,5,0|a:3,5,0|a:0,5,1|a:3,5,1|a:0,5,2|a:1,5,2|a:2,5,2|a:3,5,2|a:3,5,3|a:-3,5,4|a:-2,5,4|a:-1,5,4|a:0,5,4|a:1,5,4|a:-4,6,-3|a:-2,6,-3|a:-1,6,-3|a:0,6,-3|a:-2,6,-2|a:0,6,-2|a:-2,6,-1|a:0,6,-1|a:3,6,-1|a:-5,6,0|a:-4,6,0|a:-3,6,0|a:-2,6,0|a:0,6,0|a:3,6,0|a:0,6,1|a:3,6,1|a:0,6,2|a:1,6,2|a:2,6,2|a:3,6,2|a:-4,7,-3|a:-2,7,-3|a:-1,7,-3|a:0,7,-3|a:-2,7,-2|a:0,7,-2|a:-2,7,-1|a:-5,7,0|a:-4,7,0|a:-3,7,0|a:-2,7,0|a:0,7,0|a:3,7,0|a:0,7,1|a:3,7,1|a:0,7,2|a:1,7,2|a:3,7,2|a:-2,8,-2|a:0,8,-2|a:-2,8,-1|a:-5,8,0|a:-4,8,0|a:-3,8,0|a:-2,8,0|a:0,8,0|a:3,8,0|a:1,8,2|a:3,8,2|a:-2,9,-2|a:0,9,-2|a:-2,9,-1|a:-5,9,0|a:-4,9,0|a:-3,9,0|a:-2,9,0|a:0,9,0|a:3,9,0|a:1,9,2|a:3,9,2|a:-2,10,-1|a:-4,10,0|a:-3,10,0|a:-2,10,0|a:0,10,0|a:3,10,0|a:-2,11,-1|a:-4,11,0|a:-3,11,0|a:-2,11,0|a:0,11,0|a:3,11,0|t:-5,-7:2|t:-4,-7:2|t:-3,-7:2|t:-2,-7:2|t:-6,-6:2|t:-5,-6:2|t:-4,-6:2|t:-3,-6:2|t:-2,-6:2|t:-1,-6:2|t:-6,-5:2|t:-5,-5:2|t:-4,-5:2|t:-3,-5:2|t:-2,-5:2|t:-1,-5:2|t:0,-5:2|t:-7,-4:2|t:-6,-4:2|t:-5,-4:2|t:-4,-4:2|t:-3,-4:2|t:-2,-4:2|t:-1,-4:2|t:0,-4:2|t:1,-4:2|t:2,-4:2|t:3,-4:2|t:4,-4:2|t:-7,-3:2|t:-6,-3:2|t:-5,-3:2|t:-4,-3:2|t:-3,-3:2|t:-2,-3:2|t:-1,-3:2|t:0,-3:2|t:1,-3:2|t:2,-3:2|t:3,-3:2|t:4,-3:2|t:5,-3:2|t:6,-3:2|t:-7,-2:2|t:-6,-2:2|t:-5,-2:2|t:-4,-2:2|t:-3,-2:2|t:-2,-2:2|t:-1,-2:2|t:0,-2:2|t:1,-2:2|t:2,-2:2|t:3,-2:2|t:4,-2:2|t:5,-2:2|t:6,-2:2|t:7,-2:2|t:-8,-1:2|t:-7,-1:2|t:-6,-1:2|t:-5,-1:2|t:-4,-1:2|t:-3,-1:2|t:-2,-1:2|t:-1,-1:2|t:0,-1:3|t:1,-1:2|t:2,-1:2|t:3,-1:2|t:4,-1:2|t:5,-1:2|t:6,-1:2|t:7,-1:2|t:8,-1:2|t:-8,0:2|t:-7,0:2|t:-6,0:2|t:-5,0:2|t:-4,0:2|t:-3,0:2|t:-2,0:3|t:-1,0:3|t:0,0:3|t:1,0:3|t:2,0:3|t:3,0:2|t:4,0:2|t:5,0:2|t:6,0:2|t:7,0:2|t:8,0:2|t:-8,1:2|t:-7,1:2|t:-6,1:2|t:-5,1:2|t:-4,1:2|t:-3,1:2|t:-2,1:3|t:-1,1:3|t:0,1:3|t:1,1:3|t:2,1:3|t:3,1:2|t:4,1:2|t:5,1:2|t:6,1:2|t:7,1:2|t:8,1:2|t:-7,2:2|t:-6,2:2|t:-5,2:2|t:-4,2:2|t:-3,2:3|t:-2,2:3|t:-1,2:3|t:0,2:4|t:1,2:3|t:2,2:3|t:3,2:3|t:4,2:2|t:5,2:2|t:6,2:2|t:7,2:2|t:-6,3:2|t:-5,3:2|t:-4,3:2|t:-3,3:2|t:-2,3:3|t:-1,3:3|t:0,3:3|t:1,3:3|t:2,3:3|t:3,3:2|t:4,3:2|t:5,3:2|t:6,3:2|t:-4,4:2|t:-3,4:2|t:-2,4:3|t:-1,4:3|t:0,4:3|t:1,4:3|t:2,4:3|t:3,4:2|t:4,4:2|t:-4,5:2|t:-3,5:2|t:-2,5:2|t:-1,5:2|t:0,5:3|t:1,5:2|t:2,5:2|t:-4,6:2|t:-3,6:2|t:-2,6:2|t:-1,6:2|t:0,6:2|t:1,6:2|t:2,6:2|t:-4,7:2|t:-3,7:2|t:-2,7:2|t:-1,7:2|t:0,7:2|t:1,7:2|t:2,7:2|t:-3,8:2|t:-2,8:2|t:-1,8:2|t:0,8:2|t:1,8:2"] expected to equal ["standard/r6/core-floor10/target13-17/route14-22/span5-8/lanes7:28/rooms12-35/residual6:2/sky2-5/bal1-3/cant0-0/land7-8/over0.330/court0/market0|form:hill|summit:0,5,2|p:-5,0,-6:alley|p:-4,0,-6:alley|p:-4,0,-5:alley|p:1,0,-4:spine|p:2,0,-4:market|p:1,0,-3:spine|p:2,0,-3:market|p:3,0,-3:alley|p:4,0,-3:alley|p:5,0,-3:alley|p:1,0,-2:spine|p:1,0,-1:spine|p:0,0,0:spine|p:1,0,0:spine|p:1,0,1:alley|p:2,0,1:alley|p:3,0,1:alley|p:1,0,2:alley|p:3,0,2:alley|p:3,0,3:alley|p:-4,0,4:alley|p:-3,0,4:alley|p:-2,0,4:alley|p:-1,0,4:alley|p:3,0,4:alley|p:-4,0,5:alley|p:-2,0,5:alley|p:-4,0,6:alley|p:-4,0,7:alley|p:-4,1,-4:alley|p:-5,1,-3:alley|p:-4,1,-3:alley|p:-5,1,-2:alley|p:-2,1,-1:spine|p:-3,1,0:alley|p:-2,1,0:spine|p:-1,1,0:spine|p:1,1,3:alley|p:0,1,4:alley|p:1,1,4:alley|p:-2,2,-3:spine|p:-1,2,-3:spine|p:-2,2,-2:spine|p:-5,2,-1:alley|p:-5,2,0:alley|p:-4,2,0:alley|p:0,3,-3:spine|p:0,3,-2:spine|p:3,3,-1:spine|p:3,3,0:spine|p:0,4,-1:spine|p:0,4,0:spine|p:0,4,1:spine|p:3,4,1:spine|p:2,4,2:spine|p:3,4,2:spine|p:0,5,2:spine|p:1,5,2:spine|m:1,0,-4|m:1,0,-3|m:1,0,-2|m:1,0,-1|ms:1,0,-4|ms:2,0,-4|ms:1,0,-3|ms:2,0,-3|stamp:market_square:[(1, 0, -4), (2, 0, -4), (1, 0, -3), (2, 0, -3)]|r:1,0,-4|r:1,0,-3|r:1,0,-2|r:1,0,-1|r:1,0,0|r:0,0,0|r:-1,1,0|r:-2,1,0|r:-2,1,-1|r:-2,2,-2|r:-2,2,-3|r:-1,2,-3|r:0,3,-3|r:0,3,-2|r:0,4,-1|r:0,4,0|r:0,4,1|r:0,5,2|r:1,5,2|r:2,4,2|r:3,4,2|r:3,4,1|r:3,3,0|r:3,3,-1|rt:(1, 0, -4)>(1, 0, -3):0|rt:(1, 0, -3)>(1, 0, -2):0|rt:(1, 0, -2)>(1, 0, -1):0|rt:(1, 0, -1)>(1, 0, 0):0|rt:(1, 0, 0)>(-2, 1, 0):1|rt:(-2, 1, 0)>(-2, 2, -3):1|rt:(-2, 2, -3)>(0, 3, -3):2|rt:(0, 3, -3)>(0, 4, 0):1|rt:(0, 4, 0)>(0, 5, 2):2|rt:(0, 5, 2)>(3, 4, 2):1|rt:(3, 4, 2)>(3, 3, -1):1|l0@(1, 0, -4)|lc:2,0,-4|lc:2,0,-3|lt:(1, 0, -4)>(2, 0, -4):0|lt:(2, 0, -4)>(2, 0, -3):0|l1@(1, 0, 0)|lc:1,0,1|lc:1,0,2|lc:1,1,3|lc:1,1,4|lc:0,1,4|lc:-1,0,4|lc:-2,0,4|lc:-2,0,5|lt:(1, 0, 0)>(1, 0, 1):0|lt:(1, 0, 1)>(1, 1, 4):1|lt:(1, 1, 4)>(-2, 0, 4):1|lt:(-2, 0, 4)>(-2, 0, 5):0|l2@(-2, 0, 4)|lc:-3,0,4|lc:-4,0,4|lc:-4,0,5|lc:-4,0,6|lt:(-2, 0, 4)>(-3, 0, 4):0|lt:(-3, 0, 4)>(-4, 0, 4):0|lt:(-4, 0, 4)>(-4, 0, 5):0|lt:(-4, 0, 5)>(-4, 0, 6):0|l3@(-4, 0, 6)|lc:-4,0,7|lt:(-4, 0, 6)>(-4, 0, 7):0|l4@(1, 0, 1)|lc:2,0,1|lt:(1, 0, 1)>(2, 0, 1):0|l5@(-2, 1, 0)|lc:-3,1,0|lc:-4,2,0|lc:-5,2,0|lc:-5,2,-1|lc:-5,1,-2|lc:-5,1,-3|lc:-4,1,-3|lc:-4,1,-4|lt:(-2, 1, 0)>(-5, 2, 0):1|lt:(-5, 2, 0)>(-5, 1, -3):1|lt:(-5, 1, -3)>(-4, 1, -3):0|lt:(-4, 1, -3)>(-4, 1, -4):0|l6@(-4, 1, -4)|lc:-4,0,-5|lc:-4,0,-6|lc:-5,0,-6|lt:(-4, 1, -4)>(-4, 0, -6):2|lt:(-4, 0, -6)>(-5, 0, -6):0|l7@(2, 0, 1)|lc:3,0,1|lc:3,0,2|lc:3,0,3|lc:3,0,4|lt:(2, 0, 1)>(3, 0, 1):0|lt:(3, 0, 1)>(3, 0, 2):0|lt:(3, 0, 2)>(3, 0, 3):0|lt:(3, 0, 3)>(3, 0, 4):0|l8@(2, 0, -3)|lc:3,0,-3|lc:4,0,-3|lc:5,0,-3|lt:(2, 0, -3)>(3, 0, -3):0|lt:(3, 0, -3)>(4, 0, -3):0|lt:(4, 0, -3)>(5, 0, -3):0|loop:(2, 0, -3)>(1, 0, -3):0|b:0:-5,1,-2|b:1:-4,1,-4|b:2:-5,2,-1|b:3:3,3,-1|b:4:3,4,1|be:0:0:-6,-2|be:0:1:-4,-2|be:1:0:-5,-4|be:1:1:-3,-4|be:2:0:-6,-1|be:2:1:-4,-1|be:3:0:2,-1|be:3:1:4,-1|be:4:0:2,1|be:4:1:4,1|a:-5,0,-6|a:-4,0,-6|a:-4,0,-5|a:1,0,-4|a:2,0,-4|a:1,0,-3|a:2,0,-3|a:3,0,-3|a:4,0,-3|a:5,0,-3|a:1,0,-2|a:1,0,-1|a:0,0,0|a:1,0,0|a:1,0,1|a:2,0,1|a:3,0,1|a:1,0,2|a:3,0,2|a:3,0,3|a:-4,0,4|a:-3,0,4|a:-2,0,4|a:-1,0,4|a:3,0,4|a:-4,0,5|a:-2,0,5|a:-4,0,6|a:-4,0,7|a:-5,1,-6|a:-4,1,-6|a:-4,1,-5|a:-4,1,-4|a:1,1,-4|a:2,1,-4|a:-5,1,-3|a:-4,1,-3|a:1,1,-3|a:2,1,-3|a:3,1,-3|a:4,1,-3|a:5,1,-3|a:-5,1,-2|a:1,1,-2|a:-2,1,-1|a:1,1,-1|a:-3,1,0|a:-2,1,0|a:-1,1,0|a:0,1,0|a:1,1,0|a:1,1,1|a:2,1,1|a:3,1,1|a:1,1,2|a:3,1,2|a:1,1,3|a:3,1,3|a:-4,1,4|a:-3,1,4|a:-2,1,4|a:-1,1,4|a:0,1,4|a:1,1,4|a:3,1,4|a:-4,1,5|a:-2,1,5|a:-4,1,6|a:-4,1,7|a:-5,2,-6|a:-4,2,-6|a:-4,2,-5|a:-4,2,-4|a:1,2,-4|a:2,2,-4|a:-5,2,-3|a:-4,2,-3|a:-2,2,-3|a:-1,2,-3|a:1,2,-3|a:2,2,-3|a:3,2,-3|a:4,2,-3|a:5,2,-3|a:-5,2,-2|a:-2,2,-2|a:1,2,-2|a:-5,2,-1|a:-2,2,-1|a:1,2,-1|a:-5,2,0|a:-4,2,0|a:-3,2,0|a:-2,2,0|a:-1,2,0|a:0,2,0|a:1,2,0|a:1,2,1|a:2,2,1|a:3,2,1|a:1,2,2|a:3,2,2|a:1,2,3|a:3,2,3|a:-4,2,4|a:-3,2,4|a:-2,2,4|a:-1,2,4|a:0,2,4|a:1,2,4|a:3,2,4|a:-4,2,5|a:-2,2,5|a:-4,2,6|a:-4,2,7|a:-5,3,-6|a:-4,3,-6|a:-4,3,-5|a:-4,3,-4|a:-5,3,-3|a:-4,3,-3|a:-2,3,-3|a:-1,3,-3|a:0,3,-3|a:3,3,-3|a:4,3,-3|a:-5,3,-2|a:-2,3,-2|a:0,3,-2|a:-5,3,-1|a:-2,3,-1|a:3,3,-1|a:-5,3,0|a:-4,3,0|a:-3,3,0|a:-2,3,0|a:-1,3,0|a:0,3,0|a:3,3,0|a:3,3,1|a:1,3,2|a:3,3,2|a:1,3,3|a:3,3,3|a:-3,3,4|a:-2,3,4|a:-1,3,4|a:0,3,4|a:1,3,4|a:-2,3,5|a:-4,4,-4|a:-5,4,-3|a:-4,4,-3|a:-2,4,-3|a:-1,4,-3|a:0,4,-3|a:3,4,-3|a:4,4,-3|a:-5,4,-2|a:-2,4,-2|a:0,4,-2|a:-5,4,-1|a:-2,4,-1|a:0,4,-1|a:3,4,-1|a:-5,4,0|a:-4,4,0|a:-3,4,0|a:-2,4,0|a:0,4,0|a:3,4,0|a:0,4,1|a:3,4,1|a:1,4,2|a:2,4,2|a:3,4,2|a:3,4,3|a:-3,4,4|a:-2,4,4|a:-1,4,4|a:0,4,4|a:1,4,4|a:-5,5,-3|a:-4,5,-3|a:-2,5,-3|a:-1,5,-3|a:0,5,-3|a:3,5,-3|a:4,5,-3|a:-2,5,-2|a:0,5,-2|a:-5,5,-1|a:-2,5,-1|a:0,5,-1|a:3,5,-1|a:-5,5,0|a:-4,5,0|a:-3,5,0|a:-2,5,0|a:0,5,0|a:3,5,0|a:0,5,1|a:3,5,1|a:0,5,2|a:1,5,2|a:2,5,2|a:3,5,2|a:3,5,3|a:-3,5,4|a:-2,5,4|a:-1,5,4|a:0,5,4|a:1,5,4|a:-4,6,-3|a:-2,6,-3|a:-1,6,-3|a:0,6,-3|a:-2,6,-2|a:0,6,-2|a:-2,6,-1|a:0,6,-1|a:3,6,-1|a:-5,6,0|a:-4,6,0|a:-3,6,0|a:-2,6,0|a:0,6,0|a:3,6,0|a:0,6,1|a:3,6,1|a:0,6,2|a:1,6,2|a:2,6,2|a:3,6,2|a:-4,7,-3|a:-2,7,-3|a:-1,7,-3|a:0,7,-3|a:-2,7,-2|a:0,7,-2|a:-2,7,-1|a:-5,7,0|a:-4,7,0|a:-3,7,0|a:-2,7,0|a:0,7,0|a:3,7,0|a:0,7,1|a:3,7,1|a:0,7,2|a:1,7,2|a:3,7,2|a:-2,8,-2|a:0,8,-2|a:-2,8,-1|a:-5,8,0|a:-4,8,0|a:-3,8,0|a:-2,8,0|a:0,8,0|a:3,8,0|a:1,8,2|a:3,8,2|a:-2,9,-2|a:0,9,-2|a:-2,9,-1|a:-5,9,0|a:-4,9,0|a:-3,9,0|a:-2,9,0|a:0,9,0|a:3,9,0|a:1,9,2|a:3,9,2|a:-2,10,-1|a:-4,10,0|a:-3,10,0|a:-2,10,0|a:0,10,0|a:3,10,0|a:-2,11,-1|a:-4,11,0|a:-3,11,0|a:-2,11,0|a:0,11,0|a:3,11,0|t:-5,-7:2|t:-4,-7:2|t:-3,-7:2|t:-2,-7:2|t:-6,-6:2|t:-5,-6:2|t:-4,-6:2|t:-3,-6:2|t:-2,-6:2|t:-1,-6:2|t:-6,-5:2|t:-5,-5:2|t:-4,-5:2|t:-3,-5:2|t:-2,-5:2|t:-1,-5:2|t:0,-5:2|t:-7,-4:2|t:-6,-4:2|t:-5,-4:2|t:-4,-4:2|t:-3,-4:2|t:-2,-4:2|t:-1,-4:2|t:0,-4:2|t:1,-4:2|t:2,-4:2|t:3,-4:2|t:4,-4:2|t:-7,-3:2|t:-6,-3:2|t:-5,-3:2|t:-4,-3:2|t:-3,-3:2|t:-2,-3:2|t:-1,-3:2|t:0,-3:2|t:1,-3:2|t:2,-3:2|t:3,-3:2|t:4,-3:2|t:5,-3:2|t:6,-3:2|t:-7,-2:2|t:-6,-2:2|t:-5,-2:2|t:-4,-2:2|t:-3,-2:2|t:-2,-2:2|t:-1,-2:2|t:0,-2:2|t:1,-2:2|t:2,-2:2|t:3,-2:2|t:4,-2:2|t:5,-2:2|t:6,-2:2|t:7,-2:2|t:-8,-1:2|t:-7,-1:2|t:-6,-1:2|t:-5,-1:2|t:-4,-1:2|t:-3,-1:2|t:-2,-1:2|t:-1,-1:2|t:0,-1:3|t:1,-1:2|t:2,-1:2|t:3,-1:2|t:4,-1:2|t:5,-1:2|t:6,-1:2|t:7,-1:2|t:8,-1:2|t:-8,0:2|t:-7,0:2|t:-6,0:2|t:-5,0:2|t:-4,0:2|t:-3,0:2|t:-2,0:3|t:-1,0:3|t:0,0:3|t:1,0:3|t:2,0:3|t:3,0:2|t:4,0:2|t:5,0:2|t:6,0:2|t:7,0:2|t:8,0:2|t:-8,1:2|t:-7,1:2|t:-6,1:2|t:-5,1:2|t:-4,1:2|t:-3,1:2|t:-2,1:3|t:-1,1:3|t:0,1:3|t:1,1:3|t:2,1:3|t:3,1:2|t:4,1:2|t:5,1:2|t:6,1:2|t:7,1:2|t:8,1:2|t:-7,2:2|t:-6,2:2|t:-5,2:2|t:-4,2:2|t:-3,2:3|t:-2,2:3|t:-1,2:3|t:0,2:4|t:1,2:3|t:2,2:3|t:3,2:3|t:4,2:2|t:5,2:2|t:6,2:2|t:7,2:2|t:-6,3:2|t:-5,3:2|t:-4,3:2|t:-3,3:2|t:-2,3:3|t:-1,3:3|t:0,3:3|t:1,3:3|t:2,3:3|t:3,3:2|t:4,3:2|t:5,3:2|t:6,3:2|t:-4,4:2|t:-3,4:2|t:-2,4:3|t:-1,4:3|t:0,4:3|t:1,4:3|t:2,4:3|t:3,4:2|t:4,4:2|t:-4,5:2|t:-3,5:2|t:-2,5:2|t:-1,5:2|t:0,5:3|t:1,5:2|t:2,5:2|t:-4,6:2|t:-3,6:2|t:-2,6:2|t:-1,6:2|t:0,6:2|t:1,6:2|t:2,6:2|t:-4,7:2|t:-3,7:2|t:-2,7:2|t:-1,7:2|t:0,7:2|t:1,7:2|t:2,7:2|t:-3,8:2|t:-2,8:2|t:-1,8:2|t:0,8:2|t:1,8:2"]:  dictionary insertion order may not steer construction
      at line 470
* test_market_zone_is_the_ground_level_spine_prefix
* test_sealed_maze_adapts_without_repair_to_the_common_volume_contract
* test_one_pass_block_partition_uses_authored_parcel_contracts
    [Failed]:  [7] expected to be > than [9]:
      at line 556
* test_shared_stride_rules_match_the_transition_vocabulary
* test_bridge_spans_are_retained_over_open_streets
* test_a_seeded_bridge_span_proves_a_grounded_two_ended_compound
    bridge compound proof seeded/refused: 1:4/35 2:3/33 3:3/42 4:0/38 5:5/32 6:2/47 7:2/30 8:1/22 9:3/54 10:2/47 11:1/33 12:2/35 (tested 476, refused 448)
    bridge refusal families: { " has carved air": 48, "bridge lacks two ground-borne endpoint houses": 116, "bridge endpoint rises above its connected neighborhood": 161, " has endpoint coverage": 108, "bridge compound overlaps an earlier compound at (-4, 2)": 2, "bridge compound overlaps an earlier compound at (-4, 1)": 1, "bridge compound overlaps an earlier compound at (-3, 0)": 1, "bridge compound overlaps an earlier compound at (-4, 0)": 2, "bridge compound overlaps an earlier compound at (0, 3)": 1, "bridge compound overlaps an earlier compound at (0, 2)": 1, "": 4, "bridge compound overlaps an earlier compound at (-3, 2)": 1, "bridge compound overlaps an earlier compound at (2, -2)": 1, "bridge compound overlaps an earlier compound at (1, -2)": 1 }
* test_bridge_spans_are_deterministic
* test_bridge_carve_cap_protects_decks_and_opens_upper_passages
10/13 passed.


res://tests/test_warren_maze_plots.gd
* test_add_plot_enforces_support_and_headroom
* test_solid_at_derives_rock_under_plots_and_air_above
* test_add_plot_on_a_sealed_plan_changes_nothing
* test_stack_invariant_rejects_a_floating_plot_at_seal
* test_add_plot_rejects_a_plot_overlapping_one_already_standing
* test_seal_rejects_a_plot_appended_straight_onto_the_array
* test_add_plot_demands_a_real_door_for_a_house_or_an_asset
    [Failed]:  [0] expected to be > than [0]:  the fixture carries a source-proved bridge bore
      at line 497
* test_passage_headroom_is_a_per_cell_fact_not_a_constant
    passage cells with a slot taller than HEADROOM_BANDS: 99 (99 probed)
* test_signature_covers_plots
* test_asset_templates_match_the_catalog
    ASSET_TEMPLATES: 17 unique envelopes from the catalog
* test_assets_sit_at_the_minimum_modification_site
    asset site cost 46; cheapest 15, cheapest realisable 46 (realisable)
    seed 12 compact: 3/5 assets placed, min cost 15
* test_asset_clearance_reservation_survives_into_house_partitioning
* test_outer_terrace_height_grows_one_storey_per_massif_ring
* test_decks_are_flat_street_level_regions
    decks across the four towns: 2 standing, 0 refused
* test_the_plaza_deck_is_a_room_not_a_lane
    seed 4/compact plaza: (2, 2) columns at datum 3, 4 cells
    seed 3/standard plaza: (2, 2) columns at datum 2, 4 cells
    [Failed]:  [2] expected to equal [3]:  2 of the four planner towns site a plaza; the pin is 3 -- a siting rule that stops finding sites leaves every other assertion in this file green
      at line 1441
* test_partition_fills_every_street_fronting_column
    seed 12 compact: 5 houses, mean footprint 1.40 columns
      4 single-column houses, 1 of them beside a same-floor peer
      0 houses past BUILDING_CAP 4, 0 columns swept in
    seed 4 compact: 7 houses, mean footprint 3.57 columns
      2 single-column houses, 1 of them beside a same-floor peer
      2 houses past BUILDING_CAP 4, 11 columns swept in
    seed 3 standard: 31 houses, mean footprint 3.00 columns
      13 single-column houses, 4 of them beside a same-floor peer
      3 houses past BUILDING_CAP 5, 33 columns swept in
    seed 9 standard: 25 houses, mean footprint 2.92 columns
      3 single-column houses, 1 of them beside a same-floor peer
      1 houses past BUILDING_CAP 5, 7 columns swept in
    buildable columns in a plot: 199/205 = 0.971 (floor 0.91)
    street-fronting (column, band) slots: 150/173 = 0.867 (floor 0.79)
* test_houses_rise_to_meet_upper_streets
    tiered houses across the four towns: 7 of 56 (0 skipped)
* test_bridge_plots_sit_on_retained_spans
    bridges across the four towns: 2 of 2 retained spans
* test_planner_is_deterministic
* test_local_skyline_peaks_are_complete_grounded_plots
* test_streets_keep_their_floor
    seed 1 compact: street_floor_gaps 0, the bore left 0, 0 house(s) refused to strand a street
    seed 2 compact: street_floor_gaps 0, the bore left 0, 0 house(s) refused to strand a street
    seed 3 compact: street_floor_gaps 0, the bore left 0, 0 house(s) refused to strand a street
    seed 4 compact: street_floor_gaps 3, the bore left 3, 0 house(s) refused to strand a street
    seed 5 compact: street_floor_gaps 0, the bore left 0, 0 house(s) refused to strand a street
    seed 6 compact: street_floor_gaps 0, the bore left 0, 0 house(s) refused to strand a street
    seed 7 compact: street_floor_gaps 0, the bore left 0, 0 house(s) refused to strand a street
    seed 8 compact: street_floor_gaps 0, the bore left 0, 0 house(s) refused to strand a street
    seed 9 compact: street_floor_gaps 0, the bore left 0, 0 house(s) refused to strand a street
    seed 10 compact: street_floor_gaps 0, the bore left 0, 0 house(s) refused to strand a street
    seed 11 compact: street_floor_gaps 0, the bore left 0, 0 house(s) refused to strand a street
    seed 12 compact: street_floor_gaps 0, the bore left 3, 0 house(s) refused to strand a street
    [Failed]:  [0] expected to equal [3]:  seed 12 compact adds no floating street
      at line 1922
    seed 1 standard: street_floor_gaps 2, the bore left 2, 0 house(s) refused to strand a street
    seed 2 standard: street_floor_gaps 3, the bore left 4, 0 house(s) refused to strand a street
    [Failed]:  [3] expected to equal [4]:  seed 2 standard adds no floating street
      at line 1922
    seed 3 standard: street_floor_gaps 2, the bore left 2, 0 house(s) refused to strand a street
    seed 4 standard: street_floor_gaps 3, the bore left 3, 0 house(s) refused to strand a street
    seed 5 standard: street_floor_gaps 2, the bore left 3, 0 house(s) refused to strand a street
    [Failed]:  [2] expected to equal [3]:  seed 5 standard adds no floating street
      at line 1922
    seed 6 standard: street_floor_gaps 5, the bore left 6, 0 house(s) refused to strand a street
    [Failed]:  [5] expected to equal [6]:  seed 6 standard adds no floating street
      at line 1922
    seed 7 standard: street_floor_gaps 3, the bore left 3, 0 house(s) refused to strand a street
    seed 8 standard: street_floor_gaps 4, the bore left 4, 0 house(s) refused to strand a street
    seed 9 standard: street_floor_gaps 2, the bore left 2, 0 house(s) refused to strand a street
    seed 10 standard: street_floor_gaps 4, the bore left 4, 0 house(s) refused to strand a street
    seed 11 standard: street_floor_gaps 4, the bore left 4, 0 house(s) refused to strand a street
    seed 12 standard: street_floor_gaps 7, the bore left 7, 0 house(s) refused to strand a street
    street floors: 24/24 towns checked, 0 skipped (); 0 houses refused corpus-wide to keep a street up
    [Failed]:  Expected [<null>] to be anything but NULL:  ramp 12/compact must seal: carve: single spine DFS exhausted 7 visits
      at line 1946
MAZE_SLOPED_FLOORS_KEPT ramp 3/standard street_floor_gaps=2 bore=2 refused=0
MAZE_SLOPED_FLOORS_KEPT step 12/compact street_floor_gaps=3 bore=3 refused=0
    [Failed]:  Expected [<RefCounted#-9223371347227304940>(WarrenMazeSourcePlan.gd)] to be NULL:  step 3/standard is a pinned sloped refusal and it sealed; take it out of SLOPED_REFUSED_ROWS
      at line 1943
    [Failed]:  [2] expected to equal [3]:  every sloped row except the pinned refusals must seal far enough to check its street floors
      at line 1958
* test_volume_matches_solid_at
    seed 12 compact: 512 cells checked, 0 mismatched
    seed 3 standard: 1232 cells checked, 0 mismatched
* test_translator_emits_one_parcel_group_per_building
    seed 12 compact: 5 house plots, 5 parcels, 1 back rooms, 0 shrunk, 3 asset plots, 3 asset records
    seed 3 standard: 31 house plots, 31 parcels, 8 back rooms, 4 shrunk, 1 asset plots, 1 asset records
      shrunk house.032: 5 columns at (2, 2): no authored door module serves the address
      shrunk house.020: 2 columns at (-5, -2): no authored door module serves the address
      shrunk house.007: 12 columns at (2, -5): no authored door module serves the address
      shrunk house.027: 3 columns at (2, 5): no authored door module serves the address
* test_decks_and_bridges_translate_to_typed_records
    typed records: 4 decks, 2 bridges
* test_flat_roof_parcels_relax_parity_for_every_maze_house
    [Failed]:  [0] expected to be > than [0]:  the town really has something standing on a roof
      at line 2336
* test_stacked_houses_declare_their_parent
MAZE_STACKS seed 12/compact stacked=0 declared=0 slab_gap=0 partial=0 {  }
MAZE_STACKS seed 4/compact stacked=0 declared=0 slab_gap=0 partial=0 {  }
MAZE_STACKS seed 3/standard stacked=2 declared=1 slab_gap=0 partial=2 { "house.013": "stacked on parcel.maze.house.001: none of 2 rectangles sealed on either door phase (floor 5, top 15, flat_roof true); largest: 2 columns at (-4, 1): no rectangle bears on the parent\'s own footprint" }
MAZE_STACKS seed 9/standard stacked=2 declared=2 slab_gap=0 partial=1 {  }
* test_corpus_translates
    seed 1 compact: 11 parcels (5 shrunk), 86 back-room cells, 1 decks, 0 bridges, ownership 0.790 (274 owned of 347 solid, 73 rock)
    seed 2 compact: 23 parcels (0 shrunk), 12 back-room cells, 0 decks, 3 bridges, ownership 0.722 (226 owned of 313 solid, 87 rock)
    seed 3 compact: 6 parcels (2 shrunk), 48 back-room cells, 0 decks, 0 bridges, ownership 0.960 (316 owned of 329 solid, 13 rock)
    seed 4 compact: 7 parcels (2 shrunk), 56 back-room cells, 1 decks, 0 bridges, ownership 0.820 (200 owned of 244 solid, 44 rock)
    seed 5 compact: 7 parcels (3 shrunk), 30 back-room cells, 1 decks, 1 bridges, ownership 0.767 (224 owned of 292 solid, 68 rock)
    seed 6 compact: 27 parcels (7 shrunk), 88 back-room cells, 0 decks, 4 bridges, ownership 0.822 (319 owned of 388 solid, 69 rock)
    seed 7 compact: 7 parcels (4 shrunk), 128 back-room cells, 0 decks, 0 bridges, ownership 0.964 (270 owned of 280 solid, 10 rock)
    seed 8 compact: 3 parcels (0 shrunk), 44 back-room cells, 1 decks, 0 bridges, ownership 0.875 (196 owned of 224 solid, 28 rock)
    seed 9 compact: 12 parcels (2 shrunk), 16 back-room cells, 0 decks, 1 bridges, ownership 0.832 (242 owned of 291 solid, 49 rock)
    seed 10 compact: 19 parcels (6 shrunk), 150 back-room cells, 0 decks, 3 bridges, ownership 0.799 (302 owned of 378 solid, 76 rock)
    seed 11 compact: 4 parcels (2 shrunk), 32 back-room cells, 0 decks, 0 bridges, ownership 0.941 (176 owned of 187 solid, 11 rock)
    seed 12 compact: 5 parcels (0 shrunk), 4 back-room cells, 0 decks, 0 bridges, ownership 0.942 (196 owned of 208 solid, 12 rock)
    seed 1 standard: 33 parcels (8 shrunk), 160 back-room cells, 2 decks, 4 bridges, ownership 0.643 (443 owned of 689 solid, 246 rock)
    seed 2 standard: 41 parcels (11 shrunk), 326 back-room cells, 2 decks, 3 bridges, ownership 0.839 (683 owned of 814 solid, 131 rock)
    seed 3 standard: 31 parcels (4 shrunk), 196 back-room cells, 1 decks, 3 bridges, ownership 0.727 (508 owned of 699 solid, 191 rock)
    seed 4 standard: 22 parcels (4 shrunk), 80 back-room cells, 0 decks, 0 bridges, ownership 0.919 (466 owned of 507 solid, 41 rock)
    seed 5 standard: 37 parcels (13 shrunk), 197 back-room cells, 1 decks, 5 bridges, ownership 0.737 (510 owned of 692 solid, 182 rock)
    seed 6 standard: 34 parcels (8 shrunk), 167 back-room cells, 0 decks, 2 bridges, ownership 0.874 (522 owned of 597 solid, 75 rock)
    seed 7 standard: 26 parcels (5 shrunk), 191 back-room cells, 1 decks, 2 bridges, ownership 0.667 (448 owned of 672 solid, 224 rock)
    seed 8 standard: 17 parcels (6 shrunk), 230 back-room cells, 2 decks, 1 bridges, ownership 0.788 (456 owned of 579 solid, 123 rock)
    seed 9 standard: 25 parcels (10 shrunk), 105 back-room cells, 0 decks, 3 bridges, ownership 0.738 (411 owned of 557 solid, 146 rock)
    seed 10 standard: 29 parcels (8 shrunk), 127 back-room cells, 0 decks, 2 bridges, ownership 0.839 (551 owned of 657 solid, 106 rock)
    seed 11 standard: 29 parcels (5 shrunk), 173 back-room cells, 2 decks, 1 bridges, ownership 0.742 (495 owned of 667 solid, 172 rock)
    seed 12 standard: 21 parcels (5 shrunk), 120 back-room cells, 1 decks, 2 bridges, ownership 0.859 (422 owned of 491 solid, 69 rock)
    corpus: 24/24 towns translate
* test_carve_returns_an_unsealed_plan_for_the_phase_pipeline
* test_stop_after_exposes_each_phase_uncontaminated
* test_plan_rejects_an_unknown_stop_after_stage
* test_site_planner_seals_the_corpus_one_pass
    corpus: 24/24 towns seal one-pass
* test_seal_merges_audit_instead_of_replacing_it
* test_exterior_rock_ratio_is_pinned
    seed 12 compact: exterior rock 12/181 = 0.0663 (plot 169, ceiling 0.38)
    seed 4 compact: exterior rock 35/220 = 0.1591 (plot 185, ceiling 0.38)
    seed 3 standard: exterior rock 104/552 = 0.1884 (plot 448, ceiling 0.38)
    seed 9 standard: exterior rock 101/471 = 0.2144 (plot 370, ceiling 0.38)
* test_stone_face_offsets_match_the_assembler_that_skins_them
* test_nearest_datum_band_breaks_its_ties_deterministically
* test_local_public_datum_is_the_nearest_street_in_range
* test_exterior_stone_band_profile_is_pinned
    seed 12 compact: stone faces 24, above 2 storeys 0 = 0.0000 (ceiling 0.05), of those 0 on raised shoulders; 0 faces read against bare ground, deepest -1, highest 3
    seed 12 compact: per-band histogram { -1: 11, 0: 4, 3: 9 }
    seed 12 compact: per-storey histogram { 0: 15, 2: 9 }
    seed 4 compact: stone faces 68, above 2 storeys 0 = 0.0000 (ceiling 0.05), of those 0 on raised shoulders; 0 faces read against bare ground, deepest -2, highest 3
    seed 4 compact: per-band histogram { -2: 7, -1: 25, 0: 25, 1: 6, 3: 5 }
    seed 4 compact: per-storey histogram { 0: 57, 1: 6, 2: 5 }
    seed 3 standard: stone faces 146, above 2 storeys 0 = 0.0000 (ceiling 0.05), of those 0 on raised shoulders; 32 faces read against bare ground, deepest -4, highest 3
    seed 3 standard: per-band histogram { -4: 2, -3: 2, -2: 11, -1: 49, 0: 51, 1: 25, 2: 3, 3: 3 }
    seed 3 standard: per-storey histogram { 0: 115, 1: 28, 2: 3 }
    seed 9 standard: stone faces 141, above 2 storeys 0 = 0.0000 (ceiling 0.05), of those 0 on raised shoulders; 12 faces read against bare ground, deepest -3, highest 3
    seed 9 standard: per-band histogram { -3: 9, -2: 24, -1: 39, 0: 36, 1: 18, 2: 5, 3: 10 }
    seed 9 standard: per-storey histogram { 0: 108, 1: 23, 2: 10 }
    worst planner town: 0.0000 (ceiling 0.05)
* test_ownership_is_pinned_on_the_planner_seeds
    seed 12 compact: ownership 0.9423 (floor 0.59) -- 196 owned of 208 solid, 12 rock
    seed 4 compact: ownership 0.8197 (floor 0.60) -- 200 owned of 244 solid, 44 rock
    seed 3 standard: ownership 0.7268 (floor 0.63) -- 508 owned of 699 solid, 191 rock
    seed 9 standard: ownership 0.7379 (floor 0.54) -- 411 owned of 557 solid, 146 rock
* test_sloped_ground_seals_and_translates
    [Failed]:  Expected [<null>] to be anything but NULL:  ramp 12/compact must seal on real ground: carve: single spine DFS exhausted 7 visits
      at line 3274
MAZE_SLOPED ramp 3/standard relief=5 frontage=0.650 plots=29 parcels=26
MAZE_SLOPED step 12/compact relief=3 frontage=0.458 plots=9 parcels=8
    [Failed]:  [0.45833333333333] expected to be >= than [0.55]:  step 12/compact addresses only 0.458 of its passage cells
      at line 3293
    [Failed]:  Expected [<RefCounted#-9223371347227304940>(WarrenMazeSourcePlan.gd)] to be NULL:  step 3/standard is a pinned sloped refusal and it carved; take it out of SLOPED_REFUSED_ROWS
      at line 3271
    [Failed]:  [2] expected to equal [3]:  every sloped row except the pinned refusals must seal
      at line 3297
* test_no_plot_stands_inside_the_hillside
MAZE_SLOPED_BURIED ramp 3/standard plots=29 buried_columns=0 deepest=0
MAZE_SLOPED_BURIED step 12/compact plots=9 buried_columns=0 deepest=0
MAZE_SLOPED_BURIED step 3/standard plots=30 buried_columns=0 deepest=0
* test_house_floors_follow_their_door_street_band
MAZE_SLOPED_FLOORS ramp 3/standard houses=26 distinct_floor_bands=[3, 4, 5, 6, 7, 8, 9]
MAZE_SLOPED_FLOORS step 12/compact houses=8 distinct_floor_bands=[0, 2, 3]
MAZE_SLOPED_FLOORS step 3/standard houses=24 distinct_floor_bands=[3, 4, 5, 6, 7, 8]
* test_deck_datums_equal_their_fronting_street_band
MAZE_SLOPED_DECKS ramp 3/standard decks=0 off_datum=0
MAZE_SLOPED_DECKS step 12/compact decks=0 off_datum=0
MAZE_SLOPED_DECKS step 3/standard decks=0 off_datum=0
    [Failed]:  [0] expected to be > than [0]:  the sloped corpus must place decks to measure
      at line 3449
36/42 passed.




==============================================
= Run Summary
==============================================

res://tests/test_warren_maze_carver.gd
- test_the_spine_climbs_with_momentum_and_descends_past_the_summit
    [Failed]:  [0.94428104162216] expected to be >= than [1.0]:  the descent must head for the far rim: mean outward gain 0.94 cells over 4 profiles
          at line 407
- test_same_inputs_and_dictionary_reordering_keep_the_same_maze
    [Failed]:  ["standard/r6/core-floor10/target13-17/route14-22/span5-8/lanes7:28/rooms12-35/residual6:2/sky2-5/bal1-3/cant0-0/land7-8/over0.330/court0/market0|form:ridge|summit:0,5,2|p:-5,0,-6:alley|p:-4,0,-6:alley|p:-4,0,-5:alley|p:1,0,-4:spine|p:2,0,-4:market|p:1,0,-3:spine|p:2,0,-3:market|p:3,0,-3:alley|p:4,0,-3:alley|p:5,0,-3:alley|p:1,0,-2:spine|p:1,0,-1:spine|p:0,0,0:spine|p:1,0,0:spine|p:1,0,1:alley|p:2,0,1:alley|p:3,0,1:alley|p:1,0,2:alley|p:3,0,2:alley|p:3,0,3:alley|p:-4,0,4:alley|p:-3,0,4:alley|p:-2,0,4:alley|p:-1,0,4:alley|p:3,0,4:alley|p:-4,0,5:alley|p:-2,0,5:alley|p:-4,0,6:alley|p:-4,0,7:alley|p:-4,1,-4:alley|p:-5,1,-3:alley|p:-4,1,-3:alley|p:-5,1,-2:alley|p:-2,1,-1:spine|p:-3,1,0:alley|p:-2,1,0:spine|p:-1,1,0:spine|p:1,1,3:alley|p:0,1,4:alley|p:1,1,4:alley|p:-2,2,-3:spine|p:-1,2,-3:spine|p:-2,2,-2:spine|p:-5,2,-1:alley|p:-5,2,0:alley|p:-4,2,0:alley|p:0,3,-3:spine|p:0,3,-2:spine|p:3,3,-1:spine|p:3,3,0:spine|p:0,4,-1:spine|p:0,4,0:spine|p:0,4,1:spine|p:3,4,1:spine|p:2,4,2:spine|p:3,4,2:spine|p:0,5,2:spine|p:1,5,2:spine|m:1,0,-4|m:1,0,-3|m:1,0,-2|m:1,0,-1|ms:1,0,-4|ms:2,0,-4|ms:1,0,-3|ms:2,0,-3|stamp:market_square:[(1, 0, -4), (2, 0, -4), (1, 0, -3), (2, 0, -3)]|r:1,0,-4|r:1,0,-3|r:1,0,-2|r:1,0,-1|r:1,0,0|r:0,0,0|r:-1,1,0|r:-2,1,0|r:-2,1,-1|r:-2,2,-2|r:-2,2,-3|r:-1,2,-3|r:0,3,-3|r:0,3,-2|r:0,4,-1|r:0,4,0|r:0,4,1|r:0,5,2|r:1,5,2|r:2,4,2|r:3,4,2|r:3,4,1|r:3,3,0|r:3,3,-1|rt:(1, 0, -4)>(1, 0, -3):0|rt:(1, 0, -3)>(1, 0, -2):0|rt:(1, 0, -2)>(1, 0, -1):0|rt:(1, 0, -1)>(1, 0, 0):0|rt:(1, 0, 0)>(-2, 1, 0):1|rt:(-2, 1, 0)>(-2, 2, -3):1|rt:(-2, 2, -3)>(0, 3, -3):2|rt:(0, 3, -3)>(0, 4, 0):1|rt:(0, 4, 0)>(0, 5, 2):2|rt:(0, 5, 2)>(3, 4, 2):1|rt:(3, 4, 2)>(3, 3, -1):1|l0@(1, 0, -4)|lc:2,0,-4|lc:2,0,-3|lt:(1, 0, -4)>(2, 0, -4):0|lt:(2, 0, -4)>(2, 0, -3):0|l1@(1, 0, 0)|lc:1,0,1|lc:1,0,2|lc:1,1,3|lc:1,1,4|lc:0,1,4|lc:-1,0,4|lc:-2,0,4|lc:-2,0,5|lt:(1, 0, 0)>(1, 0, 1):0|lt:(1, 0, 1)>(1, 1, 4):1|lt:(1, 1, 4)>(-2, 0, 4):1|lt:(-2, 0, 4)>(-2, 0, 5):0|l2@(-2, 0, 4)|lc:-3,0,4|lc:-4,0,4|lc:-4,0,5|lc:-4,0,6|lt:(-2, 0, 4)>(-3, 0, 4):0|lt:(-3, 0, 4)>(-4, 0, 4):0|lt:(-4, 0, 4)>(-4, 0, 5):0|lt:(-4, 0, 5)>(-4, 0, 6):0|l3@(-4, 0, 6)|lc:-4,0,7|lt:(-4, 0, 6)>(-4, 0, 7):0|l4@(1, 0, 1)|lc:2,0,1|lt:(1, 0, 1)>(2, 0, 1):0|l5@(-2, 1, 0)|lc:-3,1,0|lc:-4,2,0|lc:-5,2,0|lc:-5,2,-1|lc:-5,1,-2|lc:-5,1,-3|lc:-4,1,-3|lc:-4,1,-4|lt:(-2, 1, 0)>(-5, 2, 0):1|lt:(-5, 2, 0)>(-5, 1, -3):1|lt:(-5, 1, -3)>(-4, 1, -3):0|lt:(-4, 1, -3)>(-4, 1, -4):0|l6@(-4, 1, -4)|lc:-4,0,-5|lc:-4,0,-6|lc:-5,0,-6|lt:(-4, 1, -4)>(-4, 0, -6):2|lt:(-4, 0, -6)>(-5, 0, -6):0|l7@(2, 0, 1)|lc:3,0,1|lc:3,0,2|lc:3,0,3|lc:3,0,4|lt:(2, 0, 1)>(3, 0, 1):0|lt:(3, 0, 1)>(3, 0, 2):0|lt:(3, 0, 2)>(3, 0, 3):0|lt:(3, 0, 3)>(3, 0, 4):0|l8@(2, 0, -3)|lc:3,0,-3|lc:4,0,-3|lc:5,0,-3|lt:(2, 0, -3)>(3, 0, -3):0|lt:(3, 0, -3)>(4, 0, -3):0|lt:(4, 0, -3)>(5, 0, -3):0|loop:(2, 0, -3)>(1, 0, -3):0|b:0:-5,1,-2|b:1:-4,1,-4|b:2:-5,2,-1|b:3:3,3,-1|b:4:3,4,1|be:0:0:-6,-2|be:0:1:-4,-2|be:1:0:-5,-4|be:1:1:-3,-4|be:2:0:-6,-1|be:2:1:-4,-1|be:3:0:2,-1|be:3:1:4,-1|be:4:0:2,1|be:4:1:4,1|a:-5,0,-6|a:-4,0,-6|a:-4,0,-5|a:1,0,-4|a:2,0,-4|a:1,0,-3|a:2,0,-3|a:3,0,-3|a:4,0,-3|a:5,0,-3|a:1,0,-2|a:1,0,-1|a:0,0,0|a:1,0,0|a:1,0,1|a:2,0,1|a:3,0,1|a:1,0,2|a:3,0,2|a:3,0,3|a:-4,0,4|a:-3,0,4|a:-2,0,4|a:-1,0,4|a:3,0,4|a:-4,0,5|a:-2,0,5|a:-4,0,6|a:-4,0,7|a:-5,1,-6|a:-4,1,-6|a:-4,1,-5|a:-4,1,-4|a:1,1,-4|a:2,1,-4|a:-5,1,-3|a:-4,1,-3|a:1,1,-3|a:2,1,-3|a:3,1,-3|a:4,1,-3|a:5,1,-3|a:-5,1,-2|a:1,1,-2|a:-2,1,-1|a:1,1,-1|a:-3,1,0|a:-2,1,0|a:-1,1,0|a:0,1,0|a:1,1,0|a:1,1,1|a:2,1,1|a:3,1,1|a:1,1,2|a:3,1,2|a:1,1,3|a:3,1,3|a:-4,1,4|a:-3,1,4|a:-2,1,4|a:-1,1,4|a:0,1,4|a:1,1,4|a:3,1,4|a:-4,1,5|a:-2,1,5|a:-4,1,6|a:-4,1,7|a:-5,2,-6|a:-4,2,-6|a:-4,2,-5|a:-4,2,-4|a:1,2,-4|a:2,2,-4|a:-5,2,-3|a:-4,2,-3|a:-2,2,-3|a:-1,2,-3|a:1,2,-3|a:2,2,-3|a:3,2,-3|a:4,2,-3|a:5,2,-3|a:-5,2,-2|a:-2,2,-2|a:1,2,-2|a:-5,2,-1|a:-2,2,-1|a:1,2,-1|a:-5,2,0|a:-4,2,0|a:-3,2,0|a:-2,2,0|a:-1,2,0|a:0,2,0|a:1,2,0|a:1,2,1|a:2,2,1|a:3,2,1|a:1,2,2|a:3,2,2|a:1,2,3|a:3,2,3|a:-4,2,4|a:-3,2,4|a:-2,2,4|a:-1,2,4|a:0,2,4|a:1,2,4|a:3,2,4|a:-4,2,5|a:-2,2,5|a:-4,2,6|a:-4,2,7|a:-5,3,-6|a:-4,3,-6|a:-4,3,-5|a:-4,3,-4|a:-5,3,-3|a:-4,3,-3|a:-2,3,-3|a:-1,3,-3|a:0,3,-3|a:3,3,-3|a:4,3,-3|a:-5,3,-2|a:-2,3,-2|a:0,3,-2|a:-5,3,-1|a:-2,3,-1|a:3,3,-1|a:-5,3,0|a:-4,3,0|a:-3,3,0|a:-2,3,0|a:-1,3,0|a:0,3,0|a:3,3,0|a:3,3,1|a:1,3,2|a:3,3,2|a:1,3,3|a:3,3,3|a:-3,3,4|a:-2,3,4|a:-1,3,4|a:0,3,4|a:1,3,4|a:-2,3,5|a:-4,4,-4|a:-5,4,-3|a:-4,4,-3|a:-2,4,-3|a:-1,4,-3|a:0,4,-3|a:3,4,-3|a:4,4,-3|a:-5,4,-2|a:-2,4,-2|a:0,4,-2|a:-5,4,-1|a:-2,4,-1|a:0,4,-1|a:3,4,-1|a:-5,4,0|a:-4,4,0|a:-3,4,0|a:-2,4,0|a:0,4,0|a:3,4,0|a:0,4,1|a:3,4,1|a:1,4,2|a:2,4,2|a:3,4,2|a:3,4,3|a:-3,4,4|a:-2,4,4|a:-1,4,4|a:0,4,4|a:1,4,4|a:-5,5,-3|a:-4,5,-3|a:-2,5,-3|a:-1,5,-3|a:0,5,-3|a:3,5,-3|a:4,5,-3|a:-2,5,-2|a:0,5,-2|a:-5,5,-1|a:-2,5,-1|a:0,5,-1|a:3,5,-1|a:-5,5,0|a:-4,5,0|a:-3,5,0|a:-2,5,0|a:0,5,0|a:3,5,0|a:0,5,1|a:3,5,1|a:0,5,2|a:1,5,2|a:2,5,2|a:3,5,2|a:3,5,3|a:-3,5,4|a:-2,5,4|a:-1,5,4|a:0,5,4|a:1,5,4|a:-4,6,-3|a:-2,6,-3|a:-1,6,-3|a:0,6,-3|a:-2,6,-2|a:0,6,-2|a:-2,6,-1|a:0,6,-1|a:3,6,-1|a:-5,6,0|a:-4,6,0|a:-3,6,0|a:-2,6,0|a:0,6,0|a:3,6,0|a:0,6,1|a:3,6,1|a:0,6,2|a:1,6,2|a:2,6,2|a:3,6,2|a:-4,7,-3|a:-2,7,-3|a:-1,7,-3|a:0,7,-3|a:-2,7,-2|a:0,7,-2|a:-2,7,-1|a:-5,7,0|a:-4,7,0|a:-3,7,0|a:-2,7,0|a:0,7,0|a:3,7,0|a:0,7,1|a:3,7,1|a:0,7,2|a:1,7,2|a:3,7,2|a:-2,8,-2|a:0,8,-2|a:-2,8,-1|a:-5,8,0|a:-4,8,0|a:-3,8,0|a:-2,8,0|a:0,8,0|a:3,8,0|a:1,8,2|a:3,8,2|a:-2,9,-2|a:0,9,-2|a:-2,9,-1|a:-5,9,0|a:-4,9,0|a:-3,9,0|a:-2,9,0|a:0,9,0|a:3,9,0|a:1,9,2|a:3,9,2|a:-2,10,-1|a:-4,10,0|a:-3,10,0|a:-2,10,0|a:0,10,0|a:3,10,0|a:-2,11,-1|a:-4,11,0|a:-3,11,0|a:-2,11,0|a:0,11,0|a:3,11,0|t:-5,-7:2|t:-4,-7:2|t:-3,-7:2|t:-2,-7:2|t:-6,-6:2|t:-5,-6:2|t:-4,-6:2|t:-3,-6:2|t:-2,-6:2|t:-1,-6:2|t:-6,-5:2|t:-5,-5:2|t:-4,-5:2|t:-3,-5:2|t:-2,-5:2|t:-1,-5:2|t:0,-5:2|t:-7,-4:2|t:-6,-4:2|t:-5,-4:2|t:-4,-4:2|t:-3,-4:2|t:-2,-4:2|t:-1,-4:2|t:0,-4:2|t:1,-4:2|t:2,-4:2|t:3,-4:2|t:4,-4:2|t:-7,-3:2|t:-6,-3:2|t:-5,-3:2|t:-4,-3:2|t:-3,-3:2|t:-2,-3:2|t:-1,-3:2|t:0,-3:2|t:1,-3:2|t:2,-3:2|t:3,-3:2|t:4,-3:2|t:5,-3:2|t:6,-3:2|t:-7,-2:2|t:-6,-2:2|t:-5,-2:2|t:-4,-2:2|t:-3,-2:2|t:-2,-2:2|t:-1,-2:2|t:0,-2:2|t:1,-2:2|t:2,-2:2|t:3,-2:2|t:4,-2:2|t:5,-2:2|t:6,-2:2|t:7,-2:2|t:-8,-1:2|t:-7,-1:2|t:-6,-1:2|t:-5,-1:2|t:-4,-1:2|t:-3,-1:2|t:-2,-1:2|t:-1,-1:2|t:0,-1:3|t:1,-1:2|t:2,-1:2|t:3,-1:2|t:4,-1:2|t:5,-1:2|t:6,-1:2|t:7,-1:2|t:8,-1:2|t:-8,0:2|t:-7,0:2|t:-6,0:2|t:-5,0:2|t:-4,0:2|t:-3,0:2|t:-2,0:3|t:-1,0:3|t:0,0:3|t:1,0:3|t:2,0:3|t:3,0:2|t:4,0:2|t:5,0:2|t:6,0:2|t:7,0:2|t:8,0:2|t:-8,1:2|t:-7,1:2|t:-6,1:2|t:-5,1:2|t:-4,1:2|t:-3,1:2|t:-2,1:3|t:-1,1:3|t:0,1:3|t:1,1:3|t:2,1:3|t:3,1:2|t:4,1:2|t:5,1:2|t:6,1:2|t:7,1:2|t:8,1:2|t:-7,2:2|t:-6,2:2|t:-5,2:2|t:-4,2:2|t:-3,2:3|t:-2,2:3|t:-1,2:3|t:0,2:4|t:1,2:3|t:2,2:3|t:3,2:3|t:4,2:2|t:5,2:2|t:6,2:2|t:7,2:2|t:-6,3:2|t:-5,3:2|t:-4,3:2|t:-3,3:2|t:-2,3:3|t:-1,3:3|t:0,3:3|t:1,3:3|t:2,3:3|t:3,3:2|t:4,3:2|t:5,3:2|t:6,3:2|t:-4,4:2|t:-3,4:2|t:-2,4:3|t:-1,4:3|t:0,4:3|t:1,4:3|t:2,4:3|t:3,4:2|t:4,4:2|t:-4,5:2|t:-3,5:2|t:-2,5:2|t:-1,5:2|t:0,5:3|t:1,5:2|t:2,5:2|t:-4,6:2|t:-3,6:2|t:-2,6:2|t:-1,6:2|t:0,6:2|t:1,6:2|t:2,6:2|t:-4,7:2|t:-3,7:2|t:-2,7:2|t:-1,7:2|t:0,7:2|t:1,7:2|t:2,7:2|t:-3,8:2|t:-2,8:2|t:-1,8:2|t:0,8:2|t:1,8:2"] expected to equal ["standard/r6/core-floor10/target13-17/route14-22/span5-8/lanes7:28/rooms12-35/residual6:2/sky2-5/bal1-3/cant0-0/land7-8/over0.330/court0/market0|form:hill|summit:0,5,2|p:-5,0,-6:alley|p:-4,0,-6:alley|p:-4,0,-5:alley|p:1,0,-4:spine|p:2,0,-4:market|p:1,0,-3:spine|p:2,0,-3:market|p:3,0,-3:alley|p:4,0,-3:alley|p:5,0,-3:alley|p:1,0,-2:spine|p:1,0,-1:spine|p:0,0,0:spine|p:1,0,0:spine|p:1,0,1:alley|p:2,0,1:alley|p:3,0,1:alley|p:1,0,2:alley|p:3,0,2:alley|p:3,0,3:alley|p:-4,0,4:alley|p:-3,0,4:alley|p:-2,0,4:alley|p:-1,0,4:alley|p:3,0,4:alley|p:-4,0,5:alley|p:-2,0,5:alley|p:-4,0,6:alley|p:-4,0,7:alley|p:-4,1,-4:alley|p:-5,1,-3:alley|p:-4,1,-3:alley|p:-5,1,-2:alley|p:-2,1,-1:spine|p:-3,1,0:alley|p:-2,1,0:spine|p:-1,1,0:spine|p:1,1,3:alley|p:0,1,4:alley|p:1,1,4:alley|p:-2,2,-3:spine|p:-1,2,-3:spine|p:-2,2,-2:spine|p:-5,2,-1:alley|p:-5,2,0:alley|p:-4,2,0:alley|p:0,3,-3:spine|p:0,3,-2:spine|p:3,3,-1:spine|p:3,3,0:spine|p:0,4,-1:spine|p:0,4,0:spine|p:0,4,1:spine|p:3,4,1:spine|p:2,4,2:spine|p:3,4,2:spine|p:0,5,2:spine|p:1,5,2:spine|m:1,0,-4|m:1,0,-3|m:1,0,-2|m:1,0,-1|ms:1,0,-4|ms:2,0,-4|ms:1,0,-3|ms:2,0,-3|stamp:market_square:[(1, 0, -4), (2, 0, -4), (1, 0, -3), (2, 0, -3)]|r:1,0,-4|r:1,0,-3|r:1,0,-2|r:1,0,-1|r:1,0,0|r:0,0,0|r:-1,1,0|r:-2,1,0|r:-2,1,-1|r:-2,2,-2|r:-2,2,-3|r:-1,2,-3|r:0,3,-3|r:0,3,-2|r:0,4,-1|r:0,4,0|r:0,4,1|r:0,5,2|r:1,5,2|r:2,4,2|r:3,4,2|r:3,4,1|r:3,3,0|r:3,3,-1|rt:(1, 0, -4)>(1, 0, -3):0|rt:(1, 0, -3)>(1, 0, -2):0|rt:(1, 0, -2)>(1, 0, -1):0|rt:(1, 0, -1)>(1, 0, 0):0|rt:(1, 0, 0)>(-2, 1, 0):1|rt:(-2, 1, 0)>(-2, 2, -3):1|rt:(-2, 2, -3)>(0, 3, -3):2|rt:(0, 3, -3)>(0, 4, 0):1|rt:(0, 4, 0)>(0, 5, 2):2|rt:(0, 5, 2)>(3, 4, 2):1|rt:(3, 4, 2)>(3, 3, -1):1|l0@(1, 0, -4)|lc:2,0,-4|lc:2,0,-3|lt:(1, 0, -4)>(2, 0, -4):0|lt:(2, 0, -4)>(2, 0, -3):0|l1@(1, 0, 0)|lc:1,0,1|lc:1,0,2|lc:1,1,3|lc:1,1,4|lc:0,1,4|lc:-1,0,4|lc:-2,0,4|lc:-2,0,5|lt:(1, 0, 0)>(1, 0, 1):0|lt:(1, 0, 1)>(1, 1, 4):1|lt:(1, 1, 4)>(-2, 0, 4):1|lt:(-2, 0, 4)>(-2, 0, 5):0|l2@(-2, 0, 4)|lc:-3,0,4|lc:-4,0,4|lc:-4,0,5|lc:-4,0,6|lt:(-2, 0, 4)>(-3, 0, 4):0|lt:(-3, 0, 4)>(-4, 0, 4):0|lt:(-4, 0, 4)>(-4, 0, 5):0|lt:(-4, 0, 5)>(-4, 0, 6):0|l3@(-4, 0, 6)|lc:-4,0,7|lt:(-4, 0, 6)>(-4, 0, 7):0|l4@(1, 0, 1)|lc:2,0,1|lt:(1, 0, 1)>(2, 0, 1):0|l5@(-2, 1, 0)|lc:-3,1,0|lc:-4,2,0|lc:-5,2,0|lc:-5,2,-1|lc:-5,1,-2|lc:-5,1,-3|lc:-4,1,-3|lc:-4,1,-4|lt:(-2, 1, 0)>(-5, 2, 0):1|lt:(-5, 2, 0)>(-5, 1, -3):1|lt:(-5, 1, -3)>(-4, 1, -3):0|lt:(-4, 1, -3)>(-4, 1, -4):0|l6@(-4, 1, -4)|lc:-4,0,-5|lc:-4,0,-6|lc:-5,0,-6|lt:(-4, 1, -4)>(-4, 0, -6):2|lt:(-4, 0, -6)>(-5, 0, -6):0|l7@(2, 0, 1)|lc:3,0,1|lc:3,0,2|lc:3,0,3|lc:3,0,4|lt:(2, 0, 1)>(3, 0, 1):0|lt:(3, 0, 1)>(3, 0, 2):0|lt:(3, 0, 2)>(3, 0, 3):0|lt:(3, 0, 3)>(3, 0, 4):0|l8@(2, 0, -3)|lc:3,0,-3|lc:4,0,-3|lc:5,0,-3|lt:(2, 0, -3)>(3, 0, -3):0|lt:(3, 0, -3)>(4, 0, -3):0|lt:(4, 0, -3)>(5, 0, -3):0|loop:(2, 0, -3)>(1, 0, -3):0|b:0:-5,1,-2|b:1:-4,1,-4|b:2:-5,2,-1|b:3:3,3,-1|b:4:3,4,1|be:0:0:-6,-2|be:0:1:-4,-2|be:1:0:-5,-4|be:1:1:-3,-4|be:2:0:-6,-1|be:2:1:-4,-1|be:3:0:2,-1|be:3:1:4,-1|be:4:0:2,1|be:4:1:4,1|a:-5,0,-6|a:-4,0,-6|a:-4,0,-5|a:1,0,-4|a:2,0,-4|a:1,0,-3|a:2,0,-3|a:3,0,-3|a:4,0,-3|a:5,0,-3|a:1,0,-2|a:1,0,-1|a:0,0,0|a:1,0,0|a:1,0,1|a:2,0,1|a:3,0,1|a:1,0,2|a:3,0,2|a:3,0,3|a:-4,0,4|a:-3,0,4|a:-2,0,4|a:-1,0,4|a:3,0,4|a:-4,0,5|a:-2,0,5|a:-4,0,6|a:-4,0,7|a:-5,1,-6|a:-4,1,-6|a:-4,1,-5|a:-4,1,-4|a:1,1,-4|a:2,1,-4|a:-5,1,-3|a:-4,1,-3|a:1,1,-3|a:2,1,-3|a:3,1,-3|a:4,1,-3|a:5,1,-3|a:-5,1,-2|a:1,1,-2|a:-2,1,-1|a:1,1,-1|a:-3,1,0|a:-2,1,0|a:-1,1,0|a:0,1,0|a:1,1,0|a:1,1,1|a:2,1,1|a:3,1,1|a:1,1,2|a:3,1,2|a:1,1,3|a:3,1,3|a:-4,1,4|a:-3,1,4|a:-2,1,4|a:-1,1,4|a:0,1,4|a:1,1,4|a:3,1,4|a:-4,1,5|a:-2,1,5|a:-4,1,6|a:-4,1,7|a:-5,2,-6|a:-4,2,-6|a:-4,2,-5|a:-4,2,-4|a:1,2,-4|a:2,2,-4|a:-5,2,-3|a:-4,2,-3|a:-2,2,-3|a:-1,2,-3|a:1,2,-3|a:2,2,-3|a:3,2,-3|a:4,2,-3|a:5,2,-3|a:-5,2,-2|a:-2,2,-2|a:1,2,-2|a:-5,2,-1|a:-2,2,-1|a:1,2,-1|a:-5,2,0|a:-4,2,0|a:-3,2,0|a:-2,2,0|a:-1,2,0|a:0,2,0|a:1,2,0|a:1,2,1|a:2,2,1|a:3,2,1|a:1,2,2|a:3,2,2|a:1,2,3|a:3,2,3|a:-4,2,4|a:-3,2,4|a:-2,2,4|a:-1,2,4|a:0,2,4|a:1,2,4|a:3,2,4|a:-4,2,5|a:-2,2,5|a:-4,2,6|a:-4,2,7|a:-5,3,-6|a:-4,3,-6|a:-4,3,-5|a:-4,3,-4|a:-5,3,-3|a:-4,3,-3|a:-2,3,-3|a:-1,3,-3|a:0,3,-3|a:3,3,-3|a:4,3,-3|a:-5,3,-2|a:-2,3,-2|a:0,3,-2|a:-5,3,-1|a:-2,3,-1|a:3,3,-1|a:-5,3,0|a:-4,3,0|a:-3,3,0|a:-2,3,0|a:-1,3,0|a:0,3,0|a:3,3,0|a:3,3,1|a:1,3,2|a:3,3,2|a:1,3,3|a:3,3,3|a:-3,3,4|a:-2,3,4|a:-1,3,4|a:0,3,4|a:1,3,4|a:-2,3,5|a:-4,4,-4|a:-5,4,-3|a:-4,4,-3|a:-2,4,-3|a:-1,4,-3|a:0,4,-3|a:3,4,-3|a:4,4,-3|a:-5,4,-2|a:-2,4,-2|a:0,4,-2|a:-5,4,-1|a:-2,4,-1|a:0,4,-1|a:3,4,-1|a:-5,4,0|a:-4,4,0|a:-3,4,0|a:-2,4,0|a:0,4,0|a:3,4,0|a:0,4,1|a:3,4,1|a:1,4,2|a:2,4,2|a:3,4,2|a:3,4,3|a:-3,4,4|a:-2,4,4|a:-1,4,4|a:0,4,4|a:1,4,4|a:-5,5,-3|a:-4,5,-3|a:-2,5,-3|a:-1,5,-3|a:0,5,-3|a:3,5,-3|a:4,5,-3|a:-2,5,-2|a:0,5,-2|a:-5,5,-1|a:-2,5,-1|a:0,5,-1|a:3,5,-1|a:-5,5,0|a:-4,5,0|a:-3,5,0|a:-2,5,0|a:0,5,0|a:3,5,0|a:0,5,1|a:3,5,1|a:0,5,2|a:1,5,2|a:2,5,2|a:3,5,2|a:3,5,3|a:-3,5,4|a:-2,5,4|a:-1,5,4|a:0,5,4|a:1,5,4|a:-4,6,-3|a:-2,6,-3|a:-1,6,-3|a:0,6,-3|a:-2,6,-2|a:0,6,-2|a:-2,6,-1|a:0,6,-1|a:3,6,-1|a:-5,6,0|a:-4,6,0|a:-3,6,0|a:-2,6,0|a:0,6,0|a:3,6,0|a:0,6,1|a:3,6,1|a:0,6,2|a:1,6,2|a:2,6,2|a:3,6,2|a:-4,7,-3|a:-2,7,-3|a:-1,7,-3|a:0,7,-3|a:-2,7,-2|a:0,7,-2|a:-2,7,-1|a:-5,7,0|a:-4,7,0|a:-3,7,0|a:-2,7,0|a:0,7,0|a:3,7,0|a:0,7,1|a:3,7,1|a:0,7,2|a:1,7,2|a:3,7,2|a:-2,8,-2|a:0,8,-2|a:-2,8,-1|a:-5,8,0|a:-4,8,0|a:-3,8,0|a:-2,8,0|a:0,8,0|a:3,8,0|a:1,8,2|a:3,8,2|a:-2,9,-2|a:0,9,-2|a:-2,9,-1|a:-5,9,0|a:-4,9,0|a:-3,9,0|a:-2,9,0|a:0,9,0|a:3,9,0|a:1,9,2|a:3,9,2|a:-2,10,-1|a:-4,10,0|a:-3,10,0|a:-2,10,0|a:0,10,0|a:3,10,0|a:-2,11,-1|a:-4,11,0|a:-3,11,0|a:-2,11,0|a:0,11,0|a:3,11,0|t:-5,-7:2|t:-4,-7:2|t:-3,-7:2|t:-2,-7:2|t:-6,-6:2|t:-5,-6:2|t:-4,-6:2|t:-3,-6:2|t:-2,-6:2|t:-1,-6:2|t:-6,-5:2|t:-5,-5:2|t:-4,-5:2|t:-3,-5:2|t:-2,-5:2|t:-1,-5:2|t:0,-5:2|t:-7,-4:2|t:-6,-4:2|t:-5,-4:2|t:-4,-4:2|t:-3,-4:2|t:-2,-4:2|t:-1,-4:2|t:0,-4:2|t:1,-4:2|t:2,-4:2|t:3,-4:2|t:4,-4:2|t:-7,-3:2|t:-6,-3:2|t:-5,-3:2|t:-4,-3:2|t:-3,-3:2|t:-2,-3:2|t:-1,-3:2|t:0,-3:2|t:1,-3:2|t:2,-3:2|t:3,-3:2|t:4,-3:2|t:5,-3:2|t:6,-3:2|t:-7,-2:2|t:-6,-2:2|t:-5,-2:2|t:-4,-2:2|t:-3,-2:2|t:-2,-2:2|t:-1,-2:2|t:0,-2:2|t:1,-2:2|t:2,-2:2|t:3,-2:2|t:4,-2:2|t:5,-2:2|t:6,-2:2|t:7,-2:2|t:-8,-1:2|t:-7,-1:2|t:-6,-1:2|t:-5,-1:2|t:-4,-1:2|t:-3,-1:2|t:-2,-1:2|t:-1,-1:2|t:0,-1:3|t:1,-1:2|t:2,-1:2|t:3,-1:2|t:4,-1:2|t:5,-1:2|t:6,-1:2|t:7,-1:2|t:8,-1:2|t:-8,0:2|t:-7,0:2|t:-6,0:2|t:-5,0:2|t:-4,0:2|t:-3,0:2|t:-2,0:3|t:-1,0:3|t:0,0:3|t:1,0:3|t:2,0:3|t:3,0:2|t:4,0:2|t:5,0:2|t:6,0:2|t:7,0:2|t:8,0:2|t:-8,1:2|t:-7,1:2|t:-6,1:2|t:-5,1:2|t:-4,1:2|t:-3,1:2|t:-2,1:3|t:-1,1:3|t:0,1:3|t:1,1:3|t:2,1:3|t:3,1:2|t:4,1:2|t:5,1:2|t:6,1:2|t:7,1:2|t:8,1:2|t:-7,2:2|t:-6,2:2|t:-5,2:2|t:-4,2:2|t:-3,2:3|t:-2,2:3|t:-1,2:3|t:0,2:4|t:1,2:3|t:2,2:3|t:3,2:3|t:4,2:2|t:5,2:2|t:6,2:2|t:7,2:2|t:-6,3:2|t:-5,3:2|t:-4,3:2|t:-3,3:2|t:-2,3:3|t:-1,3:3|t:0,3:3|t:1,3:3|t:2,3:3|t:3,3:2|t:4,3:2|t:5,3:2|t:6,3:2|t:-4,4:2|t:-3,4:2|t:-2,4:3|t:-1,4:3|t:0,4:3|t:1,4:3|t:2,4:3|t:3,4:2|t:4,4:2|t:-4,5:2|t:-3,5:2|t:-2,5:2|t:-1,5:2|t:0,5:3|t:1,5:2|t:2,5:2|t:-4,6:2|t:-3,6:2|t:-2,6:2|t:-1,6:2|t:0,6:2|t:1,6:2|t:2,6:2|t:-4,7:2|t:-3,7:2|t:-2,7:2|t:-1,7:2|t:0,7:2|t:1,7:2|t:2,7:2|t:-3,8:2|t:-2,8:2|t:-1,8:2|t:0,8:2|t:1,8:2"]:  dictionary insertion order may not steer construction
          at line 470
- test_one_pass_block_partition_uses_authored_parcel_contracts
    [Failed]:  [7] expected to be > than [9]:
          at line 556

res://tests/test_warren_maze_plots.gd
- test_add_plot_demands_a_real_door_for_a_house_or_an_asset
    [Failed]:  [0] expected to be > than [0]:  the fixture carries a source-proved bridge bore
          at line 497
- test_the_plaza_deck_is_a_room_not_a_lane
    [Failed]:  [2] expected to equal [3]:  2 of the four planner towns site a plaza; the pin is 3 -- a siting rule that stops finding sites leaves every other assertion in this file green
          at line 1441
- test_streets_keep_their_floor
    [Failed]:  [0] expected to equal [3]:  seed 12 compact adds no floating street
          at line 1922
    [Failed]:  [3] expected to equal [4]:  seed 2 standard adds no floating street
          at line 1922
    [Failed]:  [2] expected to equal [3]:  seed 5 standard adds no floating street
          at line 1922
    [Failed]:  [5] expected to equal [6]:  seed 6 standard adds no floating street
          at line 1922
    [Failed]:  Expected [<null>] to be anything but NULL:  ramp 12/compact must seal: carve: single spine DFS exhausted 7 visits
          at line 1946
    [Failed]:  Expected [<RefCounted#-9223371347227304940>(WarrenMazeSourcePlan.gd)] to be NULL:  step 3/standard is a pinned sloped refusal and it sealed; take it out of SLOPED_REFUSED_ROWS
          at line 1943
    [Failed]:  [2] expected to equal [3]:  every sloped row except the pinned refusals must seal far enough to check its street floors
          at line 1958
- test_flat_roof_parcels_relax_parity_for_every_maze_house
    [Failed]:  [0] expected to be > than [0]:  the town really has something standing on a roof
          at line 2336
- test_sloped_ground_seals_and_translates
    [Failed]:  Expected [<null>] to be anything but NULL:  ramp 12/compact must seal on real ground: carve: single spine DFS exhausted 7 visits
          at line 3274
    [Failed]:  [0.45833333333333] expected to be >= than [0.55]:  step 12/compact addresses only 0.458 of its passage cells
          at line 3293
    [Failed]:  Expected [<RefCounted#-9223371347227304940>(WarrenMazeSourcePlan.gd)] to be NULL:  step 3/standard is a pinned sloped refusal and it carved; take it out of SLOPED_REFUSED_ROWS
          at line 3271
    [Failed]:  [2] expected to equal [3]:  every sloped row except the pinned refusals must seal
          at line 3297
- test_deck_datums_equal_their_fronting_street_band
    [Failed]:  [0] expected to be > than [0]:  the sloped corpus must place decks to measure
          at line 3449

Totals
------
Scripts               2
Tests                55
Passing Tests        46
Failing Tests         9
Asserts           5397/5415
Time              29.208s


---- 9 failing tests ----
