Godot Engine v4.5.1.stable.official.f62fdbde1 - https://godotengine.org

---  GUT  ---
[INFO]:  using [/Users/ryko/Library/Application Support/Godot/app_userdata/Story] for temporary output.
Godot version:  4.5.1
GUT version:  9.5.0


res://tests/test_town_layout_field.gd
* test_towns_share_a_continuously_varied_mass_field
* test_reclaimed_courts_join_only_real_walk_landings
* test_new_room_projection_reserves_its_bracket_below_the_floor
* test_retained_boolean_cells_do_not_masquerade_as_tagged_stone
* test_same_size_budget_contains_both_open_and_dense_fields
* test_source_voids_keep_existing_public_route_ownership
6/6 passed.




==============================================
= Run Summary
==============================================

Totals
------
Scripts               1
Tests                 6
Passing Tests         6
Asserts              80
Time              12.161s


---- All tests passed! ----
