Godot Engine v4.5.1.stable.official.f62fdbde1 - https://godotengine.org

SOURCE 1 compact tunnels=0 bridges=0
COMPILED 1 compact { "clipped": 403, "removed": 17, "joins": 12 }
SOURCE 2 compact tunnels=0 bridges=2
COMPILED 2 compact { "clipped": 516, "removed": 34, "joins": 10 }
SOURCE 3 compact tunnels=0 bridges=0
COMPILED 3 compact { "clipped": 333, "removed": 24, "joins": 8 }
SOURCE 4 compact tunnels=0 bridges=0
COMPILED 4 compact { "clipped": 360, "removed": 32, "joins": 10 }
SOURCE 5 compact tunnels=0 bridges=1
COMPILED 5 compact { "clipped": 266, "removed": 9, "joins": 11 }
SOURCE 6 compact tunnels=0 bridges=1
COMPILED 6 compact { "clipped": 262, "removed": 11, "joins": 15 }
SOURCE 7 compact tunnels=0 bridges=0
COMPILED 7 compact { "clipped": 135, "removed": 0, "joins": 9 }
SOURCE 8 compact tunnels=1 bridges=0
COMPILED 8 compact { "clipped": 202, "removed": 3, "joins": 7 }
SOURCE 9 compact tunnels=0 bridges=2
COMPILED 9 compact { "clipped": 392, "removed": 21, "joins": 9 }
SOURCE 10 compact tunnels=0 bridges=1
COMPILED 10 compact { "clipped": 180, "removed": 10, "joins": 6 }
SOURCE 11 compact tunnels=0 bridges=2
COMPILED 11 compact { "clipped": 178, "removed": 11, "joins": 7 }
SOURCE 12 compact tunnels=0 bridges=0
COMPILED 12 compact { "clipped": 165, "removed": 11, "joins": 4 }
SOURCE 1 standard tunnels=0 bridges=5
COMPILED 1 standard { "clipped": 597, "removed": 24, "joins": 30 }
SOURCE 2 standard tunnels=0 bridges=5
COMPILED 2 standard { "clipped": 695, "removed": 23, "joins": 20 }
SOURCE 3 standard tunnels=0 bridges=0
COMPILED 3 standard { "clipped": 607, "removed": 29, "joins": 20 }
SOURCE 4 standard tunnels=0 bridges=4
COMPILED 4 standard { "clipped": 441, "removed": 20, "joins": 13 }
SOURCE 5 standard tunnels=0 bridges=4
COMPILED 5 standard { "clipped": 572, "removed": 14, "joins": 14 }
SOURCE 6 standard tunnels=0 bridges=2
COMPILED 6 standard { "clipped": 516, "removed": 9, "joins": 26 }
SOURCE 7 standard tunnels=0 bridges=2
COMPILED 7 standard { "clipped": 226, "removed": 3, "joins": 7 }
SOURCE 8 standard tunnels=0 bridges=2
COMPILED 8 standard { "clipped": 453, "removed": 5, "joins": 12 }
SOURCE 9 standard tunnels=0 bridges=1
COMPILED 9 standard { "clipped": 472, "removed": 21, "joins": 24 }
SOURCE 10 standard tunnels=0 bridges=5
COMPILED 10 standard { "clipped": 437, "removed": 14, "joins": 16 }
SOURCE 11 standard tunnels=0 bridges=5
COMPILED 11 standard { "clipped": 358, "removed": 7, "joins": 13 }
SOURCE 12 standard tunnels=0 bridges=0
COMPILED 12 standard { "clipped": 225, "removed": 1, "joins": 6 }
SOURCE 1 large tunnels=0 bridges=4
COMPILED 1 large { "clipped": 653, "removed": 33, "joins": 20 }
SOURCE 2 large tunnels=0 bridges=6
COMPILED 2 large { "clipped": 1037, "removed": 60, "joins": 18 }
SOURCE 3 large tunnels=0 bridges=3
COMPILED 3 large { "clipped": 635, "removed": 14, "joins": 27 }
SOURCE 4 large tunnels=1 bridges=4
SPATIAL_FAIL 4 large public volume carve produced no route floor
SOURCE 5 large tunnels=1 bridges=4
COMPILED 5 large { "clipped": 597, "removed": 9, "joins": 18 }
SOURCE 6 large tunnels=0 bridges=5
COMPILED 6 large { "clipped": 743, "removed": 20, "joins": 17 }
SOURCE 7 large tunnels=0 bridges=1
COMPILED 7 large { "clipped": 156, "removed": 1, "joins": 3 }
SOURCE 8 large tunnels=2 bridges=6
COMPILED 8 large { "clipped": 670, "removed": 18, "joins": 18 }
SOURCE 9 large tunnels=0 bridges=1
COMPILED 9 large { "clipped": 481, "removed": 19, "joins": 10 }
SOURCE 10 large tunnels=1 bridges=4
COMPILED 10 large { "clipped": 828, "removed": 30, "joins": 32 }
SOURCE 11 large tunnels=0 bridges=4
COMPILED 11 large { "clipped": 549, "removed": 13, "joins": 11 }
SOURCE 12 large tunnels=0 bridges=0
COMPILED 12 large { "clipped": 381, "removed": 19, "joins": 9 }
SOURCE 1 grand tunnels=1 bridges=5
COMPILED 1 grand { "clipped": 909, "removed": 29, "joins": 29 }
SOURCE 2 grand tunnels=0 bridges=7
COMPILED 2 grand { "clipped": 1046, "removed": 47, "joins": 24 }
SOURCE 3 grand tunnels=0 bridges=2
COMPILED 3 grand { "clipped": 366, "removed": 18, "joins": 8 }
SOURCE 4 grand tunnels=0 bridges=4
COMPILED 4 grand { "clipped": 848, "removed": 38, "joins": 27 }
SOURCE 5 grand tunnels=1 bridges=4
COMPILED 5 grand { "clipped": 847, "removed": 36, "joins": 29 }
SOURCE 6 grand tunnels=1 bridges=6
COMPILED 6 grand { "clipped": 837, "removed": 26, "joins": 23 }
SOURCE 7 grand tunnels=0 bridges=3
COMPILED 7 grand { "clipped": 370, "removed": 5, "joins": 14 }
SOURCE 8 grand tunnels=0 bridges=7
COMPILED 8 grand { "clipped": 1161, "removed": 39, "joins": 29 }
SOURCE 9 grand tunnels=0 bridges=3
COMPILED 9 grand { "clipped": 695, "removed": 10, "joins": 16 }
SOURCE 10 grand tunnels=0 bridges=5
COMPILED 10 grand { "clipped": 801, "removed": 20, "joins": 26 }
SOURCE 11 grand tunnels=0 bridges=7
COMPILED 11 grand { "clipped": 792, "removed": 27, "joins": 24 }
SOURCE 12 grand tunnels=0 bridges=5
COMPILED 12 grand { "clipped": 724, "removed": 13, "joins": 27 }
SURVEY total_tunnel_cells=9 covered=9 failures=1
