Godot Engine v4.5.1.stable.official.f62fdbde1 - https://godotengine.org

ERROR: Condition "ret != noErr" is true. Returning: ""
   at: get_system_ca_certificates (platform/macos/os_macos.mm:991)
TARGETKIT [&"suntail.frame.gable_l"]
GABLE { "asset_id": &"suntail.frame.gable_l", "transform": [X: (0.0, 0.0, 1.0), Y: (0.0, 1.0, 0.0), Z: (-1.0, 0.0, 0.0), O: (-28.0, 3.0, 17.0)], "role": &"gable.left", "stable_id": &"kit.spatial.parcel.maze.house.027/k0127", "color": (1.0, 1.0, 1.0, 1.0), "roof_index": 21 }
GABLE { "asset_id": &"suntail.frame.frame_wall_2_w", "transform": [X: (0.0, 0.0, 1.0), Y: (0.0, 1.0, 0.0), Z: (-1.0, 0.0, 0.0), O: (-28.0, 3.0, 19.0)], "role": &"gable.wall", "stable_id": &"kit.spatial.parcel.maze.house.027/k0128", "color": (1.0, 1.0, 1.0, 1.0), "roof_index": 21 }
GABLE { "asset_id": &"suntail.frame.frame_wall_1_w", "transform": [X: (0.0, 0.0, 1.0), Y: (0.0, 1.0, 0.0), Z: (-1.0, 0.0, 0.0), O: (-28.0, 3.0, 21.0)], "role": &"gable.wall", "stable_id": &"kit.spatial.parcel.maze.house.027/k0129", "color": (1.0, 1.0, 1.0, 1.0), "roof_index": 21 }
GABLE { "asset_id": &"suntail.frame.gable_r", "transform": [X: (0.0, 0.0, 1.0), Y: (0.0, 1.0, 0.0), Z: (-1.0, 0.0, 0.0), O: (-28.0, 3.0, 23.0)], "role": &"gable.right", "stable_id": &"kit.spatial.parcel.maze.house.027/k0130", "color": (1.0, 1.0, 1.0, 1.0), "roof_index": 21 }
GABLE { "asset_id": &"suntail.frame.gable_l", "transform": [X: (0.0, 0.0, 1.0), Y: (0.0, 1.0, 0.0), Z: (-1.0, 0.0, 0.0), O: (-28.0, 6.0, 19.0)], "role": &"gable.left", "stable_id": &"kit.spatial.parcel.maze.house.027/k0131", "color": (1.0, 1.0, 1.0, 1.0), "roof_index": 21 }
GABLE { "asset_id": &"suntail.frame.gable_r", "transform": [X: (0.0, 0.0, 1.0), Y: (0.0, 1.0, 0.0), Z: (-1.0, 0.0, 0.0), O: (-28.0, 6.0, 21.0)], "role": &"gable.right", "stable_id": &"kit.spatial.parcel.maze.house.027/k0132", "color": (1.0, 1.0, 1.0, 1.0), "roof_index": 21 }
GABLE { "asset_id": &"suntail.frame.gable_r", "transform": [X: (-0.0, 0.0, -1.0), Y: (0.0, 1.0, 0.0), Z: (1.0, 0.0, -0.0), O: (-20.0, 3.0, 17.0)], "role": &"gable.right", "stable_id": &"kit.spatial.parcel.maze.house.027/k0137", "color": (1.0, 1.0, 1.0, 1.0), "roof_index": 21 }
GABLE { "asset_id": &"suntail.frame.frame_wall_1_w", "transform": [X: (-0.0, 0.0, -1.0), Y: (0.0, 1.0, 0.0), Z: (1.0, 0.0, -0.0), O: (-20.0, 3.0, 19.0)], "role": &"gable.wall", "stable_id": &"kit.spatial.parcel.maze.house.027/k0138", "color": (1.0, 1.0, 1.0, 1.0), "roof_index": 21 }
GABLE { "asset_id": &"suntail.frame.frame_wall_1_w", "transform": [X: (-0.0, 0.0, -1.0), Y: (0.0, 1.0, 0.0), Z: (1.0, 0.0, -0.0), O: (-20.0, 3.0, 21.0)], "role": &"gable.wall", "stable_id": &"kit.spatial.parcel.maze.house.027/k0139", "color": (1.0, 1.0, 1.0, 1.0), "roof_index": 21 }
GABLE { "asset_id": &"suntail.frame.gable_l", "transform": [X: (-0.0, 0.0, -1.0), Y: (0.0, 1.0, 0.0), Z: (1.0, 0.0, -0.0), O: (-20.0, 3.0, 23.0)], "role": &"gable.left", "stable_id": &"kit.spatial.parcel.maze.house.027/k0140", "color": (1.0, 1.0, 1.0, 1.0), "roof_index": 21 }
GABLE { "asset_id": &"suntail.frame.gable_r", "transform": [X: (-0.0, 0.0, -1.0), Y: (0.0, 1.0, 0.0), Z: (1.0, 0.0, -0.0), O: (-20.0, 6.0, 19.0)], "role": &"gable.right", "stable_id": &"kit.spatial.parcel.maze.house.027/k0141", "color": (1.0, 1.0, 1.0, 1.0), "roof_index": 21 }
GABLE { "asset_id": &"suntail.frame.gable_l", "transform": [X: (-0.0, 0.0, -1.0), Y: (0.0, 1.0, 0.0), Z: (1.0, 0.0, -0.0), O: (-20.0, 6.0, 21.0)], "role": &"gable.left", "stable_id": &"kit.spatial.parcel.maze.house.027/k0142", "color": (1.0, 1.0, 1.0, 1.0), "roof_index": 21 }
HOLEPOINT (-20.0, 6.113, 18.367)
HOLEPOINT (-20.0, 6.113, 18.767)
HOLEPOINT (-20.0, 6.113, 19.167)
HOLEPOINT (-20.0, 6.113, 19.567)
HOLEPOINT (-20.0, 6.113, 19.967)
HOLEPOINT (-20.0, 6.113, 18.367)
HOLEPOINT (-20.0, 6.113, 18.767)
HOLEPOINT (-20.0, 6.113, 19.167)
HOLEPOINT (-20.0, 6.113, 19.567)
HOLEPOINT (-20.0, 6.113, 19.967)
HOLEPOINT (-20.0, 6.113, 18.367)
HOLEPOINT (-20.0, 6.113, 18.767)
HOLEPOINT (-20.0, 6.113, 19.167)
HOLEPOINT (-20.0, 6.113, 19.567)
HOLEPOINT (-20.0, 6.113, 19.967)
HOLEPOINT (-20.0, 6.113, 18.367)
HOLEPOINT (-20.0, 6.113, 18.767)
HOLEPOINT (-20.0, 6.113, 19.167)
HOLEPOINT (-20.0, 6.113, 19.567)
HOLEPOINT (-20.0, 6.113, 19.967)
HOLEPOINT (-20.0, 6.113, 18.367)
HOLEPOINT (-20.0, 6.113, 18.767)
HOLEPOINT (-20.0, 6.113, 19.167)
HOLEPOINT (-20.0, 6.113, 19.567)
HOLEPOINT (-20.0, 6.113, 19.967)
HOLEPOINT (-20.0, 6.113, 18.367)
HOLEPOINT (-20.0, 6.113, 18.767)
HOLEPOINT (-20.0, 6.113, 19.167)
HOLEPOINT (-20.0, 6.113, 19.567)
HOLEPOINT (-20.0, 6.113, 19.967)
HOLEPOINT (-20.0, 6.113, 18.367)
HOLEPOINT (-20.0, 6.113, 18.767)
HOLEPOINT (-20.0, 6.113, 19.167)
HOLEPOINT (-20.0, 6.113, 19.567)
HOLEPOINT (-20.0, 6.113, 19.967)
HOLEPOINT (-20.0, 6.113, 18.367)
HOLEPOINT (-20.0, 6.113, 18.767)
HOLEPOINT (-20.0, 6.113, 19.167)
HOLEPOINT (-20.0, 6.113, 19.567)
HOLEPOINT (-20.0, 6.113, 19.967)
HOLEPOINT (-20.0, 6.113, 18.367)
HOLEPOINT (-20.0, 6.113, 18.767)
HOLEPOINT (-20.0, 6.113, 19.167)
HOLEPOINT (-20.0, 6.113, 19.567)
HOLEPOINT (-20.0, 6.113, 19.967)
HOLEPOINT (-20.0, 6.113, 18.367)
HOLEPOINT (-20.0, 6.113, 18.767)
HOLEPOINT (-20.0, 6.113, 19.167)
HOLEPOINT (-20.0, 6.113, 19.567)
HOLEPOINT (-20.0, 6.113, 19.967)
HOLEPOINT (-20.0, 6.113, 18.367)
HOLEPOINT (-20.0, 6.113, 18.767)
HOLEPOINT (-20.0, 6.113, 19.167)
HOLEPOINT (-20.0, 6.113, 19.567)
HOLEPOINT (-20.0, 6.113, 19.967)
HOLEPOINT (-20.0, 6.113, 18.367)
HOLEPOINT (-20.0, 6.113, 18.767)
HOLEPOINT (-20.0, 6.113, 19.167)
HOLEPOINT (-20.0, 6.113, 19.567)
HOLEPOINT (-20.0, 6.113, 19.967)
HOLEPOINT (-20.0, 6.113, 18.367)
HOLEPOINT (-20.0, 6.113, 18.767)
HOLEPOINT (-20.0, 6.113, 19.167)
HOLEPOINT (-20.0, 6.113, 19.567)
HOLEPOINT (-20.0, 6.113, 19.967)
HOLEPOINT (-20.0, 6.113, 18.367)
HOLEPOINT (-20.0, 6.113, 18.767)
HOLEPOINT (-20.0, 6.113, 19.167)
HOLEPOINT (-20.0, 6.113, 19.567)
HOLEPOINT (-20.0, 6.113, 19.967)
HOLEPOINT (-20.0, 6.113, 18.367)
HOLEPOINT (-20.0, 6.113, 18.767)
HOLEPOINT (-20.0, 6.113, 19.167)
HOLEPOINT (-20.0, 6.113, 19.567)
HOLEPOINT (-20.0, 6.113, 19.967)
HOLEPOINT (-20.0, 6.113, 18.367)
HOLEPOINT (-20.0, 6.113, 18.767)
HOLEPOINT (-20.0, 6.113, 19.167)
HOLEPOINT (-20.0, 6.113, 19.567)
HOLEPOINT (-20.0, 6.113, 19.967)
HOLEPOINT (-20.0, 6.113, 18.367)
HOLEPOINT (-20.0, 6.113, 18.767)
HOLEPOINT (-20.0, 6.113, 19.167)
HOLEPOINT (-20.0, 6.113, 19.567)
HOLEPOINT (-20.0, 6.113, 19.967)
HOLEPOINT (-20.0, 6.113, 18.367)
HOLEPOINT (-20.0, 6.113, 18.767)
HOLEPOINT (-20.0, 6.113, 19.167)
HOLEPOINT (-20.0, 6.113, 19.567)
HOLEPOINT (-20.0, 6.113, 19.967)
HOLEPOINT (-20.0, 6.113, 18.367)
HOLEPOINT (-20.0, 6.113, 18.767)
HOLEPOINT (-20.0, 6.113, 19.167)
HOLEPOINT (-20.0, 6.113, 19.567)
HOLEPOINT (-20.0, 6.113, 19.967)
HOLEPOINT (-20.0, 6.113, 18.367)
HOLEPOINT (-20.0, 6.113, 18.767)
HOLEPOINT (-20.0, 6.113, 19.167)
HOLEPOINT (-20.0, 6.113, 19.567)
HOLEPOINT (-20.0, 6.113, 19.967)
HOLEPOINT (-20.0, 6.113, 18.367)
HOLEPOINT (-20.0, 6.113, 18.767)
HOLEPOINT (-20.0, 6.113, 19.167)
HOLEPOINT (-20.0, 6.113, 19.567)
HOLEPOINT (-20.0, 6.113, 19.967)
HOLEPOINT (-20.0, 6.113, 18.367)
HOLEPOINT (-20.0, 6.113, 18.767)
HOLEPOINT (-20.0, 6.113, 19.167)
HOLEPOINT (-20.0, 6.113, 19.567)
HOLEPOINT (-20.0, 6.113, 19.967)
CUTTER 23 REMAINING 0 ROOF { "rect": [P: (-10, 8), S: (2, 2)], "axis": 1, "eave_band": 4, "colour": &"blue", "open_min": true, "open_max": false, "extend_min": 1, "extend_max": 0, "dormers": {  }, "ridge_peaks": false, "clip_min": 7.0, &"union_index": 23 }
HOLEPOINT (-20.0, 6.113, 18.367)
HOLEPOINT (-20.0, 6.113, 18.767)
HOLEPOINT (-20.0, 6.113, 19.167)
HOLEPOINT (-20.0, 6.113, 19.567)
HOLEPOINT (-20.0, 6.113, 19.967)
HOLEPOINT (-20.0, 6.113, 18.367)
HOLEPOINT (-20.0, 6.113, 18.767)
HOLEPOINT (-20.0, 6.113, 19.167)
HOLEPOINT (-20.0, 6.113, 19.567)
HOLEPOINT (-20.0, 6.113, 19.967)
HOLEPOINT (-20.0, 6.113, 18.367)
HOLEPOINT (-20.0, 6.113, 18.767)
HOLEPOINT (-20.0, 6.113, 19.167)
HOLEPOINT (-20.0, 6.113, 19.567)
HOLEPOINT (-20.0, 6.113, 19.967)
HOLEPOINT (-20.0, 6.113, 18.367)
HOLEPOINT (-20.0, 6.113, 18.767)
HOLEPOINT (-20.0, 6.113, 19.167)
HOLEPOINT (-20.0, 6.113, 19.567)
HOLEPOINT (-20.0, 6.113, 19.967)
HOLEPOINT (-20.0, 6.113, 18.367)
HOLEPOINT (-20.0, 6.113, 18.767)
HOLEPOINT (-20.0, 6.113, 19.167)
HOLEPOINT (-20.0, 6.113, 19.567)
HOLEPOINT (-20.0, 6.113, 19.967)
HOLEPOINT (-20.0, 6.113, 18.367)
HOLEPOINT (-20.0, 6.113, 18.767)
HOLEPOINT (-20.0, 6.113, 19.167)
HOLEPOINT (-20.0, 6.113, 19.567)
HOLEPOINT (-20.0, 6.113, 19.967)
HOLEPOINT (-20.0, 6.113, 18.367)
HOLEPOINT (-20.0, 6.113, 18.767)
HOLEPOINT (-20.0, 6.113, 19.167)
HOLEPOINT (-20.0, 6.113, 19.567)
HOLEPOINT (-20.0, 6.113, 19.967)
HOLEPOINT (-20.0, 6.113, 18.367)
HOLEPOINT (-20.0, 6.113, 18.767)
HOLEPOINT (-20.0, 6.113, 19.167)
HOLEPOINT (-20.0, 6.113, 19.567)
HOLEPOINT (-20.0, 6.113, 19.967)
HOLEPOINT (-20.0, 6.113, 18.367)
HOLEPOINT (-20.0, 6.113, 18.767)
HOLEPOINT (-20.0, 6.113, 19.167)
HOLEPOINT (-20.0, 6.113, 19.567)
HOLEPOINT (-20.0, 6.113, 19.967)
HOLEPOINT (-20.0, 6.113, 18.367)
HOLEPOINT (-20.0, 6.113, 18.767)
HOLEPOINT (-20.0, 6.113, 19.167)
HOLEPOINT (-20.0, 6.113, 19.567)
HOLEPOINT (-20.0, 6.113, 19.967)
HOLEPOINT (-20.0, 6.113, 18.367)
HOLEPOINT (-20.0, 6.113, 18.767)
HOLEPOINT (-20.0, 6.113, 19.167)
HOLEPOINT (-20.0, 6.113, 19.567)
HOLEPOINT (-20.0, 6.113, 19.967)
HOLEPOINT (-20.0, 6.113, 18.367)
HOLEPOINT (-20.0, 6.113, 18.767)
HOLEPOINT (-20.0, 6.113, 19.167)
HOLEPOINT (-20.0, 6.113, 19.567)
HOLEPOINT (-20.0, 6.113, 19.967)
HOLEPOINT (-20.0, 6.113, 18.367)
HOLEPOINT (-20.0, 6.113, 18.767)
HOLEPOINT (-20.0, 6.113, 19.167)
HOLEPOINT (-20.0, 6.113, 19.567)
HOLEPOINT (-20.0, 6.113, 19.967)
HOLEPOINT (-20.0, 6.113, 18.367)
HOLEPOINT (-20.0, 6.113, 18.767)
HOLEPOINT (-20.0, 6.113, 19.167)
HOLEPOINT (-20.0, 6.113, 19.567)
HOLEPOINT (-20.0, 6.113, 19.967)
HOLEPOINT (-20.0, 6.113, 18.367)
HOLEPOINT (-20.0, 6.113, 18.767)
HOLEPOINT (-20.0, 6.113, 19.167)
HOLEPOINT (-20.0, 6.113, 19.567)
HOLEPOINT (-20.0, 6.113, 19.967)
HOLEPOINT (-20.0, 6.113, 18.367)
HOLEPOINT (-20.0, 6.113, 18.767)
HOLEPOINT (-20.0, 6.113, 19.167)
HOLEPOINT (-20.0, 6.113, 19.567)
HOLEPOINT (-20.0, 6.113, 19.967)
HOLEPOINT (-20.0, 6.113, 18.367)
HOLEPOINT (-20.0, 6.113, 18.767)
HOLEPOINT (-20.0, 6.113, 19.167)
HOLEPOINT (-20.0, 6.113, 19.567)
HOLEPOINT (-20.0, 6.113, 19.967)
HOLEPOINT (-20.0, 6.113, 18.367)
HOLEPOINT (-20.0, 6.113, 18.767)
HOLEPOINT (-20.0, 6.113, 19.167)
HOLEPOINT (-20.0, 6.113, 19.567)
HOLEPOINT (-20.0, 6.113, 19.967)
HOLEPOINT (-20.0, 6.113, 18.367)
HOLEPOINT (-20.0, 6.113, 18.767)
HOLEPOINT (-20.0, 6.113, 19.167)
HOLEPOINT (-20.0, 6.113, 19.567)
HOLEPOINT (-20.0, 6.113, 19.967)
HOLEPOINT (-20.0, 6.113, 18.367)
HOLEPOINT (-20.0, 6.113, 18.767)
HOLEPOINT (-20.0, 6.113, 19.167)
HOLEPOINT (-20.0, 6.113, 19.567)
HOLEPOINT (-20.0, 6.113, 19.967)
HOLEPOINT (-20.0, 6.113, 18.367)
HOLEPOINT (-20.0, 6.113, 18.767)
HOLEPOINT (-20.0, 6.113, 19.167)
HOLEPOINT (-20.0, 6.113, 19.567)
HOLEPOINT (-20.0, 6.113, 19.967)
HOLEPOINT (-20.0, 6.113, 18.367)
HOLEPOINT (-20.0, 6.113, 18.767)
HOLEPOINT (-20.0, 6.113, 19.167)
HOLEPOINT (-20.0, 6.113, 19.567)
HOLEPOINT (-20.0, 6.113, 19.967)
HOLEPOINT (-20.0, 6.113, 18.367)
HOLEPOINT (-20.0, 6.113, 18.767)
HOLEPOINT (-20.0, 6.113, 19.167)
HOLEPOINT (-20.0, 6.113, 19.567)
HOLEPOINT (-20.0, 6.113, 19.967)
HOLEPOINT (-20.0, 6.113, 18.367)
HOLEPOINT (-20.0, 6.113, 18.767)
HOLEPOINT (-20.0, 6.113, 19.167)
HOLEPOINT (-20.0, 6.113, 19.567)
HOLEPOINT (-20.0, 6.113, 19.967)
HOLEPOINT (-20.0, 6.113, 18.367)
HOLEPOINT (-20.0, 6.113, 18.767)
HOLEPOINT (-20.0, 6.113, 19.167)
HOLEPOINT (-20.0, 6.113, 19.567)
HOLEPOINT (-20.0, 6.113, 19.967)
HOLEPOINT (-20.0, 6.113, 18.367)
HOLEPOINT (-20.0, 6.113, 18.767)
HOLEPOINT (-20.0, 6.113, 19.167)
HOLEPOINT (-20.0, 6.113, 19.567)
HOLEPOINT (-20.0, 6.113, 19.967)
HOLEPOINT (-20.0, 6.113, 18.367)
HOLEPOINT (-20.0, 6.113, 18.767)
HOLEPOINT (-20.0, 6.113, 19.167)
HOLEPOINT (-20.0, 6.113, 19.567)
HOLEPOINT (-20.0, 6.113, 19.967)
HOLEPOINT (-20.0, 6.113, 18.367)
HOLEPOINT (-20.0, 6.113, 18.767)
HOLEPOINT (-20.0, 6.113, 19.167)
HOLEPOINT (-20.0, 6.113, 19.567)
HOLEPOINT (-20.0, 6.113, 19.967)
HOLEPOINT (-20.0, 6.113, 18.367)
HOLEPOINT (-20.0, 6.113, 18.767)
HOLEPOINT (-20.0, 6.113, 19.167)
HOLEPOINT (-20.0, 6.113, 19.567)
HOLEPOINT (-20.0, 6.113, 19.967)
MODE normal HOLES 5
HOLEPOINT (-20.0, 6.113, 18.367)
HOLEPOINT (-20.0, 6.113, 18.767)
HOLEPOINT (-20.0, 6.113, 19.167)
HOLEPOINT (-20.0, 6.113, 19.567)
HOLEPOINT (-20.0, 6.113, 19.967)
MODE no_walls HOLES 5
MODE no_roofs HOLES 0
HOLEPOINT (-20.0, 6.113, 18.367)
HOLEPOINT (-20.0, 6.113, 18.767)
HOLEPOINT (-20.0, 6.113, 19.167)
HOLEPOINT (-20.0, 6.113, 19.567)
HOLEPOINT (-20.0, 6.113, 19.967)
MODE no_clips HOLES 5
MODE raw HOLES 0
HOLEPOINT (-20.0, 6.113, 18.367)
HOLEPOINT (-20.0, 6.113, 18.767)
HOLEPOINT (-20.0, 6.113, 19.167)
HOLEPOINT (-20.0, 6.113, 19.567)
HOLEPOINT (-20.0, 6.113, 19.967)
AUDIT { "roofs": 52, "tiny": 1, "tiny_beside": 1, "open_ends": 17, "open_exposed": 0, "gable_ends": 87, "gable_holes": 1, "air_roofs": 0, "air_unsupported": 0, "eaves_cut": 0, "examples": ["tiny_beside kit.spatial.parcel.maze.house.000 [P: (-2, 7), S: (2, 1)] axis=0 eave=10", "gable_hole end=1 samples=5 kit.spatial.parcel.maze.house.027 [P: (-14, 8), S: (4, 4)] axis=0 eave=2"], "uncapped_towers": 0, &"seed": -1, &"towers": 0, &"decks": 24 }
