Godot Engine v4.5.1.stable.official.f62fdbde1 - https://godotengine.org

ERROR: Condition "ret != noErr" is true. Returning: ""
   at: get_system_ca_certificates (platform/macos/os_macos.mm:991)
---  GUT  ---
[1m[INFO]:  [0musing [/Users/ryko/Library/Application Support/Godot/app_userdata/Story] for temporary output.
Godot version:  4.5.1
GUT version:  9.5.0
[4m

res://tests/test_gable_eave_junction.gd
[0m* test_taller_cross_roof_does_not_strip_the_exposed_gable
[31m    [Failed]:  [0m[1] expected to equal [0]:  ["gable_hole end=1 samples=5 gable-junction [P: (-4, 0), S: (4, 4)] axis=0 eave=2"]
      at line 20
[1m0/1 passed.
[0m



[33m==============================================
[0m[33m= Run Summary
[0m[33m==============================================
[0m[4m
res://tests/test_gable_eave_junction.gd
[0m- test_taller_cross_roof_does_not_strip_the_exposed_gable
[31m    [Failed]:  [0m[1] expected to equal [0]:  ["gable_hole end=1 samples=5 gable-junction [P: (-4, 0), S: (4, 4)] axis=0 eave=2"]
          at line 20

Totals
------
Scripts               1
Tests                 1
Passing Tests      none
Failing Tests         1
Asserts             0/1
Time              1.748s


[31m---- 1 failing tests ----
[0m
