Godot Engine v4.5.1.stable.official.f62fdbde1 - https://godotengine.org

ERROR: Condition "ret != noErr" is true. Returning: ""
   at: get_system_ca_certificates (platform/macos/os_macos.mm:991)
---  GUT  ---
[1m[INFO]:  [0musing [/Users/ryko/Library/Application Support/Godot/app_userdata/Story] for temporary output.
Godot version:  4.5.1
GUT version:  9.5.0
[4m

res://tests/test_backed_shed_roofs.gd
[0m* test_narrow_lower_crown_meets_tall_wall_as_shed
* test_shed_cannot_close_an_upper_door
* test_shed_keeps_public_headroom_and_needs_a_flush_wall
* test_native_shed_parts_stop_at_the_backing_wall
* test_wall_backed_shed_has_no_freestanding_ridge_caps
* test_backing_and_clip_follow_mirrored_and_transposed_wings
[1m6/6 passed.
[0m[4m

res://tests/test_kit_roof_junctions.gd
[0m* test_neighbors_share_one_continuous_roof
* test_join_respects_street_headroom_and_different_roof_datums
* test_boring_retains_short_supported_tunnels_without_reducing_headroom
* test_cross_house_wing_reaches_host_and_withdraws_buried_gable
* test_triangle_subtraction_preserves_uv_and_removes_only_buried_geometry
* test_native_cross_roof_triangles_are_trimmed_with_matching_collision
* test_joined_native_roof_has_no_open_seam
* test_stepped_parallel_roofs_have_no_open_seam
* test_contained_triangle_removal_preserves_coplanar_and_tolerance_faces
[1m9/9 passed.
[0m[4m

res://tests/test_gable_contact_audit.gd
[0m* test_buried_native_gable_face_is_not_an_exterior_hole
* test_native_face_enclosure_in_both_packs_and_all_directions
* test_missing_native_gable_is_still_reported
* test_trimmed_face_without_its_enclosing_attic_is_a_real_hole
* test_frozen_court43_has_no_exposed_gable_hole
[1m5/5 passed.
[0m



[33m==============================================
[0m[33m= Run Summary
[0m[33m==============================================
[0m
Totals
------
Scripts               3
Tests                20
Passing Tests        20
Asserts           12023
Time              87.15s


[32m---- All tests passed! ----
[0m
