Godot Engine v4.5.1.stable.official.f62fdbde1 - https://godotengine.org

ERROR: Condition "ret != noErr" is true. Returning: ""
   at: get_system_ca_certificates (platform/macos/os_macos.mm:991)
---  GUT  ---
[1m[INFO]:  [0musing [/Users/ryko/Library/Application Support/Godot/app_userdata/Story] for temporary output.
Godot version:  4.5.1
GUT version:  9.5.0
[4m

res://tests/test_october3_street_loggias.gd
[0m* test_recesses_face_street_air_without_occupying_it
[31m    [Failed]:  [0m[1] expected to be >= than [2]:  Street-facing buildings need depth at several levels
      at line 28
* test_narrow_house_keeps_a_complete_crown_over_its_lower_loggia
* test_door_on_preferred_bay_does_not_discard_a_clear_supported_recess
[1m2/3 passed.
[0m



[33m==============================================
[0m[33m= Run Summary
[0m[33m==============================================
[0m[4m
res://tests/test_october3_street_loggias.gd
[0m- test_recesses_face_street_air_without_occupying_it
[31m    [Failed]:  [0m[1] expected to be >= than [2]:  Street-facing buildings need depth at several levels
          at line 28

Totals
------
Scripts               1
Tests                 3
Passing Tests         2
Failing Tests         1
Asserts           115/116
Time              0.379s


[31m---- 1 failing tests ----
[0m
