Godot Engine v4.5.1.stable.official.f62fdbde1 - https://godotengine.org

ERROR: Condition "ret != noErr" is true. Returning: ""
   at: get_system_ca_certificates (platform/macos/os_macos.mm:991)
---  GUT  ---
[1m[INFO]:  [0musing [/Users/ryko/Library/Application Support/Godot/app_userdata/Story] for temporary output.
Godot version:  4.5.1
GUT version:  9.5.0
[4m

res://tests/test_parallel_range_footprints.gd
[0m* test_unequal_ranges_keep_the_notched_footprint_and_end_wing
* test_refused_envelope_preserves_original_ranges
[1m2/2 passed.
[0m



[33m==============================================
[0m[33m= Run Summary
[0m[33m==============================================
[0m
Totals
------
Scripts               1
Tests                 2
Passing Tests         2
Asserts              12
Time              0.388s


[32m---- All tests passed! ----
[0m
