Godot Engine v4.5.1.stable.official.f62fdbde1 - https://godotengine.org

ERROR: Condition "ret != noErr" is true. Returning: ""
   at: get_system_ca_certificates (platform/macos/os_macos.mm:991)
---  GUT  ---
[1m[INFO]:  [0musing [/Users/ryko/Library/Application Support/Godot/app_userdata/Story] for temporary output.
Godot version:  4.5.1
GUT version:  9.5.0
[4m

res://tests/test_parallel_range_footprints.gd
[0m* test_unequal_ranges_keep_the_notched_footprint_and_end_wing
[31m    [Failed]:  [0m[0] expected to equal [1]:  
      at line 26
[31m    [Failed] [0m
      at line 29
[31m    [Failed]:  [0m[0] expected to equal [1]:  
      at line 26
[31m    [Failed] [0m
      at line 29
* test_refused_envelope_preserves_original_ranges
[1m1/2 passed.
[0m



[33m==============================================
[0m[33m= Run Summary
[0m[33m==============================================
[0m[4m
res://tests/test_parallel_range_footprints.gd
[0m- test_unequal_ranges_keep_the_notched_footprint_and_end_wing
[31m    [Failed]:  [0m[0] expected to equal [1]:  
          at line 26
[31m    [Failed]:  [0m
          at line 29
[31m    [Failed]:  [0m[0] expected to equal [1]:  
          at line 26
[31m    [Failed]:  [0m
          at line 29

Totals
------
Scripts               1
Tests                 2
Passing Tests         1
Failing Tests         1
Asserts            8/12
Time              0.381s


[31m---- 1 failing tests ----
[0m
