Godot Engine v4.5.1.stable.official.f62fdbde1 - https://godotengine.org

ERROR: Condition "ret != noErr" is true. Returning: ""
   at: get_system_ca_certificates (platform/macos/os_macos.mm:991)
STEPPED_HOUSES [{ "id": &"kit.spatial.feature.landmark.03", "at": (-14.25, 3.0, -21.75), "reach": 24.0 }, { "id": &"kit.spatial.parcel.maze.house.000", "at": (0.75, 19.5, 12.75), "reach": 24.0 }, { "id": &"kit.spatial.parcel.maze.house.001", "at": (3.75, 16.5, 5.25), "reach": 16.0 }, { "id": &"kit.spatial.parcel.maze.house.002", "at": (11.25, 18.0, 6.75), "reach": 40.0 }, { "id": &"kit.spatial.parcel.maze.house.003", "at": (9.75, 21.0, 5.25), "reach": 16.0 }, { "id": &"kit.spatial.parcel.maze.house.015", "at": (14.25, 7.5, 11.25), "reach": 16.0 }, { "id": &"kit.spatial.parcel.maze.house.016", "at": (12.75, 9.0, -2.25), "reach": 40.0 }, { "id": &"kit.spatial.parcel.maze.house.019", "at": (-3.75, 16.5, 9.75), "reach": 16.0 }, { "id": &"kit.spatial.parcel.maze.house.020", "at": (-5.25, 18.0, 3.75), "reach": 24.0 }, { "id": &"kit.spatial.parcel.maze.house.021", "at": (-5.25, 16.5, -0.75), "reach": 24.0 }, { "id": &"kit.spatial.parcel.maze.house.033", "at": (-5.25, 6.0, -20.25), "reach": 24.0 }, { "id": &"kit.spatial.parcel.maze.house.036", "at": (-5.25, 6.0, -29.25), "reach": 8.0 }, { "id": &"kit.spatial.parcel.maze.house.037", "at": (-14.25, 4.5, -29.25), "reach": 24.0 }, { "id": &"kit.spatial.parcel.maze.house.047", "at": (-6.75, 4.5, 17.25), "reach": 48.0 }]
ROOF_AUDIT { "clipped": 548, "removed": 245, "chimneys": { "moved": 0, "omitted": 0, "checked": 9 }, "towers": { "corner_attempts": 146, "corner_join_quadrants": 18, "corner_quadrant_counts": { 4: 3, 2: 13, 3: 2 }, "corner_quadrant_examples": [{ "host": &"kit.spatial.feature.landmark.03", "corner": (-9, -14), "base": 0, "top": 2, "band": 0, "occupied": [(-1, -1), (-1, 0), (0, -1), (0, 0)] }, { "host": &"kit.spatial.feature.landmark.03", "corner": (-9, -16), "base": 0, "top": 2, "band": 0, "occupied": [(-1, 0), (0, 0)] }, { "host": &"kit.spatial.feature.landmark.03", "corner": (-6, -14), "base": 0, "top": 2, "band": 0, "occupied": [(-1, -1), (-1, 0)] }, { "host": &"kit.spatial.feature.landmark.03", "corner": (-9, -16), "base": 0, "top": 4, "band": 0, "occupied": [(-1, 0), (0, 0)] }, { "host": &"kit.spatial.feature.landmark.03", "corner": (-9, -12), "base": 0, "top": 4, "band": 0, "occupied": [(-1, -1), (0, -1)] }, { "host": &"kit.spatial.feature.landmark.03", "corner": (-9, -14), "base": 0, "top": 4, "band": 0, "occupied": [(-1, -1), (-1, 0), (0, -1), (0, 0)] }, { "host": &"kit.spatial.feature.landmark.03", "corner": (-6, -14), "base": 0, "top": 4, "band": 0, "occupied": [(-1, -1), (-1, 0)] }, { "host": &"kit.spatial.parcel.maze.house.015", "corner": (9, 8), "base": 3, "top": 5, "band": 3, "occupied": [(-1, -1), (-1, 0), (0, -1), (0, 0)] }, { "host": &"kit.spatial.parcel.maze.house.033", "corner": (-2, -15), "base": 0, "top": 6, "band": 0, "occupied": [(-1, -1), (-1, 0)] }, { "host": &"kit.spatial.parcel.maze.house.033", "corner": (-4, -15), "base": 0, "top": 6, "band": 0, "occupied": [(0, -1), (0, 0)] }, { "host": &"kit.spatial.parcel.maze.house.033", "corner": (-2, -13), "base": 0, "top": 8, "band": 0, "occupied": [(-1, -1), (-1, 0)] }, { "host": &"kit.spatial.parcel.maze.house.033", "corner": (-4, -15), "base": 0, "top": 8, "band": 0, "occupied": [(0, -1), (0, 0)] }], "corner_no_host_join": 18, "corner_supported": 8, "corner_public_blocked": 5, "corner_accepted": 2, "corner_bearing_rejected": 51, "corner_bearing_example": "kit.spatial.parcel.maze.house.047 / (-1, 0, 9) / base 1", "corner_no_bearing_or_space": 120, "attempts": 375, "corner_reservation_rejected": 35, "corner_reservation_example": "kit.spatial.parcel.maze.house.047 / (-1, 1, 12) / base 1", "corner_asset_blocked": 1, "corbel_corner_accepted": 1, "supported": 3, "host_fit": 3, "public_clear": 3, "neighbor_clear": 1, "accepted": 3 }, "facade_bays": 3, "room_projections": 4, "retaining_relief": 10, "retaining_flight_joints": 15, "retaining_windows": 55, "fortified_windows": 0, "retaining_recesses": 7, "decor_clearance": { &"window_box": 43, &"prop.doorstep": 27 }, "fitted_window_boxes": 69, "joins": 2, "parallel_joins": 1, "fitted_eaves": 0, "dormers": { "moved": 3, "omitted": 1, "checked": 15 }, "seated_balcony_brackets": 0, "roof_blocked_windows": 177, "roof_fitted_windows": 45 }
WALK_SURFACE skywalk.0 expected=(-4.0, 27.0, 12.0) floor=(-4.0, 27.25544, 12.0)
WALK_SURFACE skywalk.0 expected=(8.0, 27.0, 12.0) floor=(8.0, 27.25544, 12.0)
TOWN_ROUTE_WALK skywalk.0 reverse=false passed=true end=(7.749939, 27.25626, 12.0)
TOWN_ROUTE_WALK skywalk.0 reverse=true passed=true end=(-3.74964, 27.25556, 12.0)
WALK_SURFACE skywalk.1 expected=(12.0, 33.0, 0.0) floor=(12.0, 33.25544, 0.0)
WALK_SURFACE skywalk.1 expected=(24.0, 33.0, 0.0) floor=(24.0, 33.25544, 0.0)
TOWN_ROUTE_WALK skywalk.1 reverse=false passed=true end=(23.74999, 33.25583, 0.0)
TOWN_ROUTE_WALK skywalk.1 reverse=true passed=true end=(12.24999, 33.25583, 0.0)
WALK_SURFACE skywalk.2 expected=(12.0, 33.0, 24.0) floor=(12.0, 33.25544, 24.0)
WALK_SURFACE skywalk.2 expected=(32.0, 33.0, 24.0) floor=(32.0, 33.25544, 24.0)
TOWN_ROUTE_WALK skywalk.2 reverse=false passed=true end=(31.74997, 33.25628, 24.0)
TOWN_ROUTE_WALK skywalk.2 reverse=true passed=true end=(12.25024, 33.25556, 24.0)
WALK_SURFACE skywalk.3 expected=(4.0, 39.0, 32.0) floor=(4.0, 39.25544, 32.0)
WALK_SURFACE skywalk.3 expected=(32.0, 39.0, 32.0) floor=(32.0, 39.25544, 32.0)
TOWN_ROUTE_WALK skywalk.3 reverse=false passed=true end=(31.74997, 39.25637, 32.0)
TOWN_ROUTE_WALK skywalk.3 reverse=true passed=true end=(4.250311, 39.25556, 32.0)
