Godot Engine v4.5.1.stable.official.f62fdbde1 - https://godotengine.org

ERROR: Condition "ret != noErr" is true. Returning: ""
   at: get_system_ca_certificates (platform/macos/os_macos.mm:991)
---  GUT  ---
[1m[INFO]:  [0musing [/Users/ryko/Library/Application Support/Godot/app_userdata/Story] for temporary output.
Godot version:  4.5.1
GUT version:  9.5.0
[4m

res://tests/test_broad_court_frontages.gd
[0m* test_broad_supported_court_uses_available_room_frontages
* test_court_walk_is_deck_while_its_inner_bed_stays_turf
* test_broad_court_keeps_three_same_level_inhabited_sides
* test_deeper_court_keeps_three_same_level_inhabited_sides
[1m4/4 passed.
[0m



[33m==============================================
[0m[33m= Run Summary
[0m[33m==============================================
[0m
Totals
------
Scripts               1
Tests                 4
Passing Tests         4
Asserts              71
Time              182.197s


[32m---- All tests passed! ----
[0m
