Godot Engine v4.5.1.stable.official.f62fdbde1 - https://godotengine.org

ERROR: Condition "ret != noErr" is true. Returning: ""
   at: get_system_ca_certificates (platform/macos/os_macos.mm:991)
---  GUT  ---
[1m[INFO]:  [0musing [/Users/ryko/Library/Application Support/Godot/app_userdata/Story] for temporary output.
Godot version:  4.5.1
GUT version:  9.5.0
[4m

res://tests/test_retained_crown_soffit.gd
[0m* test_explicit_hanging_crown_has_timber_rim_at_its_datum
[31m    [Failed]:  [0m[0] expected to equal [4]:  An explicitly hanging crown closes every exposed underside edge, even at its own datum
      at line 13
* test_grounded_retaining_course_does_not_gain_hanging_trim
[1m1/2 passed.
[0m



[33m==============================================
[0m[33m= Run Summary
[0m[33m==============================================
[0m[4m
res://tests/test_retained_crown_soffit.gd
[0m- test_explicit_hanging_crown_has_timber_rim_at_its_datum
[31m    [Failed]:  [0m[0] expected to equal [4]:  An explicitly hanging crown closes every exposed underside edge, even at its own datum
          at line 13

Totals
------
Scripts               1
Tests                 2
Passing Tests         1
Failing Tests         1
Asserts             1/2
Time              0.367s


[31m---- 1 failing tests ----
[0m
