Godot Engine v4.5.1.stable.official.f62fdbde1 - https://godotengine.org

ERROR: Condition "ret != noErr" is true. Returning: ""
   at: get_system_ca_certificates (platform/macos/os_macos.mm:991)
STEPPED_HOUSES [{ "id": &"kit.spatial.parcel.maze.house.011", "at": (3.75, 12.0, 0.75), "reach": 24.0 }]
ROOF_AUDIT { "clipped": 617, "removed": 65, "chimneys": { "moved": 0, "omitted": 0, "checked": 4 }, "towers": { "corner_attempts": 52, "corner_join_quadrants": 4, "corner_quadrant_counts": { 2: 3, 4: 1 }, "corner_quadrant_examples": [{ "host": &"kit.spatial.parcel.maze.bridge.00.end.1.lower", "corner": (6, -2), "base": 4, "top": 12, "band": 4, "occupied": [(-1, -1), (0, -1)] }, { "host": &"kit.spatial.parcel.maze.house.003", "corner": (-4, 5), "base": 0, "top": 6, "band": 0, "occupied": [(0, -1), (0, 0)] }, { "host": &"kit.spatial.parcel.maze.house.021", "corner": (2, -9), "base": 2, "top": 6, "band": 2, "occupied": [(-1, -1), (-1, 0), (0, -1), (0, 0)] }, { "host": &"kit.spatial.parcel.maze.house.021", "corner": (4, -9), "base": 2, "top": 6, "band": 2, "occupied": [(-1, -1), (-1, 0)] }], "corner_no_host_join": 7, "corner_bearing_rejected": 17, "corner_bearing_example": "kit.spatial.parcel.maze.house.021 / (3, 1, -8) / base 2", "corner_no_bearing_or_space": 42, "corner_supported": 3, "corner_asset_blocked": 1, "corner_reservation_rejected": 15, "corner_reservation_example": "kit.spatial.parcel.maze.house.011 / (3, 10, -3) / base 8", "attempts": 104, "corner_join_door": 3, "corner_public_blocked": 1, "corbel_corner_accepted": 1, "corner_accepted": 1, "accepted": 1 }, "facade_bays": 0, "room_projections": 2, "retaining_relief": 5, "retaining_flight_joints": 8, "retaining_windows": 25, "fortified_windows": 30, "retaining_recesses": 31, "decor_clearance": { &"fort.block": 49, &"prop.doorstep": 20, &"window_box": 29 }, "fitted_window_boxes": 9, "joins": 8, "parallel_joins": 0, "fitted_eaves": 1, "dormers": { "moved": 0, "omitted": 0, "checked": 8 }, "seated_balcony_brackets": 0, "roof_blocked_windows": 53, "roof_fitted_windows": 21 }
WALK_SURFACE skywalk.0 expected=(8.0, 12.0, -28.0) floor=(8.0, 12.25544, -28.0)
WALK_SURFACE skywalk.0 expected=(8.0, 12.0, -8.0) floor=(8.0, 12.25544, -8.0)
TOWN_ROUTE_WALK skywalk.0 reverse=false passed=true end=(8.0, 12.25538, -8.250124)
TOWN_ROUTE_WALK skywalk.0 reverse=true passed=true end=(8.0, 12.25628, -27.75001)
WALK_SURFACE skywalk.1 expected=(-12.0, 12.0, 24.0) floor=(-12.0, 12.25544, 24.0)
WALK_SURFACE skywalk.1 expected=(8.0, 12.0, 24.0) floor=(8.0, 12.25544, 24.0)
TOWN_ROUTE_WALK skywalk.1 reverse=false passed=true end=(7.749802, 12.25545, 24.0)
TOWN_ROUTE_WALK skywalk.1 reverse=true passed=true end=(-11.75001, 12.25628, 24.0)
WALK_SURFACE skywalk.2 expected=(16.0, 24.0, -12.0) floor=(16.0, 24.25544, -12.0)
WALK_SURFACE skywalk.2 expected=(16.0, 24.0, 0.0) floor=(16.0, 24.25544, 0.0)
TOWN_ROUTE_WALK skywalk.2 reverse=false passed=true end=(16.0, 24.25535, -0.25023)
TOWN_ROUTE_WALK skywalk.2 reverse=true passed=true end=(16.0, 24.25573, -11.7498)
WALK_SURFACE source_bridge.00 expected=(34.0, 21.0, 2.0) floor=missing
WALK_SURFACE source_bridge.00 expected=(34.0, 21.0, -14.0) floor=missing
TOWN_ROUTE_WALK source_bridge.00 reverse=false passed=true end=(34.0, 21.25641, -13.75002)
TOWN_ROUTE_WALK source_bridge.00 reverse=true passed=true end=(34.0, 21.25641, 1.749986)
WALK_SURFACE source_bridge.01 expected=(34.0, 21.0, 18.0) floor=missing
WALK_SURFACE source_bridge.01 expected=(18.0, 21.0, 18.0) floor=missing
TOWN_ROUTE_WALK source_bridge.01 reverse=false passed=true end=(18.24998, 21.25641, 18.0)
TOWN_ROUTE_WALK source_bridge.01 reverse=true passed=true end=(33.74998, 21.25641, 18.0)
WALK_SURFACE underpass.(3, 4, -1) expected=(34.0, 12.0, -6.0) floor=(34.0, 12.05, -6.0)
WALK_SURFACE underpass.(3, 4, -1) expected=(26.0, 12.0, -6.0) floor=(26.0, 12.05, -6.0)
WALK_SURFACE underpass.(3, 4, -1) expected=(18.0, 12.0, -6.0) floor=(18.0, 12.05, -6.0)
TOWN_ROUTE_WALK underpass.(3, 4, -1) reverse=false passed=true end=(18.25, 12.05039, -6.0)
TOWN_ROUTE_WALK underpass.(3, 4, -1) reverse=true passed=true end=(33.75, 12.05039, -6.0)
