Godot Engine v4.5.1.stable.official.f62fdbde1 - https://godotengine.org

CONNECTED_FRAME pure_village.bay.frame_blue [[P: (-0.31266, 0.528125, 0.838919), S: (0.555445, 0.030038, 0.027435)], [P: (-0.31266, 0.178073, 0.839078), S: (0.555445, 0.034441, 0.027922)], [P: (-0.050213, -0.115594, 0.841277), S: (0.027265, 0.974732, 0.027276)], [P: (-0.33858, -0.145369, 0.829482), S: (0.607147, 1.030759, 0.051888)], [P: (-0.489196, -0.241047, 0.710455), S: (0.908378, 0.105684, 0.289946)], [P: (-0.489196, 0.880424, 0.710455), S: (0.908391, 0.106546, 0.289946)], [P: (-0.424256, -0.144601, 0.732997), S: (0.088573, 1.038704, 0.244858)], [P: (0.262745, -0.144601, 0.732997), S: (0.089806, 1.038704, 0.244858)]]
WINDOW_OPENING pure_village.bay.frame_blue [P: (-0.313809, -0.122603, 0.8522), S: (0.566582, 0.983099, 0.002766)]
CONNECTED_FRAME pure_village.bay.frame_red [[P: (-0.31266, 0.528125, 0.838919), S: (0.555445, 0.030038, 0.027435)], [P: (-0.31266, 0.178073, 0.839078), S: (0.555445, 0.034441, 0.027922)], [P: (-0.050213, -0.115594, 0.841277), S: (0.027265, 0.974732, 0.027276)], [P: (-0.33858, -0.145369, 0.829482), S: (0.607147, 1.030759, 0.051888)], [P: (-0.489196, -0.241047, 0.710455), S: (0.908378, 0.105684, 0.289946)], [P: (-0.489196, 0.880424, 0.710455), S: (0.908391, 0.106546, 0.289946)], [P: (-0.424256, -0.144601, 0.732997), S: (0.088573, 1.038704, 0.244858)], [P: (0.262745, -0.144601, 0.732997), S: (0.089806, 1.038704, 0.244858)]]
WINDOW_OPENING pure_village.bay.frame_red [P: (-0.313809, -0.122603, 0.8522), S: (0.566582, 0.983099, 0.002766)]
WINDOW_OPENING pure_village.bay.spire [P: (-0.298646, 0.660474, 0.421282), S: (0.621069, 0.824786, 0.144759)]
WINDOW_OPENING pure_village.roof.dormer [P: (-0.325558, 0.897508, -0.048398), S: (0.717556, 1.231307, 0.037606)]
WINDOW_OPENING pure_village.roof.dormer_tight [P: (-0.325558, 0.897508, -0.048398), S: (0.717556, 1.231307, 0.037606)]
WINDOW_OPENING pure_village.wall.plaster.window [P: (-0.501489, 0.829613, -0.018188), S: (1.12208, 1.348462, 0.109312)]
WINDOW_OPENING pure_village.wall.plaster.window_arch [P: (-0.611695, -0.050264, -0.080615), S: (1.207242, 2.212044, 0.158376)]
WINDOW_OPENING pure_village.wall.plaster.window_open [P: (0.009836, 1.797752, -0.097446), S: (0.821525, 0.926206, 0.163194)]
CONNECTED_FRAME pure_village.wall.stone.window [[P: (-0.765841, 0.642978, -0.091175), S: (1.554742, 0.35556, 0.178046)], [P: (-0.7048, 2.015618, -0.074258), S: (1.354916, 0.360983, 0.190345)], [P: (0.380922, 0.917379, -0.082449), S: (0.263026, 1.20675, 0.162609)], [P: (-0.698134, 0.921691, -0.077841), S: (0.264284, 1.195058, 0.177613)], [P: (-0.746532, 0.560309, -0.103745), S: (1.438202, 0.203517, 0.20121)]]
WINDOW_OPENING pure_village.wall.stone.window [P: (-0.468123, 0.973396, 0.002658), S: (0.899103, 1.080626, 0.013064)]
CONNECTED_FRAME suntail.frame.frame_extension_blue [[P: (-0.31266, 0.528125, 0.838919), S: (0.555445, 0.030038, 0.027435)], [P: (-0.31266, 0.178073, 0.839078), S: (0.555445, 0.034441, 0.027922)], [P: (-0.050213, -0.115594, 0.841277), S: (0.027265, 0.974732, 0.027276)], [P: (-0.33858, -0.145369, 0.829482), S: (0.607147, 1.030759, 0.051888)], [P: (-0.489196, -0.241047, 0.710455), S: (0.908378, 0.105684, 0.289946)], [P: (-0.489196, 0.880424, 0.710455), S: (0.908391, 0.106546, 0.289946)], [P: (-0.424256, -0.144601, 0.732997), S: (0.088573, 1.038704, 0.244858)], [P: (0.262745, -0.144601, 0.732997), S: (0.089806, 1.038704, 0.244858)]]
WINDOW_OPENING suntail.frame.frame_extension_blue [P: (-0.313809, -0.122603, 0.8522), S: (0.566582, 0.983099, 0.002766)]
CONNECTED_FRAME suntail.frame.frame_extension_red [[P: (-0.31266, 0.528125, 0.838919), S: (0.555445, 0.030038, 0.027435)], [P: (-0.31266, 0.178073, 0.839078), S: (0.555445, 0.034441, 0.027922)], [P: (-0.050213, -0.115594, 0.841277), S: (0.027265, 0.974732, 0.027276)], [P: (-0.33858, -0.145369, 0.829482), S: (0.607147, 1.030759, 0.051888)], [P: (-0.489196, -0.241047, 0.710455), S: (0.908378, 0.105684, 0.289946)], [P: (-0.489196, 0.880424, 0.710455), S: (0.908391, 0.106546, 0.289946)], [P: (-0.424256, -0.144601, 0.732997), S: (0.088573, 1.038704, 0.244858)], [P: (0.262745, -0.144601, 0.732997), S: (0.089806, 1.038704, 0.244858)]]
WINDOW_OPENING suntail.frame.frame_extension_red [P: (-0.313809, -0.122603, 0.8522), S: (0.566582, 0.983099, 0.002766)]
CONNECTED_FRAME suntail.frame.frame_wall_1_w [[P: (-0.27766, 1.894125, -0.016081), S: (0.555445, 0.030038, 0.027435)], [P: (-0.27766, 1.544073, -0.015922), S: (0.555445, 0.034441, 0.027922)], [P: (-0.015213, 1.250406, -0.013723), S: (0.027265, 0.974732, 0.027276)], [P: (-0.30358, 1.220631, -0.025518), S: (0.607147, 1.030759, 0.051888)], [P: (-0.454196, 1.124953, -0.144545), S: (0.908378, 0.105684, 0.289946)], [P: (-0.454196, 2.246424, -0.144545), S: (0.908391, 0.106546, 0.289946)], [P: (-0.389256, 1.221399, -0.122003), S: (0.088573, 1.038704, 0.244858)], [P: (0.297745, 1.221399, -0.122003), S: (0.089806, 1.038704, 0.244858)]]
WINDOW_OPENING suntail.frame.frame_wall_1_w [P: (-0.278809, 1.243397, -0.0028), S: (0.566582, 0.983099, 0.002766)]
CONNECTED_FRAME suntail.frame.frame_wall_2_w [[P: (-0.27766, 1.881124, -0.016081), S: (0.555445, 0.030038, 0.027435)], [P: (-0.27766, 1.531073, -0.015922), S: (0.555445, 0.034441, 0.027922)], [P: (-0.015213, 1.237406, -0.013723), S: (0.027265, 0.974732, 0.027276)], [P: (-0.30358, 1.207631, -0.025518), S: (0.607147, 1.030759, 0.051888)], [P: (-0.454196, 1.111953, -0.144545), S: (0.908378, 0.105684, 0.289946)], [P: (-0.454196, 2.233424, -0.144545), S: (0.908391, 0.106546, 0.289946)], [P: (-0.389256, 1.208399, -0.122003), S: (0.088573, 1.038704, 0.244858)], [P: (0.297745, 1.208399, -0.122003), S: (0.089806, 1.038704, 0.244858)]]
WINDOW_OPENING suntail.frame.frame_wall_2_w [P: (-0.278809, 1.230397, -0.0028), S: (0.566582, 0.983099, 0.002766)]
CONNECTED_FRAME suntail.roof.roof_1_cornice_w_blue [[P: (-0.28666, 1.72731, -0.458591), S: (0.555528, 0.043265, 0.036655)], [P: (-0.286812, 1.37446, -0.45845), S: (0.555597, 0.040612, 0.037182)], [P: (-0.028801, 1.163628, -0.456209), S: (0.036441, 0.818306, 0.036447)], [P: (-0.31258, 1.133999, -0.463415), S: (0.607147, 0.874338, 0.051883)], [P: (-0.463196, 1.065231, -0.525851), S: (0.908378, 0.087817, 0.177009)], [P: (-0.463196, 1.993537, -0.525851), S: (0.908391, 0.088313, 0.177009)], [P: (-0.385961, 1.124257, -0.512089), S: (0.080991, 0.889928, 0.149483)], [P: (0.283547, 1.124257, -0.512089), S: (0.082114, 0.889928, 0.149483)]]
WINDOW_OPENING suntail.roof.roof_1_cornice_w_blue [P: (-0.287809, 1.144501, -0.440706), S: (0.566582, 0.850889, 0.002772)]
CONNECTED_FRAME suntail.roof.roof_1_cornice_w_red [[P: (-0.28666, 1.72731, -0.458591), S: (0.555528, 0.043265, 0.036655)], [P: (-0.286812, 1.37446, -0.45845), S: (0.555597, 0.040612, 0.037182)], [P: (-0.028801, 1.163628, -0.456209), S: (0.036441, 0.818306, 0.036447)], [P: (-0.31258, 1.133999, -0.463415), S: (0.607147, 0.874338, 0.051883)], [P: (-0.463196, 1.065231, -0.525851), S: (0.908378, 0.087817, 0.177009)], [P: (-0.463196, 1.993537, -0.525851), S: (0.908391, 0.088313, 0.177009)], [P: (-0.385961, 1.124257, -0.512089), S: (0.080991, 0.889928, 0.149483)], [P: (0.283547, 1.124257, -0.512089), S: (0.082114, 0.889928, 0.149483)]]
WINDOW_OPENING suntail.roof.roof_1_cornice_w_red [P: (-0.287809, 1.144501, -0.440706), S: (0.566582, 0.850889, 0.002772)]
CONNECTED_FRAME suntail.stone.stone_wall_w_deep [[P: (-0.020017, 1.207424, -0.074314), S: (0.035639, 0.971798, 0.030358)], [P: (-0.288382, 1.432984, -0.070153), S: (0.578051, 0.033305, 0.030136)], [P: (-0.288382, 1.848419, -0.069991), S: (0.578051, 0.034117, 0.030116)], [P: (-0.344831, 1.151261, -0.079826), S: (0.689647, 1.081971, 0.048564)], [P: (-0.422204, 1.07904, -0.188937), S: (0.844406, 1.238031, 0.265022)]]
WINDOW_OPENING suntail.stone.stone_wall_w_deep [P: (-0.344829, 1.151274, -0.058008), S: (0.689653, 1.081971, 0.002311)]
ERROR: Condition "ret != noErr" is true. Returning: ""
   at: get_system_ca_certificates (platform/macos/os_macos.mm:991)
