Godot Engine v4.5.1.stable.official.f62fdbde1 - https://godotengine.org

ERROR: Condition "ret != noErr" is true. Returning: ""
   at: get_system_ca_certificates (platform/macos/os_macos.mm:991)
---  GUT  ---
[1m[INFO]:  [0musing [/Users/ryko/Library/Application Support/Godot/app_userdata/Story] for temporary output.
Godot version:  4.5.1
GUT version:  9.5.0
[4m

res://tests/test_tunnel_prefab_bearing.gd
[0m* test_prefab_reservation_is_not_a_solid_tunnel_jamb
[31m    [Failed]:  [0mA nominally solid asset envelope cannot supply a masonry bearing
      at line 17
* test_existing_masonry_below_a_raised_asset_remains_a_bearing
[1m1/2 passed.
[0m



[33m==============================================
[0m[33m= Run Summary
[0m[33m==============================================
[0m[4m
res://tests/test_tunnel_prefab_bearing.gd
[0m- test_prefab_reservation_is_not_a_solid_tunnel_jamb
[31m    [Failed]:  [0mA nominally solid asset envelope cannot supply a masonry bearing
          at line 17

Totals
------
Scripts               1
Tests                 2
Passing Tests         1
Failing Tests         1
Asserts             1/2
Time              0.373s


[31m---- 1 failing tests ----
[0m
