Godot Engine v4.5.1.stable.official.f62fdbde1 - https://godotengine.org

ERROR: Condition "ret != noErr" is true. Returning: ""
   at: get_system_ca_certificates (platform/macos/os_macos.mm:991)
---  GUT  ---
[1m[INFO]:  [0musing [/Users/ryko/Library/Application Support/Godot/app_userdata/Story] for temporary output.
Godot version:  4.5.1
GUT version:  9.5.0
[4m

res://tests/test_public_support_proportions.gd
[0m* test_public_posts_keep_native_width_and_complete_support_height
* test_substituted_post_retains_collision_and_identity
[1m2/2 passed.
[0m[4m

res://tests/test_september29_town_materials.gd
[0m* test_public_walking_surfaces_are_drawn_in_kit_timber
STEPPED_HOUSES [{ "id": &"kit.spatial.parcel.maze.house.000", "at": (3.75, 3.0, -3.75), "reach": 16.0 }]
ROOF_AUDIT { "clipped": 177, "removed": 27, "chimneys": { "moved": 0, "omitted": 0, "checked": 4 }, "towers": { "corner_attempts": 8, "corner_join_quadrants": 2, "corner_quadrant_counts": { 2: 1, 0: 1 }, "corner_quadrant_examples": [{ "host": &"kit.spatial.parcel.maze.house.000", "corner": (2, -2), "base": 0, "top": 2, "band": 0, "occupied": [(0, -1), (0, 0)] }, { "host": &"kit.spatial.parcel.maze.house.000", "corner": (0, -2), "base": 0, "top": 4, "band": 0, "occupied": [] }], "corner_no_host_join": 2, "corner_reservation_rejected": 6, "corner_reservation_example": "kit.spatial.parcel.maze.house.000 / (0, 2, 0) / base 0", "corner_no_bearing_or_space": 6, "attempts": 32, "accepted": 0 }, "facade_bays": 0, "room_projections": 0, "retaining_relief": 0, "retaining_flight_joints": 4, "retaining_windows": 12, "fortified_windows": 0, "retaining_recesses": 4, "decor_clearance": { &"prop.doorstep": 8, &"window_box": 8 }, "fitted_window_boxes": 3, "joins": 4, "parallel_joins": 0, "fitted_eaves": 2, "dormers": { "moved": 0, "omitted": 1, "checked": 6 }, "seated_balcony_brackets": 0, "roof_blocked_windows": 32, "roof_fitted_windows": 5 }
STEPPED_HOUSES [{ "id": &"kit.spatial.parcel.maze.house.010", "at": (6.75, 4.5, -14.25), "reach": 8.0 }]
ROOF_AUDIT { "clipped": 242, "removed": 34, "chimneys": { "moved": 0, "omitted": 0, "checked": 3 }, "towers": { "corner_attempts": 31, "corner_join_quadrants": 5, "corner_quadrant_counts": { 2: 1, 0: 3, 3: 1 }, "corner_quadrant_examples": [{ "host": &"kit.spatial.parcel.maze.house.001", "corner": (-2, -6), "base": 0, "top": 4, "band": 2, "occupied": [(-1, 0), (0, 0)] }, { "host": &"kit.spatial.parcel.maze.house.001", "corner": (-2, -2), "base": 0, "top": 4, "band": 0, "occupied": [] }, { "host": &"kit.spatial.parcel.maze.house.001", "corner": (-4, -6), "base": 0, "top": 4, "band": 0, "occupied": [] }, { "host": &"kit.spatial.parcel.maze.house.001", "corner": (-2, -4), "base": 0, "top": 4, "band": 2, "occupied": [(-1, -1), (0, -1), (0, 0)] }, { "host": &"kit.spatial.parcel.maze.house.001", "corner": (-4, -4), "base": 0, "top": 4, "band": 0, "occupied": [] }], "corner_no_host_join": 6, "corner_reservation_rejected": 13, "corner_reservation_example": "kit.spatial.parcel.maze.house.014 / (0, 5, 3) / base 6", "corner_no_bearing_or_space": 25, "attempts": 92, "supported": 1, "host_fit": 1, "corner_bearing_rejected": 8, "corner_bearing_example": "kit.spatial.parcel.maze.house.014 / (-1, 3, 3) / base 4", "corner_join_door": 1, "accepted": 0 }, "facade_bays": 0, "room_projections": 0, "retaining_relief": 2, "retaining_flight_joints": 4, "retaining_windows": 5, "fortified_windows": 11, "retaining_recesses": 17, "decor_clearance": { &"fort.block": 71, &"window_box": 31, &"prop.doorstep": 15 }, "fitted_window_boxes": 11, "joins": 4, "parallel_joins": 0, "fitted_eaves": 5, "dormers": { "moved": 0, "omitted": 0, "checked": 3 }, "seated_balcony_brackets": 0, "roof_blocked_windows": 29, "roof_fitted_windows": 23 }
STEPPED_HOUSES [{ "id": &"kit.spatial.parcel.maze.house.001", "at": (2.25, 3.0, -9.75), "reach": 16.0 }, { "id": &"kit.spatial.parcel.maze.house.014", "at": (12.75, 3.0, 11.25), "reach": 32.0 }]
ROOF_AUDIT { "clipped": 242, "removed": 15, "chimneys": { "moved": 0, "omitted": 0, "checked": 3 }, "towers": { "corner_attempts": 18, "corner_bearing_rejected": 6, "corner_bearing_example": "kit.spatial.parcel.maze.bridge.00.end.1.lower / (-4, 3, 3) / base 4", "corner_no_bearing_or_space": 13, "attempts": 60, "corner_reservation_rejected": 7, "corner_reservation_example": "kit.spatial.parcel.maze.house.001 / (-1, 0, -7) / base 0", "corner_join_quadrants": 3, "corner_quadrant_counts": { 4: 2, 2: 1 }, "corner_quadrant_examples": [{ "host": &"kit.spatial.parcel.maze.house.001", "corner": (2, -6), "base": 0, "top": 2, "band": 0, "occupied": [(-1, -1), (-1, 0), (0, -1), (0, 0)] }, { "host": &"kit.spatial.parcel.maze.house.001", "corner": (2, -4), "base": 0, "top": 4, "band": 0, "occupied": [(-1, -1), (0, -1)] }, { "host": &"kit.spatial.parcel.maze.house.001", "corner": (2, -6), "base": 0, "top": 4, "band": 0, "occupied": [(-1, -1), (-1, 0), (0, -1), (0, 0)] }], "corner_no_host_join": 3, "corner_supported": 2, "corner_public_blocked": 1, "corner_accepted": 1, "accepted": 1 }, "facade_bays": 0, "room_projections": 1, "retaining_relief": 0, "retaining_flight_joints": 0, "retaining_windows": 3, "fortified_windows": 20, "retaining_recesses": 20, "decor_clearance": { &"fort.block": 76, &"window_box": 21, &"prop.doorstep": 22 }, "fitted_window_boxes": 12, "joins": 2, "parallel_joins": 0, "fitted_eaves": 5, "dormers": { "moved": 0, "omitted": 0, "checked": 4 }, "seated_balcony_brackets": 0, "roof_blocked_windows": 35, "roof_fitted_windows": 11 }
STEPPED_HOUSES [{ "id": &"kit.spatial.parcel.maze.house.000", "at": (0.75, 6.0, -5.25), "reach": 8.0 }, { "id": &"kit.spatial.parcel.maze.house.001", "at": (2.25, 3.0, 0.75), "reach": 16.0 }]
ROOF_AUDIT { "clipped": 103, "removed": 33, "chimneys": { "moved": 0, "omitted": 0, "checked": 2 }, "towers": { "corner_attempts": 30, "corner_reservation_rejected": 12, "corner_reservation_example": "kit.spatial.parcel.maze.house.013 / (8, 0, -1) / base 0", "corner_no_bearing_or_space": 30, "attempts": 68, "corner_bearing_rejected": 10, "corner_bearing_example": "kit.spatial.parcel.maze.house.005 / (3, 4, 1) / base 5", "accepted": 0 }, "facade_bays": 0, "room_projections": 0, "retaining_relief": 1, "retaining_flight_joints": 5, "retaining_windows": 6, "fortified_windows": 0, "retaining_recesses": 4, "decor_clearance": { &"window_box": 20, &"prop.doorstep": 10 }, "fitted_window_boxes": 23, "joins": 2, "parallel_joins": 0, "fitted_eaves": 0, "dormers": { "moved": 0, "omitted": 0, "checked": 0 }, "seated_balcony_brackets": 0, "roof_blocked_windows": 50, "roof_fitted_windows": 10 }
STEPPED_HOUSES [{ "id": &"kit.spatial.parcel.maze.house.011", "at": (-0.75, 3.0, -12.75), "reach": 16.0 }]
ROOF_AUDIT { "clipped": 163, "removed": 61, "chimneys": { "moved": 0, "omitted": 0, "checked": 6 }, "towers": { "corner_attempts": 45, "corner_bearing_rejected": 22, "corner_bearing_example": "kit.spatial.parcel.maze.house.008 / (3, 5, -9) / base 6", "corner_no_bearing_or_space": 41, "corner_reservation_rejected": 13, "corner_reservation_example": "kit.spatial.parcel.maze.house.012 / (-5, 2, -9) / base 0", "attempts": 80, "corner_supported": 2, "corbel_corner_accepted": 1, "corner_accepted": 1, "corner_join_door": 2, "corner_no_host_join": 2, "corner_public_blocked": 1, "accepted": 1 }, "facade_bays": 0, "room_projections": 3, "retaining_relief": 4, "retaining_flight_joints": 7, "retaining_windows": 18, "fortified_windows": 0, "retaining_recesses": 7, "decor_clearance": { &"prop.doorstep": 18, &"window_box": 22 }, "fitted_window_boxes": 19, "joins": 3, "parallel_joins": 0, "fitted_eaves": 1, "dormers": { "moved": 0, "omitted": 0, "checked": 10 }, "seated_balcony_brackets": 0, "roof_blocked_windows": 70, "roof_fitted_windows": 16 }
[31m    [Failed]:  [0m1260018864828801968/compact: legacy pack piece sfv.fabric.wall.rock.plain.002.miter3 survives in a kit town
      at line 63
[31m    [Failed]:  [0m1998423929946073270/compact: KayKit kaykit.grass.01 is only terrain skin
      at line 66
[31m    [Failed]:  [0m1998423929946073270/compact: KayKit kaykit.grass.02 is only terrain skin
      at line 66
[31m    [Failed]:  [0m1998423929946073270/compact: legacy pack piece sfv.fabric.wall.rock.plain.002.miter3 survives in a kit town
      at line 63
[31m    [Failed]:  [0m3/standard: KayKit kaykit.grass.01 is only terrain skin
      at line 66
[31m    [Failed]:  [0m3/standard: KayKit kaykit.grass.02 is only terrain skin
      at line 66
[31m    [Failed]:  [0m3/standard: legacy pack piece sfv.fabric.wall.rock.plain.002.miter3 survives in a kit town
      at line 63
[31m    [Failed]:  [0m7/standard: legacy pack piece sfv.fabric.wall.rock.plain.002.miter3 survives in a kit town
      at line 63
[31m    [Failed]:  [0m4/large: legacy pack piece sfv.fabric.wall.rock.plain.002.miter3 survives in a kit town
      at line 63
* test_flight_guards_keep_collision_and_draw_kit_railings
* test_no_arch_frame_is_embedded_in_a_town
* test_no_stone_storey_stands_on_a_flush_course
* test_gate_approach_flight_is_drawn_in_kit_timber
[1m4/5 passed.
[0m



[33m==============================================
[0m[33m= Run Summary
[0m[33m==============================================
[0m[4m
res://tests/test_september29_town_materials.gd
[0m- test_public_walking_surfaces_are_drawn_in_kit_timber
[31m    [Failed]:  [0m1260018864828801968/compact: legacy pack piece sfv.fabric.wall.rock.plain.002.miter3 survives in a kit town
          at line 63
[31m    [Failed]:  [0m1998423929946073270/compact: KayKit kaykit.grass.01 is only terrain skin
          at line 66
[31m    [Failed]:  [0m1998423929946073270/compact: KayKit kaykit.grass.02 is only terrain skin
          at line 66
[31m    [Failed]:  [0m1998423929946073270/compact: legacy pack piece sfv.fabric.wall.rock.plain.002.miter3 survives in a kit town
          at line 63
[31m    [Failed]:  [0m3/standard: KayKit kaykit.grass.01 is only terrain skin
          at line 66
[31m    [Failed]:  [0m3/standard: KayKit kaykit.grass.02 is only terrain skin
          at line 66
[31m    [Failed]:  [0m3/standard: legacy pack piece sfv.fabric.wall.rock.plain.002.miter3 survives in a kit town
          at line 63
[31m    [Failed]:  [0m7/standard: legacy pack piece sfv.fabric.wall.rock.plain.002.miter3 survives in a kit town
          at line 63
[31m    [Failed]:  [0m4/large: legacy pack piece sfv.fabric.wall.rock.plain.002.miter3 survives in a kit town
          at line 63

Totals
------
Scripts               2
Tests                 7
Passing Tests         6
Failing Tests         1
Asserts           4552/4561
Time              55.909s


[31m---- 1 failing tests ----
[0m
