Godot Engine v4.5.1.stable.official.f62fdbde1 - https://godotengine.org

ERROR: Condition "ret != noErr" is true. Returning: ""
   at: get_system_ca_certificates (platform/macos/os_macos.mm:991)
---  GUT  ---
[1m[INFO]:  [0musing [/Users/ryko/Library/Application Support/Godot/app_userdata/Story] for temporary output.
Godot version:  4.5.1
GUT version:  9.5.0
[4m

res://tests/test_public_support_proportions.gd
[0m* test_public_posts_keep_native_width_and_complete_support_height
[31m    [Failed]:  [0m[3] expected to equal [1]:  A support is one continuous post, not stacked short tiles
      at line 10
[31m    [Failed]:  [0m[1.00000000000000000000] expected to equal [3.0] +/- [0.00001]:  Head still bears the upper floor
      at line 14
[31m    [Failed]:  [0m[0.75030835469563794682] expected to equal [0.51711916923523] +/- [0.00001]:  Use the house kit's post width
      at line 17
[31m    [Failed]:  [0m[1.57561127344767237801] expected to equal [0.51711916923523] +/- [0.00001]:  Legacy depth must not stretch a square post
      at line 19
* test_substituted_post_retains_collision_and_identity
[31m    [Failed]:  [0m[3] expected to equal [1]:  
      at line 29
[1m0/2 passed.
[0m



[33m==============================================
[0m[33m= Run Summary
[0m[33m==============================================
[0m[4m
res://tests/test_public_support_proportions.gd
[0m- test_public_posts_keep_native_width_and_complete_support_height
[31m    [Failed]:  [0m[3] expected to equal [1]:  A support is one continuous post, not stacked short tiles
          at line 10
[31m    [Failed]:  [0m[1.00000000000000000000] expected to equal [3.0] +/- [0.00001]:  Head still bears the upper floor
          at line 14
[31m    [Failed]:  [0m[0.75030835469563794682] expected to equal [0.51711916923523] +/- [0.00001]:  Use the house kit's post width
          at line 17
[31m    [Failed]:  [0m[1.57561127344767237801] expected to equal [0.51711916923523] +/- [0.00001]:  Legacy depth must not stretch a square post
          at line 19
- test_substituted_post_retains_collision_and_identity
[31m    [Failed]:  [0m[3] expected to equal [1]:  
          at line 29

Totals
------
Scripts               1
Tests                 2
Passing Tests      none
Failing Tests         2
Asserts            6/11
Time              2.55s


[31m---- 2 failing tests ----
[0m
