Godot Engine v4.5.1.stable.official.f62fdbde1 - https://godotengine.org

ERROR: Condition "ret != noErr" is true. Returning: ""
   at: get_system_ca_certificates (platform/macos/os_macos.mm:991)
---  GUT  ---
[1m[INFO]:  [0musing [/Users/ryko/Library/Application Support/Godot/app_userdata/Story] for temporary output.
Godot version:  4.5.1
GUT version:  9.5.0
[4m

res://tests/test_native_house_recipe.gd
[0m* test_planner_recipe_round_trip_preserves_every_native_module_in_world_space
* test_fabric_assembler_preserves_the_native_derivation_without_extra_joints
[1m2/2 passed.
[0m



[33m==============================================
[0m[33m= Run Summary
[0m[33m==============================================
[0m
Totals
------
Scripts               1
Tests                 2
Passing Tests         2
Asserts            5289
Time              2.382s


[32m---- All tests passed! ----
[0m
