Godot Engine v4.5.1.stable.official.f62fdbde1 - https://godotengine.org

ERROR: Condition "ret != noErr" is true. Returning: ""
   at: get_system_ca_certificates (platform/macos/os_macos.mm:991)
---  GUT  ---
[1m[INFO]:  [0musing [/Users/ryko/Library/Application Support/Godot/app_userdata/Story] for temporary output.
Godot version:  4.5.1
GUT version:  9.5.0
[4m

res://tests/test_gable_contact_audit.gd
[0m* test_buried_native_gable_face_is_not_an_exterior_hole
[31m    [Failed]:  [0m[1] expected to equal [0]:  ["gable_hole end=1 samples=5 gable-junction [P: (-4, 0), S: (4, 4)] axis=0 eave=2"]
      at line 38
* test_native_face_enclosure_in_both_packs_and_all_directions
[31m    [Failed]:  [0m[1] expected to equal [0]:  [&"suntail", false, false, ["gable_hole end=1 samples=5 gable-junction [P: (-4, 0), S: (4, 4)] axis=0 eave=2"]]
      at line 45
[31m    [Failed]:  [0m[1] expected to equal [0]:  [&"suntail", false, true, ["gable_hole end=1 samples=5 gable-junction [P: (0, -4), S: (4, 4)] axis=1 eave=2"]]
      at line 45
[31m    [Failed]:  [0m[1] expected to equal [0]:  [&"suntail", true, false, ["gable_hole end=0 samples=5 gable-junction [P: (0, 0), S: (4, 4)] axis=0 eave=2"]]
      at line 45
[31m    [Failed]:  [0m[1] expected to equal [0]:  [&"suntail", true, true, ["gable_hole end=0 samples=5 gable-junction [P: (0, 0), S: (4, 4)] axis=1 eave=2"]]
      at line 45
[31m    [Failed]:  [0m[1] expected to equal [0]:  [&"pure_village", false, false, ["gable_hole end=1 samples=5 gable-junction [P: (-4, 0), S: (4, 4)] axis=0 eave=2"]]
      at line 45
[31m    [Failed]:  [0m[1] expected to equal [0]:  [&"pure_village", false, true, ["gable_hole end=1 samples=5 gable-junction [P: (0, -4), S: (4, 4)] axis=1 eave=2"]]
      at line 45
[31m    [Failed]:  [0m[1] expected to equal [0]:  [&"pure_village", true, false, ["gable_hole end=0 samples=5 gable-junction [P: (0, 0), S: (4, 4)] axis=0 eave=2"]]
      at line 45
[31m    [Failed]:  [0m[1] expected to equal [0]:  [&"pure_village", true, true, ["gable_hole end=0 samples=5 gable-junction [P: (0, 0), S: (4, 4)] axis=1 eave=2"]]
      at line 45
* test_missing_native_gable_is_still_reported
* test_trimmed_face_without_its_enclosing_attic_is_a_real_hole
* test_frozen_court43_has_no_exposed_gable_hole
[31m    [Failed]:  [0m[1] expected to equal [0]:  
      at line 91
[1m2/5 passed.
[0m



[33m==============================================
[0m[33m= Run Summary
[0m[33m==============================================
[0m[4m
res://tests/test_gable_contact_audit.gd
[0m- test_buried_native_gable_face_is_not_an_exterior_hole
[31m    [Failed]:  [0m[1] expected to equal [0]:  ["gable_hole end=1 samples=5 gable-junction [P: (-4, 0), S: (4, 4)] axis=0 eave=2"]
          at line 38
- test_native_face_enclosure_in_both_packs_and_all_directions
[31m    [Failed]:  [0m[1] expected to equal [0]:  [&"suntail", false, false, ["gable_hole end=1 samples=5 gable-junction [P: (-4, 0), S: (4, 4)] axis=0 eave=2"]]
          at line 45
[31m    [Failed]:  [0m[1] expected to equal [0]:  [&"suntail", false, true, ["gable_hole end=1 samples=5 gable-junction [P: (0, -4), S: (4, 4)] axis=1 eave=2"]]
          at line 45
[31m    [Failed]:  [0m[1] expected to equal [0]:  [&"suntail", true, false, ["gable_hole end=0 samples=5 gable-junction [P: (0, 0), S: (4, 4)] axis=0 eave=2"]]
          at line 45
[31m    [Failed]:  [0m[1] expected to equal [0]:  [&"suntail", true, true, ["gable_hole end=0 samples=5 gable-junction [P: (0, 0), S: (4, 4)] axis=1 eave=2"]]
          at line 45
[31m    [Failed]:  [0m[1] expected to equal [0]:  [&"pure_village", false, false, ["gable_hole end=1 samples=5 gable-junction [P: (-4, 0), S: (4, 4)] axis=0 eave=2"]]
          at line 45
[31m    [Failed]:  [0m[1] expected to equal [0]:  [&"pure_village", false, true, ["gable_hole end=1 samples=5 gable-junction [P: (0, -4), S: (4, 4)] axis=1 eave=2"]]
          at line 45
[31m    [Failed]:  [0m[1] expected to equal [0]:  [&"pure_village", true, false, ["gable_hole end=0 samples=5 gable-junction [P: (0, 0), S: (4, 4)] axis=0 eave=2"]]
          at line 45
[31m    [Failed]:  [0m[1] expected to equal [0]:  [&"pure_village", true, true, ["gable_hole end=0 samples=5 gable-junction [P: (0, 0), S: (4, 4)] axis=1 eave=2"]]
          at line 45
- test_frozen_court43_has_no_exposed_gable_hole
[31m    [Failed]:  [0m[1] expected to equal [0]:  
          at line 91

Totals
------
Scripts               1
Tests                 5
Passing Tests         2
Failing Tests         3
Asserts           12/22
Time              70.242s


[31m---- 3 failing tests ----
[0m
