Godot Engine v4.5.1.stable.official.f62fdbde1 - https://godotengine.org

ERROR: Condition "ret != noErr" is true. Returning: ""
   at: get_system_ca_certificates (platform/macos/os_macos.mm:991)
---  GUT  ---
[1m[INFO]:  [0musing [/Users/ryko/Library/Application Support/Godot/app_userdata/Story] for temporary output.
Godot version:  4.5.1
GUT version:  9.5.0
[4m

res://tests/test_october2_range_roofs.gd
[0m* test_large_ranges_keep_native_depth_and_break_up_every_long_tail
[31m    [Failed]:  [0m[5] expected to be <= than [4]:  A pavilion must use the same depth limit as the main roof
      at line 211
[31m    [Failed]:  [0m[7] expected to be < than [6]:  An unobstructed elongated remainder also receives a joined pavilion
      at line 213
[31m    [Failed]:  [0m[5] expected to be <= than [4]:  A pavilion must use the same depth limit as the main roof
      at line 211
[31m    [Failed]:  [0m[7] expected to be < than [6]:  An unobstructed elongated remainder also receives a joined pavilion
      at line 213
[31m    [Failed]:  [0m[5] expected to be <= than [4]:  A pavilion must use the same depth limit as the main roof
      at line 211
[31m    [Failed]:  [0m[5] expected to be <= than [4]:  A pavilion must use the same depth limit as the main roof
      at line 211
[31m    [Failed]:  [0m[7] expected to be < than [6]:  An unobstructed elongated remainder also receives a joined pavilion
      at line 213
[31m    [Failed]:  [0m[5] expected to be <= than [4]:  A pavilion must use the same depth limit as the main roof
      at line 211
[31m    [Failed]:  [0m[7] expected to be < than [6]:  An unobstructed elongated remainder also receives a joined pavilion
      at line 213
[31m    [Failed]:  [0m[5] expected to be <= than [4]:  A pavilion must use the same depth limit as the main roof
      at line 211
[31m    [Failed]:  [0m[7] expected to be < than [6]:  An unobstructed elongated remainder also receives a joined pavilion
      at line 213
[31m    [Failed]:  [0m[5] expected to be <= than [4]:  A pavilion must use the same depth limit as the main roof
      at line 211
[31m    [Failed]:  [0m[7] expected to be < than [6]:  An unobstructed elongated remainder also receives a joined pavilion
      at line 213
[31m    [Failed]:  [0m[5] expected to be <= than [4]:  A pavilion must use the same depth limit as the main roof
      at line 211
[31m    [Failed]:  [0m[7] expected to be < than [6]:  An unobstructed elongated remainder also receives a joined pavilion
      at line 213
[31m    [Failed]:  [0m[5] expected to be <= than [4]:  A pavilion must use the same depth limit as the main roof
      at line 211
[31m    [Failed]:  [0m[7] expected to be < than [6]:  An unobstructed elongated remainder also receives a joined pavilion
      at line 213
[31m    [Failed]:  [0m[5] expected to be <= than [4]:  A pavilion must use the same depth limit as the main roof
      at line 211
[31m    [Failed]:  [0m[5] expected to be <= than [4]:  A pavilion must use the same depth limit as the main roof
      at line 211
[31m    [Failed]:  [0m[5] expected to be <= than [4]:  A pavilion must use the same depth limit as the main roof
      at line 211
[31m    [Failed]:  [0m[5] expected to be <= than [4]:  A pavilion must use the same depth limit as the main roof
      at line 211
[31m    [Failed]:  [0m[7] expected to be < than [6]:  An unobstructed elongated remainder also receives a joined pavilion
      at line 213
[31m    [Failed]:  [0m[5] expected to be <= than [4]:  A pavilion must use the same depth limit as the main roof
      at line 211
[31m    [Failed]:  [0m[5] expected to be <= than [4]:  A pavilion must use the same depth limit as the main roof
      at line 211
[31m    [Failed]:  [0m[7] expected to be < than [6]:  An unobstructed elongated remainder also receives a joined pavilion
      at line 213
[31m    [Failed]:  [0m[5] expected to be <= than [4]:  A pavilion must use the same depth limit as the main roof
      at line 211
[31m    [Failed]:  [0m[7] expected to be < than [6]:  An unobstructed elongated remainder also receives a joined pavilion
      at line 213
[31m    [Failed]:  [0m[11] expected to be < than [4]:  An unobstructed elongated remainder also receives a joined pavilion
      at line 213
[31m    [Failed]:  [0m[5] expected to be < than [4]:  An unobstructed elongated remainder also receives a joined pavilion
      at line 213
[31m    [Failed]:  [0m[6] expected to be < than [4]:  An unobstructed elongated remainder also receives a joined pavilion
      at line 213
[31m    [Failed]:  [0m[11] expected to be < than [4]:  An unobstructed elongated remainder also receives a joined pavilion
      at line 213
[31m    [Failed]:  [0m[11] expected to be < than [4]:  An unobstructed elongated remainder also receives a joined pavilion
      at line 213
[31m    [Failed]:  [0m[11] expected to be < than [4]:  An unobstructed elongated remainder also receives a joined pavilion
      at line 213
[31m    [Failed]:  [0m[11] expected to be < than [4]:  An unobstructed elongated remainder also receives a joined pavilion
      at line 213
[31m    [Failed]:  [0m[11] expected to be < than [4]:  An unobstructed elongated remainder also receives a joined pavilion
      at line 213
[31m    [Failed]:  [0m[11] expected to be < than [4]:  An unobstructed elongated remainder also receives a joined pavilion
      at line 213
[1m0/1 passed.
[0m



[33m==============================================
[0m[33m= Run Summary
[0m[33m==============================================
[0m[4m
res://tests/test_october2_range_roofs.gd
[0m- test_large_ranges_keep_native_depth_and_break_up_every_long_tail
[31m    [Failed]:  [0m[5] expected to be <= than [4]:  A pavilion must use the same depth limit as the main roof
          at line 211
[31m    [Failed]:  [0m[7] expected to be < than [6]:  An unobstructed elongated remainder also receives a joined pavilion
          at line 213
[31m    [Failed]:  [0m[5] expected to be <= than [4]:  A pavilion must use the same depth limit as the main roof
          at line 211
[31m    [Failed]:  [0m[7] expected to be < than [6]:  An unobstructed elongated remainder also receives a joined pavilion
          at line 213
[31m    [Failed]:  [0m[5] expected to be <= than [4]:  A pavilion must use the same depth limit as the main roof
          at line 211
[31m    [Failed]:  [0m[5] expected to be <= than [4]:  A pavilion must use the same depth limit as the main roof
          at line 211
[31m    [Failed]:  [0m[7] expected to be < than [6]:  An unobstructed elongated remainder also receives a joined pavilion
          at line 213
[31m    [Failed]:  [0m[5] expected to be <= than [4]:  A pavilion must use the same depth limit as the main roof
          at line 211
[31m    [Failed]:  [0m[7] expected to be < than [6]:  An unobstructed elongated remainder also receives a joined pavilion
          at line 213
[31m    [Failed]:  [0m[5] expected to be <= than [4]:  A pavilion must use the same depth limit as the main roof
          at line 211
[31m    [Failed]:  [0m[7] expected to be < than [6]:  An unobstructed elongated remainder also receives a joined pavilion
          at line 213
[31m    [Failed]:  [0m[5] expected to be <= than [4]:  A pavilion must use the same depth limit as the main roof
          at line 211
[31m    [Failed]:  [0m[7] expected to be < than [6]:  An unobstructed elongated remainder also receives a joined pavilion
          at line 213
[31m    [Failed]:  [0m[5] expected to be <= than [4]:  A pavilion must use the same depth limit as the main roof
          at line 211
[31m    [Failed]:  [0m[7] expected to be < than [6]:  An unobstructed elongated remainder also receives a joined pavilion
          at line 213
[31m    [Failed]:  [0m[5] expected to be <= than [4]:  A pavilion must use the same depth limit as the main roof
          at line 211
[31m    [Failed]:  [0m[7] expected to be < than [6]:  An unobstructed elongated remainder also receives a joined pavilion
          at line 213
[31m    [Failed]:  [0m[5] expected to be <= than [4]:  A pavilion must use the same depth limit as the main roof
          at line 211
[31m    [Failed]:  [0m[5] expected to be <= than [4]:  A pavilion must use the same depth limit as the main roof
          at line 211
[31m    [Failed]:  [0m[5] expected to be <= than [4]:  A pavilion must use the same depth limit as the main roof
          at line 211
[31m    [Failed]:  [0m[5] expected to be <= than [4]:  A pavilion must use the same depth limit as the main roof
          at line 211
[31m    [Failed]:  [0m[7] expected to be < than [6]:  An unobstructed elongated remainder also receives a joined pavilion
          at line 213
[31m    [Failed]:  [0m[5] expected to be <= than [4]:  A pavilion must use the same depth limit as the main roof
          at line 211
[31m    [Failed]:  [0m[5] expected to be <= than [4]:  A pavilion must use the same depth limit as the main roof
          at line 211
[31m    [Failed]:  [0m[7] expected to be < than [6]:  An unobstructed elongated remainder also receives a joined pavilion
          at line 213
[31m    [Failed]:  [0m[5] expected to be <= than [4]:  A pavilion must use the same depth limit as the main roof
          at line 211
[31m    [Failed]:  [0m[7] expected to be < than [6]:  An unobstructed elongated remainder also receives a joined pavilion
          at line 213
[31m    [Failed]:  [0m[11] expected to be < than [4]:  An unobstructed elongated remainder also receives a joined pavilion
          at line 213
[31m    [Failed]:  [0m[5] expected to be < than [4]:  An unobstructed elongated remainder also receives a joined pavilion
          at line 213
[31m    [Failed]:  [0m[6] expected to be < than [4]:  An unobstructed elongated remainder also receives a joined pavilion
          at line 213
[31m    [Failed]:  [0m[11] expected to be < than [4]:  An unobstructed elongated remainder also receives a joined pavilion
          at line 213
[31m    [Failed]:  [0m[11] expected to be < than [4]:  An unobstructed elongated remainder also receives a joined pavilion
          at line 213
[31m    [Failed]:  [0m[11] expected to be < than [4]:  An unobstructed elongated remainder also receives a joined pavilion
          at line 213
[31m    [Failed]:  [0m[11] expected to be < than [4]:  An unobstructed elongated remainder also receives a joined pavilion
          at line 213
[31m    [Failed]:  [0m[11] expected to be < than [4]:  An unobstructed elongated remainder also receives a joined pavilion
          at line 213
[31m    [Failed]:  [0m[11] expected to be < than [4]:  An unobstructed elongated remainder also receives a joined pavilion
          at line 213

Totals
------
Scripts               1
Tests                 1
Passing Tests      none
Failing Tests         1
Asserts           1088/1124
Time              0.484s


Ran Tests matching "test_large_ranges"
[31m---- 1 failing tests ----
[0m
