Godot Engine v4.5.1.stable.official.f62fdbde1 - https://godotengine.org

ERROR: Condition "ret != noErr" is true. Returning: ""
   at: get_system_ca_certificates (platform/macos/os_macos.mm:991)
---  GUT  ---
[1m[INFO]:  [0musing [/Users/ryko/Library/Application Support/Godot/app_userdata/Story] for temporary output.
Godot version:  4.5.1
GUT version:  9.5.0
[4m

res://tests/test_october1_roof_dormer_fits.gd
[0m* test_clear_glass_cannot_keep_a_dormer_with_a_cut_roof_skin
[31m    [Failed]:  [0mReject the entire clipped module despite visible glazing
      at line 123
[31m    [Failed]:  [0m[0] expected to equal [1]:  
      at line 126
[1m0/1 passed.
[0m



[33m==============================================
[0m[33m= Run Summary
[0m[33m==============================================
[0m[4m
res://tests/test_october1_roof_dormer_fits.gd
[0m- test_clear_glass_cannot_keep_a_dormer_with_a_cut_roof_skin
[31m    [Failed]:  [0mReject the entire clipped module despite visible glazing
          at line 123
[31m    [Failed]:  [0m[0] expected to equal [1]:  
          at line 126

Totals
------
Scripts               1
Tests                 1
Passing Tests      none
Failing Tests         1
Asserts             2/4
Time              0.437s


Ran Tests matching "test_clear_glass_cannot_keep_a_dormer_with_a_cut_roof_skin"
[31m---- 1 failing tests ----
[0m
