Godot Engine v4.5.1.stable.official.f62fdbde1 - https://godotengine.org

ERROR: Condition "ret != noErr" is true. Returning: ""
   at: get_system_ca_certificates (platform/macos/os_macos.mm:991)
---  GUT  ---
[1m[INFO]:  [0musing [/Users/ryko/Library/Application Support/Godot/app_userdata/Story] for temporary output.
Godot version:  4.5.1
GUT version:  9.5.0
[4m

res://tests/test_october1_roof_dormer_fits.gd
[0m* test_obstructed_dormer_moves_whole_and_preserves_clear_bays
* test_no_clear_bay_uses_a_complete_plain_roof
* test_every_dormer_family_has_a_measured_opening
* test_clear_glass_cannot_keep_a_dormer_with_a_cut_roof_skin
[1m4/4 passed.
[0m



[33m==============================================
[0m[33m= Run Summary
[0m[33m==============================================
[0m
Totals
------
Scripts               1
Tests                 4
Passing Tests         4
Asserts             107
Time              0.887s


[32m---- All tests passed! ----
[0m
