Godot Engine v4.5.1.stable.official.f62fdbde1 - https://godotengine.org

ERROR: Condition "ret != noErr" is true. Returning: ""
   at: get_system_ca_certificates (platform/macos/os_macos.mm:991)
---  GUT  ---
[1m[INFO]:  [0musing [/Users/ryko/Library/Application Support/Godot/app_userdata/Story] for temporary output.
Godot version:  4.5.1
GUT version:  9.5.0
[4m

res://tests/test_september27_roofs.gd
[0m* test_equal_depth_branch_is_buried_at_the_host_ridge
* test_stepped_parallel_wing_runs_into_its_deeper_neighbour
* test_crown_sliver_merges_into_a_neighbouring_roof
* test_photo_towns_have_closed_roofs_without_tiny_wings
* test_roof_over_free_air_stands_on_posts
[1m5/5 passed.
[0m[4m

res://tests/test_stair_edge_admission.gd
[0m* test_roof_margins_are_geometric_in_every_direction
* test_side_connections_block_only_the_connected_edge
[1m2/2 passed.
[0m[4m

res://tests/test_stair_edge_profile.gd
[0m* test_profile_preserves_lane_centres_and_closes_landing_shoulders
* test_deferred_guards_use_the_same_physical_profile
* test_invalid_profiles_cannot_remove_a_reserved_lane
* test_native_returns_keep_one_ordinary_width_post
[1m4/4 passed.
[0m[4m

res://tests/test_warren_production_surfaces.gd
[0m* test_production_surface_bundle_carries_stair_transition_meshes
* test_patchwork_planks_have_one_exact_recessed_closure_skin
* test_ground_finished_court_cells_are_not_hidden_by_patchwork_wood
* test_town_streets_reuse_sparse_spots_without_rounding_their_edges
* test_every_rendered_public_surface_suppresses_retained_stone_caps
* test_borne_concave_court_corner_becomes_an_explicit_floor_claim
* test_court_corner_cannot_claim_an_inhabited_room
* test_terrain_cap_is_the_only_top_and_has_no_buried_stone_soffit
* test_borne_three_sided_turf_corner_closes_once_without_spreading
* test_turf_field_uses_only_level_cross_material_controls
* test_selected_turf_alone_owns_its_datum
* test_transition_mesh_owns_its_retained_riser_without_a_rock_wall
* test_payload_surface_meshes_validate_and_respect_block_ownership
* test_commit_queue_stages_surface_mesh_collision_and_visuals
* test_a_bank_under_a_house_is_one_plinth_course_and_no_more
* test_hollow_room_bearing_footprint_closes_all_four_plinth_sides
* test_the_hill_substrate_renderer_is_gone_and_may_not_return
* test_hill_no_building_stands_over_carries_no_stone_at_all
* test_hill_standing_over_a_street_is_not_a_stone_vault
* test_bare_stone_never_exceeds_one_storey_in_an_assembled_payload
* test_plinth_walls_are_deterministic_and_uniquely_identified
* test_rock_cladding_stops_at_the_ground_storey
* test_the_facade_family_selector_can_never_return_rock
[1m23/23 passed.
[0m



[33m==============================================
[0m[33m= Run Summary
[0m[33m==============================================
[0m
Totals
------
Scripts               4
Tests                34
Passing Tests        34
Asserts            1952
Time              169.225s


[32m---- All tests passed! ----
[0m
