Godot Engine v4.5.1.stable.official.f62fdbde1 - https://godotengine.org

ERROR: Condition "ret != noErr" is true. Returning: ""
   at: get_system_ca_certificates (platform/macos/os_macos.mm:991)
---  GUT  ---
[1m[INFO]:  [0musing [/Users/ryko/Library/Application Support/Godot/app_userdata/Story] for temporary output.
Godot version:  4.5.1
GUT version:  9.5.0
[4m

res://tests/test_district_tower_frontage.gd
[0m* test_district_access_preserves_a_real_tower_house_address
* test_infeasible_district_does_not_mutate_existing_routes
* test_tower_house_keeps_an_inhabited_district_edge
[1m3/3 passed.
[0m



[33m==============================================
[0m[33m= Run Summary
[0m[33m==============================================
[0m
Totals
------
Scripts               1
Tests                 3
Passing Tests         3
Asserts              37
Time              63.221s


[32m---- All tests passed! ----
[0m
