Godot Engine v4.5.1.stable.official.f62fdbde1 - https://godotengine.org

ERROR: Condition "ret != noErr" is true. Returning: ""
   at: get_system_ca_certificates (platform/macos/os_macos.mm:991)
STEPPED_HOUSES [{ "id": &"kit.spatial.feature.landmark.01", "at": (12.75, 3.0, 2.25), "reach": 24.0 }, { "id": &"kit.spatial.parcel.maze.house.001", "at": (-3.75, 10.5, -11.25), "reach": 32.0 }, { "id": &"kit.spatial.parcel.maze.house.017", "at": (-9.75, 3.0, 44.25), "reach": 16.0 }, { "id": &"kit.spatial.parcel.maze.house.021", "at": (-3.75, 12.0, 2.25), "reach": 32.0 }]
ROOF_AUDIT { "clipped": 409, "removed": 26, "chimneys": { "moved": 0, "omitted": 0, "checked": 4 }, "towers": { "corner_attempts": 81, "corner_supported": 3, "corner_public_blocked": 2, "corner_join_quadrants": 11, "corner_quadrant_counts": { 2: 9, 4: 2 }, "corner_quadrant_examples": [{ "host": &"kit.spatial.feature.landmark.01", "corner": (6, 2), "base": 0, "top": 2, "band": 0, "occupied": [(0, -1), (0, 0)] }, { "host": &"kit.spatial.feature.landmark.01", "corner": (9, 2), "base": 0, "top": 2, "band": 0, "occupied": [(-1, -1), (-1, 0), (0, -1), (0, 0)] }, { "host": &"kit.spatial.feature.landmark.01", "corner": (9, 4), "base": 0, "top": 2, "band": 0, "occupied": [(-1, -1), (0, -1)] }, { "host": &"kit.spatial.feature.landmark.01", "corner": (9, 2), "base": 0, "top": 4, "band": 0, "occupied": [(-1, -1), (-1, 0), (0, -1), (0, 0)] }, { "host": &"kit.spatial.feature.landmark.01", "corner": (6, 2), "base": 0, "top": 4, "band": 0, "occupied": [(0, -1), (0, 0)] }, { "host": &"kit.spatial.feature.landmark.01", "corner": (12, 2), "base": 0, "top": 4, "band": 0, "occupied": [(-1, -1), (-1, 0)] }, { "host": &"kit.spatial.parcel.maze.bridge.00.end.1.lower", "corner": (-2, 6), "base": 4, "top": 8, "band": 4, "occupied": [(-1, 0), (0, 0)] }, { "host": &"kit.spatial.parcel.maze.house.001", "corner": (-3, -8), "base": 3, "top": 5, "band": 3, "occupied": [(-1, -1), (0, -1)] }, { "host": &"kit.spatial.parcel.maze.house.008", "corner": (6, -5), "base": 1, "top": 7, "band": 1, "occupied": [(0, -1), (0, 0)] }, { "host": &"kit.spatial.parcel.maze.house.021", "corner": (-1, 2), "base": 4, "top": 8, "band": 4, "occupied": [(-1, -1), (0, -1)] }, { "host": &"kit.spatial.parcel.maze.house.021", "corner": (-1, 2), "base": 4, "top": 12, "band": 4, "occupied": [(-1, -1), (0, -1)] }], "corner_no_host_join": 11, "corner_reservation_rejected": 18, "corner_reservation_example": "kit.spatial.parcel.maze.house.026 / (4, 10, 1) / base 8", "corner_no_bearing_or_space": 67, "corner_accepted": 1, "corner_bearing_rejected": 30, "corner_bearing_example": "kit.spatial.parcel.maze.house.026 / (4, 3, 1) / base 4", "attempts": 192, "supported": 6, "host_fit": 6, "public_clear": 5, "neighbor_clear": 2, "accepted": 1 }, "facade_bays": 3, "room_projections": 4, "retaining_relief": 1, "retaining_flight_joints": 6, "retaining_windows": 11, "fortified_windows": 32, "retaining_recesses": 37, "decor_clearance": { &"fort.block": 154, &"window_box": 42, &"prop.doorstep": 29 }, "fitted_window_boxes": 7, "joins": 4, "parallel_joins": 0, "fitted_eaves": 1, "dormers": { "moved": 0, "omitted": 0, "checked": 7 }, "seated_balcony_brackets": 0, "roof_blocked_windows": 48, "roof_fitted_windows": 14 }
WALK_SURFACE district_access.(-1, 0, -1) expected=(2.0, 0.0, -46.0) floor=(2.0, 0.05, -46.0)
WALK_SURFACE district_access.(-1, 0, -1) expected=(2.0, 0.0, -38.0) floor=(2.0, 0.05, -38.0)
WALK_SURFACE district_access.(-1, 0, -1) expected=(2.0, 0.0, -30.0) floor=(2.0, 0.05, -30.0)
WALK_SURFACE district_access.(-1, 0, -1) expected=(2.0, 0.0, -22.0) floor=(2.0, 0.05, -22.0)
WALK_SURFACE district_access.(-1, 0, -1) expected=(2.0, 0.0, -14.0) floor=(2.0, 0.05, -14.0)
WALK_SURFACE district_access.(-1, 0, -1) expected=(2.0, 0.0, -6.0) floor=(2.0, 0.05, -6.0)
WALK_SURFACE district_access.(-1, 0, -1) expected=(-6.0, 0.0, -6.0) floor=(-6.0, 0.05, -6.0)
TOWN_ROUTE_WALK district_access.(-1, 0, -1) reverse=false passed=true end=(-5.739238, 0.050215, -5.982885)
TOWN_ROUTE_WALK district_access.(-1, 0, -1) reverse=true passed=true end=(2.0, 0.050391, -45.7392)
WALK_SURFACE district_access.(16, 0, 2) expected=(2.0, 0.0, -46.0) floor=(2.0, 0.05, -46.0)
WALK_SURFACE district_access.(16, 0, 2) expected=(2.0, 0.0, -38.0) floor=(2.0, 0.05, -38.0)
WALK_SURFACE district_access.(16, 0, 2) expected=(2.0, 0.0, -30.0) floor=(2.0, 0.05, -30.0)
WALK_SURFACE district_access.(16, 0, 2) expected=(2.0, 0.0, -22.0) floor=(2.0, 0.05, -22.0)
WALK_SURFACE district_access.(16, 0, 2) expected=(2.0, 0.0, -14.0) floor=(2.0, 0.05, -14.0)
WALK_SURFACE district_access.(16, 0, 2) expected=(2.0, 0.0, -6.0) floor=(2.0, 0.05, -6.0)
WALK_SURFACE district_access.(16, 0, 2) expected=(10.0, 0.0, -6.0) floor=(10.0, 0.05, -6.0)
WALK_SURFACE district_access.(16, 0, 2) expected=(18.0, 0.0, -6.0) floor=(18.0, 0.05, -6.0)
WALK_SURFACE district_access.(16, 0, 2) expected=(18.0, 0.0, 2.0) floor=(18.0, 0.05, 2.0)
WALK_SURFACE district_access.(16, 0, 2) expected=(18.0, 0.0, 10.0) floor=(18.0, 0.05, 10.0)
WALK_SURFACE district_access.(16, 0, 2) expected=(18.0, 0.0, 18.0) floor=(18.0, 0.05, 18.0)
WALK_SURFACE district_access.(16, 0, 2) expected=(18.0, 0.0, 26.0) floor=(18.0, 0.05, 26.0)
WALK_SURFACE district_access.(16, 0, 2) expected=(18.0, 0.0, 34.0) floor=(18.0, 0.05, 34.0)
WALK_SURFACE district_access.(16, 0, 2) expected=(18.0, 0.0, 42.0) floor=(18.0, 0.05, 42.0)
WALK_SURFACE district_access.(16, 0, 2) expected=(26.0, 0.0, 42.0) floor=(26.0, 0.05, 42.0)
WALK_SURFACE district_access.(16, 0, 2) expected=(34.0, 0.0, 42.0) floor=(34.0, 0.05, 42.0)
WALK_SURFACE district_access.(16, 0, 2) expected=(42.0, 0.0, 42.0) floor=(42.0, 0.05, 42.0)
WALK_SURFACE district_access.(16, 0, 2) expected=(50.0, 0.0, 42.0) floor=(50.0, 0.05, 42.0)
WALK_SURFACE district_access.(16, 0, 2) expected=(58.0, 0.0, 42.0) floor=(58.0, 0.05, 42.0)
WALK_SURFACE district_access.(16, 0, 2) expected=(66.0, 0.0, 42.0) floor=(66.0, 0.05, 42.0)
WALK_SURFACE district_access.(16, 0, 2) expected=(74.0, 0.0, 42.0) floor=(74.0, 0.05, 42.0)
WALK_SURFACE district_access.(16, 0, 2) expected=(82.0, 0.0, 42.0) floor=(82.0, 0.05, 42.0)
WALK_SURFACE district_access.(16, 0, 2) expected=(90.0, 0.0, 42.0) floor=(89.99999, 0.05, 42.0)
WALK_SURFACE district_access.(16, 0, 2) expected=(98.0, 0.0, 42.0) floor=(97.99999, 0.05, 42.0)
WALK_SURFACE district_access.(16, 0, 2) expected=(106.0, 0.0, 42.0) floor=(106.0, 0.05, 42.0)
WALK_SURFACE district_access.(16, 0, 2) expected=(114.0, 0.0, 42.0) floor=(114.0, 0.05, 42.0)
WALK_SURFACE district_access.(16, 0, 2) expected=(122.0, 0.0, 42.0) floor=(122.0, 0.05, 42.0)
WALK_SURFACE district_access.(16, 0, 2) expected=(130.0, 0.0, 42.0) floor=(130.0, 0.05, 42.0)
WALK_SURFACE district_access.(16, 0, 2) expected=(130.0, 0.0, 34.0) floor=(130.0, 0.05, 34.0)
WALK_SURFACE district_access.(16, 0, 2) expected=(130.0, 0.0, 26.0) floor=(130.0, 0.05, 26.0)
WALK_SURFACE district_access.(16, 0, 2) expected=(130.0, 0.0, 18.0) floor=(130.0, 0.05, 18.0)
TOWN_ROUTE_WALK district_access.(16, 0, 2) reverse=false passed=true end=(130.0, 0.050391, 18.25975)
TOWN_ROUTE_WALK district_access.(16, 0, 2) reverse=true passed=true end=(2.0, 0.05094, -45.73848)
WALK_SURFACE district_access.(11, 0, 16) expected=(2.0, 0.0, -46.0) floor=(2.0, 0.05, -46.0)
WALK_SURFACE district_access.(11, 0, 16) expected=(2.0, 0.0, -38.0) floor=(2.0, 0.05, -38.0)
WALK_SURFACE district_access.(11, 0, 16) expected=(2.0, 0.0, -30.0) floor=(2.0, 0.05, -30.0)
WALK_SURFACE district_access.(11, 0, 16) expected=(2.0, 0.0, -22.0) floor=(2.0, 0.05, -22.0)
WALK_SURFACE district_access.(11, 0, 16) expected=(2.0, 0.0, -14.0) floor=(2.0, 0.05, -14.0)
WALK_SURFACE district_access.(11, 0, 16) expected=(2.0, 0.0, -6.0) floor=(2.0, 0.05, -6.0)
WALK_SURFACE district_access.(11, 0, 16) expected=(10.0, 0.0, -6.0) floor=(10.0, 0.05, -6.0)
WALK_SURFACE district_access.(11, 0, 16) expected=(18.0, 0.0, -6.0) floor=(18.0, 0.05, -6.0)
WALK_SURFACE district_access.(11, 0, 16) expected=(18.0, 0.0, 2.0) floor=(18.0, 0.05, 2.0)
WALK_SURFACE district_access.(11, 0, 16) expected=(18.0, 0.0, 10.0) floor=(18.0, 0.05, 10.0)
WALK_SURFACE district_access.(11, 0, 16) expected=(18.0, 0.0, 18.0) floor=(18.0, 0.05, 18.0)
WALK_SURFACE district_access.(11, 0, 16) expected=(18.0, 0.0, 26.0) floor=(18.0, 0.05, 26.0)
WALK_SURFACE district_access.(11, 0, 16) expected=(18.0, 0.0, 34.0) floor=(18.0, 0.05, 34.0)
WALK_SURFACE district_access.(11, 0, 16) expected=(18.0, 0.0, 42.0) floor=(18.0, 0.05, 42.0)
WALK_SURFACE district_access.(11, 0, 16) expected=(26.0, 0.0, 42.0) floor=(26.0, 0.05, 42.0)
WALK_SURFACE district_access.(11, 0, 16) expected=(34.0, 0.0, 42.0) floor=(34.0, 0.05, 42.0)
WALK_SURFACE district_access.(11, 0, 16) expected=(42.0, 0.0, 42.0) floor=(42.0, 0.05, 42.0)
WALK_SURFACE district_access.(11, 0, 16) expected=(50.0, 0.0, 42.0) floor=(50.0, 0.05, 42.0)
WALK_SURFACE district_access.(11, 0, 16) expected=(58.0, 0.0, 42.0) floor=(58.0, 0.05, 42.0)
WALK_SURFACE district_access.(11, 0, 16) expected=(66.0, 0.0, 42.0) floor=(66.0, 0.05, 42.0)
WALK_SURFACE district_access.(11, 0, 16) expected=(74.0, 0.0, 42.0) floor=(74.0, 0.05, 42.0)
WALK_SURFACE district_access.(11, 0, 16) expected=(82.0, 0.0, 42.0) floor=(82.0, 0.05, 42.0)
WALK_SURFACE district_access.(11, 0, 16) expected=(90.0, 0.0, 42.0) floor=(89.99999, 0.05, 42.0)
WALK_SURFACE district_access.(11, 0, 16) expected=(90.0, 0.0, 50.0) floor=(89.99999, 0.05, 50.0)
WALK_SURFACE district_access.(11, 0, 16) expected=(90.0, 0.0, 58.0) floor=(89.99999, 0.05, 58.0)
WALK_SURFACE district_access.(11, 0, 16) expected=(90.0, 0.0, 66.0) floor=(89.99999, 0.05, 66.0)
WALK_SURFACE district_access.(11, 0, 16) expected=(90.0, 0.0, 74.0) floor=(89.99999, 0.05, 74.0)
WALK_SURFACE district_access.(11, 0, 16) expected=(90.0, 0.0, 82.0) floor=(89.99999, 0.05, 82.0)
WALK_SURFACE district_access.(11, 0, 16) expected=(90.0, 0.0, 90.0) floor=(89.99999, 0.05, 89.99999)
WALK_SURFACE district_access.(11, 0, 16) expected=(90.0, 0.0, 98.0) floor=(89.99999, 0.05, 97.99999)
WALK_SURFACE district_access.(11, 0, 16) expected=(90.0, 0.0, 106.0) floor=(89.99999, 0.05, 106.0)
WALK_SURFACE district_access.(11, 0, 16) expected=(90.0, 0.0, 114.0) floor=(89.99999, 0.05, 114.0)
WALK_SURFACE district_access.(11, 0, 16) expected=(90.0, 0.0, 122.0) floor=(89.99999, 0.05, 122.0)
WALK_SURFACE district_access.(11, 0, 16) expected=(90.0, 0.0, 130.0) floor=(89.99999, 0.05, 130.0)
TOWN_ROUTE_WALK district_access.(11, 0, 16) reverse=false passed=true end=(90.00001, 0.050391, 129.7402)
TOWN_ROUTE_WALK district_access.(11, 0, 16) reverse=true passed=true end=(2.0, 0.050941, -45.73845)
WALK_SURFACE district_access.(-3, 0, 13) expected=(2.0, 0.0, -46.0) floor=(2.0, 0.05, -46.0)
WALK_SURFACE district_access.(-3, 0, 13) expected=(2.0, 0.0, -38.0) floor=(2.0, 0.05, -38.0)
WALK_SURFACE district_access.(-3, 0, 13) expected=(2.0, 0.0, -30.0) floor=(2.0, 0.05, -30.0)
WALK_SURFACE district_access.(-3, 0, 13) expected=(2.0, 0.0, -22.0) floor=(2.0, 0.05, -22.0)
WALK_SURFACE district_access.(-3, 0, 13) expected=(2.0, 0.0, -14.0) floor=(2.0, 0.05, -14.0)
WALK_SURFACE district_access.(-3, 0, 13) expected=(2.0, 0.0, -6.0) floor=(2.0, 0.05, -6.0)
WALK_SURFACE district_access.(-3, 0, 13) expected=(10.0, 0.0, -6.0) floor=(10.0, 0.05, -6.0)
WALK_SURFACE district_access.(-3, 0, 13) expected=(18.0, 0.0, -6.0) floor=(18.0, 0.05, -6.0)
WALK_SURFACE district_access.(-3, 0, 13) expected=(18.0, 0.0, 2.0) floor=(18.0, 0.05, 2.0)
WALK_SURFACE district_access.(-3, 0, 13) expected=(18.0, 0.0, 10.0) floor=(18.0, 0.05, 10.0)
WALK_SURFACE district_access.(-3, 0, 13) expected=(18.0, 0.0, 18.0) floor=(18.0, 0.05, 18.0)
WALK_SURFACE district_access.(-3, 0, 13) expected=(18.0, 0.0, 26.0) floor=(18.0, 0.05, 26.0)
WALK_SURFACE district_access.(-3, 0, 13) expected=(18.0, 0.0, 34.0) floor=(18.0, 0.05, 34.0)
WALK_SURFACE district_access.(-3, 0, 13) expected=(18.0, 0.0, 42.0) floor=(18.0, 0.05, 42.0)
WALK_SURFACE district_access.(-3, 0, 13) expected=(18.0, 0.0, 50.0) floor=(18.0, 0.05, 50.0)
WALK_SURFACE district_access.(-3, 0, 13) expected=(18.0, 0.0, 58.0) floor=(18.0, 0.05, 58.0)
WALK_SURFACE district_access.(-3, 0, 13) expected=(18.0, 0.0, 66.0) floor=(18.0, 0.05, 66.0)
WALK_SURFACE district_access.(-3, 0, 13) expected=(18.0, 0.0, 74.0) floor=(18.0, 0.05, 74.0)
WALK_SURFACE district_access.(-3, 0, 13) expected=(18.0, 0.0, 82.0) floor=(18.0, 0.05, 82.0)
WALK_SURFACE district_access.(-3, 0, 13) expected=(18.0, 0.0, 90.0) floor=(18.0, 0.05, 89.99999)
WALK_SURFACE district_access.(-3, 0, 13) expected=(18.0, 0.0, 98.0) floor=(18.0, 0.05, 97.99999)
WALK_SURFACE district_access.(-3, 0, 13) expected=(18.0, 0.0, 106.0) floor=(18.0, 0.05, 106.0)
WALK_SURFACE district_access.(-3, 0, 13) expected=(10.0, 0.0, 106.0) floor=(10.0, 0.05, 106.0)
WALK_SURFACE district_access.(-3, 0, 13) expected=(2.0, 0.0, 106.0) floor=(2.0, 0.05, 106.0)
WALK_SURFACE district_access.(-3, 0, 13) expected=(-6.0, 0.0, 106.0) floor=(-6.0, 0.05, 106.0)
WALK_SURFACE district_access.(-3, 0, 13) expected=(-14.0, 0.0, 106.0) floor=(-14.0, 0.05, 106.0)
WALK_SURFACE district_access.(-3, 0, 13) expected=(-22.0, 0.0, 106.0) floor=(-22.0, 0.05, 106.0)
TOWN_ROUTE_WALK district_access.(-3, 0, 13) reverse=false passed=true end=(-21.74048, 0.050391, 106.0)
TOWN_ROUTE_WALK district_access.(-3, 0, 13) reverse=true passed=true end=(2.0, 0.050391, -45.73838)
