Godot Engine v4.5.1.stable.official.f62fdbde1 - https://godotengine.org

ERROR: Condition "ret != noErr" is true. Returning: ""
   at: get_system_ca_certificates (platform/macos/os_macos.mm:991)
---  GUT  ---
[1m[INFO]:  [0musing [/Users/ryko/Library/Application Support/Godot/app_userdata/Story] for temporary output.
Godot version:  4.5.1
GUT version:  9.5.0
[4m

res://tests/test_district_tower_frontage.gd
[0m* test_reserved_tower_house_survives_finished_fabric
[31m    [Failed]:  [0m[0] expected to be > than [0]:  The promised native tower-house must survive final spatial admission, not only plot reservation
      at line 67
[1m0/1 passed.
[0m



[33m==============================================
[0m[33m= Run Summary
[0m[33m==============================================
[0m[4m
res://tests/test_district_tower_frontage.gd
[0m- test_reserved_tower_house_survives_finished_fabric
[31m    [Failed]:  [0m[0] expected to be > than [0]:  The promised native tower-house must survive final spatial admission, not only plot reservation
          at line 67

Totals
------
Scripts               1
Tests                 1
Passing Tests      none
Failing Tests         1
Asserts             1/2
Time              38.517s


Ran Tests matching "test_reserved_tower_house_survives_finished_fabric"
[31m---- 1 failing tests ----
[0m
