Godot Engine v4.5.1.stable.official.f62fdbde1 - https://godotengine.org

ERROR: Condition "ret != noErr" is true. Returning: ""
   at: get_system_ca_certificates (platform/macos/os_macos.mm:991)
---  GUT  ---
[1m[INFO]:  [0musing [/Users/ryko/Library/Application Support/Godot/app_userdata/Story] for temporary output.
Godot version:  4.5.1
GUT version:  9.5.0
[4m

res://tests/test_partial_crown_repacking.gd
[0m* test_blocked_remainder_does_not_prevent_a_full_roof_on_clear_crown
[31m    [Failed]:  [0mExpected [ARRAY([[P: (-2, 0), S: (4, 1)], [P: (0, 1), S: (2, 1)]])] to contain value:  [RECT2I([P: (0, 0), S: (2, 2)])]:  Clear half of the crown forms a full-width roof
      at line 12
[1m0/1 passed.
[0m



[33m==============================================
[0m[33m= Run Summary
[0m[33m==============================================
[0m[4m
res://tests/test_partial_crown_repacking.gd
[0m- test_blocked_remainder_does_not_prevent_a_full_roof_on_clear_crown
[31m    [Failed]:  [0mExpected [ARRAY([[P: (-2, 0), S: (4, 1)], [P: (0, 1), S: (2, 1)]])] to contain value:  [RECT2I([P: (0, 0), S: (2, 2)])]:  Clear half of the crown forms a full-width roof
          at line 12

Totals
------
Scripts               1
Tests                 1
Passing Tests      none
Failing Tests         1
Asserts           13/14
Time              0.396s


[31m---- 1 failing tests ----
[0m
