Godot Engine v4.5.1.stable.official.f62fdbde1 - https://godotengine.org

ERROR: Condition "ret != noErr" is true. Returning: ""
   at: get_system_ca_certificates (platform/macos/os_macos.mm:991)
---  GUT  ---
[1m[INFO]:  [0musing [/Users/ryko/Library/Application Support/Godot/app_userdata/Story] for temporary output.
Godot version:  4.5.1
GUT version:  9.5.0
[4m

res://tests/test_interior_court_route.gd
[0m* test_raised_square_is_inside_the_cluster_and_has_a_level_address
COURT_SEARCH 10740 { "cells": [(-2, -5), (-1, -5), (0, -5), (-2, -4), (-1, -4), (0, -4), (-2, -3), (-1, -3), (0, -3)], "floor": 2, "entrance": (-1, 2, -2), "houses": { (-3, -5): true, (-2, -6): true, (-1, -6): true, (1, -5): true, (0, -6): true, (-3, -4): true, (1, -4): true }, "ring": 3, "cost": 20, "sides": 3, "tie": 1886013952 }
[1m1/1 passed.
[0m



[33m==============================================
[0m[33m= Run Summary
[0m[33m==============================================
[0m
Totals
------
Scripts               1
Tests                 1
Passing Tests         1
Asserts              16
Time              5.86s


[32m---- All tests passed! ----
[0m
