Godot Engine v4.5.1.stable.official.f62fdbde1 - https://godotengine.org

---  GUT  ---
[1m[INFO]:  [0musing [/Users/ryko/Library/Application Support/Godot/app_userdata/Story] for temporary output.
Godot version:  4.5.1
GUT version:  9.5.0
[4m

res://tests/test_enclosed_skywalk_ceiling.gd
[0m* test_enclosed_crossing_has_a_complete_native_timber_ceiling
[31m    [Failed]:  [0m[0] expected to equal [2]:  Close the attic over every passage bay with kit timber
      at line 22
[31m    [Failed]:  [0m[0] expected to equal [2]:  Close the attic over every passage bay with kit timber
      at line 22
[31m    [Failed]:  [0m[0] expected to equal [4]:  Close the attic over every passage bay with kit timber
      at line 22
[31m    [Failed]:  [0m[0] expected to equal [4]:  Close the attic over every passage bay with kit timber
      at line 22
* test_open_crossing_keeps_open_sky
[1m1/2 passed.
[0m[4m

res://tests/test_skywalk_hood_clearance.gd
[0m* test_finished_skywalk_landings_have_no_wall_canopy_obstruction
[31m    [Failed]:  [0mARRAY([&"kit.spatial.parcel.maze.house.wall-room.000/k0045"]) != ARRAY([]).
    [&"kit.spatial.parcel.maze.house.wall-ro...00/k0045"] != []  1 of 1 indexes do not match.  Keep complete canopy runs out of late skywalks: [&"kit.spatial.parcel.maze.house.wall-room.000/k0045"]
      at line 54
[1m0/1 passed.
[0m



[33m==============================================
[0m[33m= Run Summary
[0m[33m==============================================
[0m[4m
res://tests/test_enclosed_skywalk_ceiling.gd
[0m- test_enclosed_crossing_has_a_complete_native_timber_ceiling
[31m    [Failed]:  [0m[0] expected to equal [2]:  Close the attic over every passage bay with kit timber
          at line 22
[31m    [Failed]:  [0m[0] expected to equal [2]:  Close the attic over every passage bay with kit timber
          at line 22
[31m    [Failed]:  [0m[0] expected to equal [4]:  Close the attic over every passage bay with kit timber
          at line 22
[31m    [Failed]:  [0m[0] expected to equal [4]:  Close the attic over every passage bay with kit timber
          at line 22
[4m
res://tests/test_skywalk_hood_clearance.gd
[0m- test_finished_skywalk_landings_have_no_wall_canopy_obstruction
[31m    [Failed]:  [0mARRAY([&"kit.spatial.parcel.maze.house.wall-room.000/k0045"]) != ARRAY([]).
    [&"kit.spatial.parcel.maze.house.wall-ro...00/k0045"] != []  1 of 1 indexes do not match.  Keep complete canopy runs out of late skywalks: [&"kit.spatial.parcel.maze.house.wall-room.000/k0045"]
          at line 54

Totals
------
Scripts               2
Tests                 3
Passing Tests         1
Failing Tests         2
Asserts             4/9
Time              43.867s


[31m---- 2 failing tests ----
[0m
