Godot Engine v4.5.1.stable.official.f62fdbde1 - https://godotengine.org

ERROR: Condition "ret != noErr" is true. Returning: ""
   at: get_system_ca_certificates (platform/macos/os_macos.mm:991)
---  GUT  ---
[1m[INFO]:  [0musing [/Users/ryko/Library/Application Support/Godot/app_userdata/Story] for temporary output.
Godot version:  4.5.1
GUT version:  9.5.0
[4m

res://tests/test_october1_pure_roofs.gd
[0m* test_native_end_courses_face_outward_on_both_axes
* test_native_roof_roles_have_measured_mesh_and_collision
* test_native_caps_supplement_full_bays_without_roof_holes
* test_mixed_roof_union_cuts_both_families_and_keeps_collision
* test_native_peak_has_no_narrow_slots
* test_tight_eaves_keep_full_roof_courses_closed_on_both_axes
* test_native_dormers_keep_windows_and_close_their_roof_bays
* test_short_verges_keep_whole_ridge_caps_and_closed_course_seams
* test_native_and_mixed_junctions_remain_closed
* test_native_ridge_contact_closes_oblique_sightlines
* test_public_verge_fit_keeps_the_native_gable_face
* test_shortened_verges_keep_complete_native_end_caps_on_both_axes
* test_full_gable_bays_have_native_windows_and_close_when_obstructed
[1m13/13 passed.
[0m[4m

res://tests/test_october1_town_roof_verges.gd
[0m* test_photo_roof_ends_do_not_project_into_the_raised_walkway
* test_photo_gables_remain_closed
* test_verge_fitting_rotates_and_keeps_ground_level_overhangs
* test_open_branch_keeps_its_host_overlap
* test_trimmed_roof_collision_matches_rendered_faces
[1m5/5 passed.
[0m[4m

res://tests/test_enclosed_skywalk_ceiling.gd
[0m* test_enclosed_crossing_has_a_complete_native_timber_ceiling
* test_open_crossing_keeps_open_sky
* test_roof_foot_does_not_enter_an_equal_height_endpoint_room
[1m3/3 passed.
[0m



[33m==============================================
[0m[33m= Run Summary
[0m[33m==============================================
[0m
Totals
------
Scripts               3
Tests                21
Passing Tests        21
Asserts             935
Time              88.876s


[32m---- All tests passed! ----
[0m
