Godot Engine v4.5.1.stable.official.f62fdbde1 - https://godotengine.org

ERROR: Condition "ret != noErr" is true. Returning: ""
   at: get_system_ca_certificates (platform/macos/os_macos.mm:991)
---  GUT  ---
[1m[INFO]:  [0musing [/Users/ryko/Library/Application Support/Godot/app_userdata/Story] for temporary output.
Godot version:  4.5.1
GUT version:  9.5.0
[4m

res://tests/test_enclosed_skywalk_ceiling.gd
[0m* test_enclosed_crossing_has_a_complete_native_timber_ceiling
* test_open_crossing_keeps_open_sky
* test_roof_foot_does_not_enter_an_equal_height_endpoint_room
[31m    [Failed]:  [0m[80] expected to equal [0]:  No roof skin or trim inside the endpoint room below its ceiling
      at line 49
[1m2/3 passed.
[0m



[33m==============================================
[0m[33m= Run Summary
[0m[33m==============================================
[0m[4m
res://tests/test_enclosed_skywalk_ceiling.gd
[0m- test_roof_foot_does_not_enter_an_equal_height_endpoint_room
[31m    [Failed]:  [0m[80] expected to equal [0]:  No roof skin or trim inside the endpoint room below its ceiling
          at line 49

Totals
------
Scripts               1
Tests                 3
Passing Tests         2
Failing Tests         1
Asserts           18/19
Time              1.826s


[31m---- 1 failing tests ----
[0m
