Godot Engine v4.5.1.stable.official.f62fdbde1 - https://godotengine.org

ERROR: Condition "ret != noErr" is true. Returning: ""
   at: get_system_ca_certificates (platform/macos/os_macos.mm:991)
---  GUT  ---
[1m[INFO]:  [0musing [/Users/ryko/Library/Application Support/Godot/app_userdata/Story] for temporary output.
Godot version:  4.5.1
GUT version:  9.5.0
[4m

res://tests/test_enclosed_skywalk_ceiling.gd
[0m* test_enclosed_crossing_has_a_complete_native_timber_ceiling
[31m    [Failed]:  [0m[0] expected to equal [2]:  Close the attic over every passage bay with kit timber
      at line 22
[31m    [Failed]:  [0m[0] expected to equal [2]:  Close the attic over every passage bay with kit timber
      at line 22
[31m    [Failed]:  [0m[0] expected to equal [4]:  Close the attic over every passage bay with kit timber
      at line 22
[31m    [Failed]:  [0m[0] expected to equal [4]:  Close the attic over every passage bay with kit timber
      at line 22
* test_open_crossing_keeps_open_sky
[1m1/2 passed.
[0m



[33m==============================================
[0m[33m= Run Summary
[0m[33m==============================================
[0m[4m
res://tests/test_enclosed_skywalk_ceiling.gd
[0m- test_enclosed_crossing_has_a_complete_native_timber_ceiling
[31m    [Failed]:  [0m[0] expected to equal [2]:  Close the attic over every passage bay with kit timber
          at line 22
[31m    [Failed]:  [0m[0] expected to equal [2]:  Close the attic over every passage bay with kit timber
          at line 22
[31m    [Failed]:  [0m[0] expected to equal [4]:  Close the attic over every passage bay with kit timber
          at line 22
[31m    [Failed]:  [0m[0] expected to equal [4]:  Close the attic over every passage bay with kit timber
          at line 22

Totals
------
Scripts               1
Tests                 2
Passing Tests         1
Failing Tests         1
Asserts             2/6
Time              1.863s


[31m---- 1 failing tests ----
[0m
