Godot Engine v4.5.1.stable.official.f62fdbde1 - https://godotengine.org

ERROR: Condition "ret != noErr" is true. Returning: ""
   at: get_system_ca_certificates (platform/macos/os_macos.mm:991)
---  GUT  ---
[1m[INFO]:  [0musing [/Users/ryko/Library/Application Support/Godot/app_userdata/Story] for temporary output.
Godot version:  4.5.1
GUT version:  9.5.0
[4m

res://tests/fixtures/september19/bank-corridor/test_corridor.gd
[0m* test_clear_sloping_water_can_keep_its_cliff_dressing
* test_neighboring_dry_bank_still_limits_rock_projection
SHORE_REJECT (-586.5, 20.0, 205.5) corner clearance=16
* test_flooded_crown_remains_ineligible
* test_dry_rock_is_not_deformed
* test_a_dry_break_inside_the_sloping_passage_remains_ineligible
SHORE_REJECT (-541.5, 20.0, 205.5) corner clearance=409
[1m5/5 passed.
[0m



[33m==============================================
[0m[33m= Run Summary
[0m[33m==============================================
[0m
Totals
------
Scripts               1
Tests                 5
Passing Tests         5
Asserts               5
Time              53.363s


[32m---- All tests passed! ----
[0m
