Godot Engine v4.5.1.stable.official.f62fdbde1 - https://godotengine.org

ERROR: Condition "ret != noErr" is true. Returning: ""
   at: get_system_ca_certificates (platform/macos/os_macos.mm:991)
---  GUT  ---
[1m[INFO]:  [0musing [/Users/ryko/Library/Application Support/Godot/app_userdata/Story] for temporary output.
Godot version:  4.5.1
GUT version:  9.5.0
[4m

res://tests/fixtures/september19/bank-corridor/test_corridor.gd
[0m* test_clear_sloping_water_can_keep_its_cliff_dressing
* test_neighboring_dry_bank_still_limits_rock_projection
SHORE_REJECT (-586.5, 20.0, 205.5) corner clearance=16
[1m2/2 passed.
[0m



[33m==============================================
[0m[33m= Run Summary
[0m[33m==============================================
[0m
Totals
------
Scripts               1
Tests                 2
Passing Tests         2
Asserts               2
Time              51.84s


[32m---- All tests passed! ----
[0m
