Godot Engine v4.5.1.stable.official.f62fdbde1 - https://godotengine.org

ERROR: Condition "ret != noErr" is true. Returning: ""
   at: get_system_ca_certificates (platform/macos/os_macos.mm:991)
---  GUT  ---
[1m[INFO]:  [0musing [/Users/ryko/Library/Application Support/Godot/app_userdata/Story] for temporary output.
Godot version:  4.5.1
GUT version:  9.5.0
[4m

res://tests/test_pure_village_cross_foundation.gd
[0m* test_native_foundation_courses_cover_final_wall_bays_and_door_entry
* test_native_stair_treads_connect_ground_to_door_datum
* test_native_entry_risers_remain_walkable_at_production_scale
[1m3/3 passed.
[0m



[33m==============================================
[0m[33m= Run Summary
[0m[33m==============================================
[0m
Totals
------
Scripts               1
Tests                 3
Passing Tests         3
Asserts            2106
Time              3.673s


Ran Tests matching "test_native_"
[32m---- All tests passed! ----
[0m
