Godot Engine v4.5.1.stable.official.f62fdbde1 - https://godotengine.org

ERROR: Condition "ret != noErr" is true. Returning: ""
   at: get_system_ca_certificates (platform/macos/os_macos.mm:991)
---  GUT  ---
[1m[INFO]:  [0musing [/Users/ryko/Library/Application Support/Godot/app_userdata/Story] for temporary output.
Godot version:  4.5.1
GUT version:  9.5.0
[4m

res://tests/fixtures/september19/bank-relief/test_contact.gd
[0m* test_compression_preserves_original_native_wall_contacts
BANK_CONTACT examined=118459 baseline_losses=13748 losses=13748 overshoots=0 changed_buried=0
[31m    [Failed]:  [0m[13748] expected to equal [0]:  An exposed source surface must not disappear behind its native backing
      at line 27
[1m0/1 passed.
[0m



[33m==============================================
[0m[33m= Run Summary
[0m[33m==============================================
[0m[4m
res://tests/fixtures/september19/bank-relief/test_contact.gd
[0m- test_compression_preserves_original_native_wall_contacts
[31m    [Failed]:  [0m[13748] expected to equal [0]:  An exposed source surface must not disappear behind its native backing
          at line 27

Totals
------
Scripts               1
Tests                 1
Passing Tests      none
Failing Tests         1
Asserts             4/5
Time              4.345s


[31m---- 1 failing tests ----
[0m
