Godot Engine v4.5.1.stable.official.f62fdbde1 - https://godotengine.org

PUBLIC_WALK_AUDIT { "nodes": 42, "dead_end_nodes": 0, "dead_end_cells": 0 }
STEPPED_HOUSES [{ "id": &"kit.spatial.parcel.maze.house.011", "at": (3.75, 12.0, 0.75), "reach": 24.0 }]
ROOF_AUDIT { "clipped": 617, "removed": 65, "chimneys": { "moved": 0, "omitted": 0, "checked": 4 }, "towers": { "corner_attempts": 52, "corner_join_quadrants": 4, "corner_quadrant_counts": { 2: 3, 4: 1 }, "corner_quadrant_examples": [{ "host": &"kit.spatial.parcel.maze.bridge.00.end.1.lower", "corner": (6, -2), "base": 4, "top": 12, "band": 4, "occupied": [(-1, -1), (0, -1)] }, { "host": &"kit.spatial.parcel.maze.house.003", "corner": (-4, 5), "base": 0, "top": 6, "band": 0, "occupied": [(0, -1), (0, 0)] }, { "host": &"kit.spatial.parcel.maze.house.021", "corner": (2, -9), "base": 2, "top": 6, "band": 2, "occupied": [(-1, -1), (-1, 0), (0, -1), (0, 0)] }, { "host": &"kit.spatial.parcel.maze.house.021", "corner": (4, -9), "base": 2, "top": 6, "band": 2, "occupied": [(-1, -1), (-1, 0)] }], "corner_no_host_join": 7, "corner_bearing_rejected": 17, "corner_bearing_example": "kit.spatial.parcel.maze.house.021 / (3, 1, -8) / base 2", "corner_no_bearing_or_space": 42, "corner_supported": 3, "corner_asset_blocked": 1, "corner_reservation_rejected": 15, "corner_reservation_example": "kit.spatial.parcel.maze.house.011 / (3, 10, -3) / base 8", "attempts": 104, "corner_join_door": 3, "corner_public_blocked": 1, "corbel_corner_accepted": 1, "corner_accepted": 1, "accepted": 1 }, "facade_bays": 0, "room_projections": 2, "retaining_relief": 5, "retaining_flight_joints": 8, "retaining_windows": 25, "fortified_windows": 30, "retaining_recesses": 31, "decor_clearance": { &"fort.block": 49, &"prop.doorstep": 20, &"window_box": 29 }, "fitted_window_boxes": 9, "joins": 8, "parallel_joins": 0, "fitted_eaves": 1, "dormers": { "moved": 0, "omitted": 0, "checked": 8 }, "seated_balcony_brackets": 0, "roof_blocked_windows": 53, "roof_fitted_windows": 21 }
WALK_SURFACE court.plaza.00 expected=(-14.0, 0.0, -22.0) floor=(-14.0, 0.05, -22.0)
WALK_SURFACE court.plaza.00 expected=(-14.0, 0.0, -14.0) floor=(-14.0, 0.05, -14.0)
WALK_SURFACE court.plaza.00 expected=(-14.0, 0.0, -6.0) floor=(-14.0, 0.05, -6.0)
WALK_SURFACE court.plaza.00 expected=(-14.0, 0.0, 2.0) floor=(-14.0, 0.05, 2.0)
WALK_SURFACE court.plaza.00 expected=(-6.0, 0.0, 2.0) floor=(-6.0, 0.05, 2.0)
WALK_SURFACE court.plaza.00 expected=(2.0, 0.0, 2.0) floor=(2.0, 0.05, 2.0)
WALK_SURFACE court.plaza.00 expected=(2.0, 3.0, -22.0) floor=(2.0, 2.73, -22.0)
WALK_SURFACE court.plaza.00 expected=(18.0, 6.0, -22.0) floor=(18.0, 6.05, -22.0)
WALK_SURFACE court.plaza.00 expected=(16.0, 6.0, -28.0) floor=(16.0, 6.05, -28.0)
WALK_SURFACE court.plaza.00 expected=(16.0, 6.0, -32.0) floor=(16.0, 6.05, -32.0)
WALK_SURFACE court.plaza.00 expected=(16.0, 6.0, -36.0) floor=(16.0, 6.05, -36.0)
WALK_SURFACE court.plaza.00 expected=(16.0, 6.0, -40.0) floor=(16.0, 6.05, -40.0)
WALK_SURFACE court.plaza.00 expected=(16.0, 6.0, -44.0) floor=(16.0, 6.05, -44.0)
WALK_SURFACE court.plaza.00 expected=(16.0, 6.0, -48.0) floor=(16.0, 6.05, -48.0)
WALK_SURFACE court.plaza.00 expected=(20.0, 6.0, -48.0) floor=(20.0, 6.05, -48.0)
WALK_SURFACE court.plaza.00 expected=(20.0, 6.0, -44.0) floor=(20.0, 6.05, -44.0)
WALK_SURFACE court.plaza.00 expected=(20.0, 6.0, -40.0) floor=(20.0, 6.05, -40.0)
WALK_SURFACE court.plaza.00 expected=(20.0, 6.0, -36.0) floor=(20.0, 6.05, -36.0)
WALK_SURFACE court.plaza.00 expected=(16.0, 6.0, -36.0) floor=(16.0, 6.05, -36.0)
WALK_SURFACE court.plaza.00 expected=(16.0, 6.0, -32.0) floor=(16.0, 6.05, -32.0)
WALK_SURFACE court.plaza.00 expected=(16.0, 6.0, -28.0) floor=(16.0, 6.05, -28.0)
WALK_SURFACE court.plaza.00 expected=(20.0, 6.0, -28.0) floor=(20.0, 6.05, -28.0)
WALK_SURFACE court.plaza.00 expected=(24.0, 6.0, -28.0) floor=(24.0, 6.05, -28.0)
WALK_SURFACE court.plaza.00 expected=(28.0, 6.0, -28.0) floor=(28.0, 6.05, -28.0)
WALK_SURFACE court.plaza.00 expected=(32.0, 6.0, -28.0) floor=(32.0, 6.05, -28.0)
WALK_SURFACE court.plaza.00 expected=(36.0, 6.0, -28.0) floor=(36.0, 6.05, -28.0)
WALK_SURFACE court.plaza.00 expected=(36.0, 6.0, -32.0) floor=(36.0, 6.05, -32.0)
WALK_SURFACE court.plaza.00 expected=(36.0, 6.0, -36.0) floor=(36.0, 6.05, -36.0)
WALK_SURFACE court.plaza.00 expected=(36.0, 6.0, -40.0) floor=(36.0, 6.05, -40.0)
WALK_SURFACE court.plaza.00 expected=(36.0, 6.0, -44.0) floor=(36.0, 6.05, -44.0)
WALK_SURFACE court.plaza.00 expected=(32.0, 6.0, -44.0) floor=(32.0, 6.05, -44.0)
WALK_SURFACE court.plaza.00 expected=(32.0, 6.0, -48.0) floor=(32.0, 6.05, -48.0)
WALK_SURFACE court.plaza.00 expected=(28.0, 6.0, -48.0) floor=(28.0, 6.05, -48.0)
WALK_SURFACE court.plaza.00 expected=(24.0, 6.0, -48.0) floor=(24.0, 6.05, -48.0)
WALK_SURFACE court.plaza.00 expected=(28.0, 6.0, -48.0) floor=(28.0, 6.05, -48.0)
WALK_SURFACE court.plaza.00 expected=(32.0, 6.0, -48.0) floor=(32.0, 6.05, -48.0)
WALK_SURFACE court.plaza.00 expected=(36.0, 6.0, -48.0) floor=(36.0, 6.05, -48.0)
TOWN_ROUTE_WALK court.plaza.00 reverse=false passed=true end=(35.73345, 6.050505, -48.0)
TOWN_ROUTE_WALK court.plaza.00 reverse=true passed=true end=(-14.00001, 0.050847, -21.74397)
