Godot Engine v4.5.1.stable.official.f62fdbde1 - https://godotengine.org

PUBLIC_WALK_AUDIT { "nodes": 104, "dead_end_nodes": 0, "dead_end_cells": 0 }
STEPPED_HOUSES [{ "id": &"kit.spatial.feature.landmark.01", "at": (15.75, 3.0, -2.25), "reach": 24.0 }, { "id": &"kit.spatial.parcel.maze.house.000", "at": (0.75, 19.5, 12.75), "reach": 24.0 }, { "id": &"kit.spatial.parcel.maze.house.002", "at": (11.25, 18.0, 6.75), "reach": 40.0 }, { "id": &"kit.spatial.parcel.maze.house.003", "at": (9.75, 21.0, 5.25), "reach": 16.0 }, { "id": &"kit.spatial.parcel.maze.house.008", "at": (6.75, 3.0, -5.25), "reach": 8.0 }, { "id": &"kit.spatial.parcel.maze.house.014", "at": (-3.75, 18.0, 2.25), "reach": 16.0 }, { "id": &"kit.spatial.parcel.maze.house.015", "at": (-5.25, 16.5, -3.75), "reach": 24.0 }, { "id": &"kit.spatial.parcel.maze.house.035", "at": (-3.75, 3.0, -27.75), "reach": 32.0 }, { "id": &"kit.spatial.parcel.maze.house.056", "at": (12.75, 9.0, -3.75), "reach": 32.0 }]
ROOF_AUDIT { "clipped": 690, "removed": 166, "chimneys": { "moved": 0, "omitted": 0, "checked": 5 }, "towers": { "corner_attempts": 151, "corner_supported": 6, "corner_accepted": 4, "corner_bearing_rejected": 48, "corner_bearing_example": "kit.spatial.parcel.maze.house.058 / (-7, 0, 6) / base 1", "corner_no_bearing_or_space": 134, "attempts": 320, "corner_reservation_rejected": 52, "corner_reservation_example": "kit.spatial.parcel.maze.house.069 / (5, 2, 16) / base 0", "corbel_corner_accepted": 3, "corner_join_quadrants": 9, "corner_quadrant_counts": { 4: 4, 2: 4, 0: 1 }, "corner_quadrant_examples": [{ "host": &"kit.spatial.parcel.maze.house.015", "corner": (-2, -2), "base": 8, "top": 14, "band": 8, "occupied": [(-1, -1), (-1, 0), (0, -1), (0, 0)] }, { "host": &"kit.spatial.parcel.maze.house.035", "corner": (-2, -16), "base": 0, "top": 2, "band": 0, "occupied": [(-1, -1), (0, -1)] }, { "host": &"kit.spatial.parcel.maze.house.035", "corner": (0, -17), "base": 0, "top": 4, "band": 0, "occupied": [(-1, -1), (-1, 0), (0, -1), (0, 0)] }, { "host": &"kit.spatial.parcel.maze.house.035", "corner": (-2, -17), "base": 0, "top": 4, "band": 0, "occupied": [(-1, -1), (-1, 0), (0, -1), (0, 0)] }, { "host": &"kit.spatial.parcel.maze.house.035", "corner": (2, -17), "base": 0, "top": 4, "band": 0, "occupied": [(-1, -1), (-1, 0)] }, { "host": &"kit.spatial.parcel.maze.house.049", "corner": (-11, -10), "base": 0, "top": 8, "band": 0, "occupied": [(-1, -1), (-1, 0), (0, -1), (0, 0)] }, { "host": &"kit.spatial.parcel.maze.house.049", "corner": (-11, -12), "base": 0, "top": 8, "band": 0, "occupied": [(-1, 0), (0, 0)] }, { "host": &"kit.spatial.parcel.maze.house.062", "corner": (-4, 12), "base": 0, "top": 4, "band": 2, "occupied": [(-1, -1), (0, -1)] }, { "host": &"kit.spatial.parcel.maze.house.069", "corner": (6, 14), "base": 0, "top": 4, "band": 0, "occupied": [] }], "corner_no_host_join": 11, "corner_asset_blocked": 1, "corner_public_blocked": 1, "corner_join_door": 2, "accepted": 4 }, "facade_bays": 2, "room_projections": 4, "retaining_relief": 14, "retaining_flight_joints": 28, "retaining_windows": 40, "fortified_windows": 0, "retaining_recesses": 8, "decor_clearance": { &"window_box": 59, &"prop.doorstep": 36 }, "fitted_window_boxes": 63, "joins": 10, "parallel_joins": 2, "fitted_eaves": 4, "dormers": { "moved": 0, "omitted": 2, "checked": 8 }, "seated_balcony_brackets": 10, "roof_blocked_windows": 173, "roof_fitted_windows": 52 }
WALK_SURFACE court.clearing.00 expected=(26.0, 0.0, -38.0) floor=(26.0, 0.05, -38.0)
WALK_SURFACE court.clearing.00 expected=(26.0, 0.0, -30.0) floor=(26.0, 0.05, -30.0)
WALK_SURFACE court.clearing.00 expected=(26.0, 0.0, -22.0) floor=(26.0, 0.05, -22.0)
WALK_SURFACE court.clearing.00 expected=(26.0, 0.0, -14.0) floor=(26.0, 0.05, -14.0)
WALK_SURFACE court.clearing.00 expected=(26.0, 0.0, -6.0) floor=(26.0, 0.05, -6.0)
WALK_SURFACE court.clearing.00 expected=(26.0, 0.0, 2.0) floor=(26.0, 0.05, 2.0)
WALK_SURFACE court.clearing.00 expected=(26.0, 0.0, 10.0) floor=(26.0, 0.05, 10.0)
WALK_SURFACE court.clearing.00 expected=(10.0, 3.0, 10.0) floor=(10.0, 3.05, 10.0)
WALK_SURFACE court.clearing.00 expected=(10.0, 6.0, 26.0) floor=(10.0, 6.05, 26.0)
WALK_SURFACE court.clearing.00 expected=(26.0, 9.0, 26.0) floor=(26.0, 9.05, 26.0)
WALK_SURFACE court.clearing.00 expected=(26.0, 6.0, 42.0) floor=(26.0, 6.05, 42.0)
WALK_SURFACE court.clearing.00 expected=(34.0, 6.0, 42.0) floor=(34.0, 6.05, 42.0)
WALK_SURFACE court.clearing.00 expected=(40.0, 6.0, 40.0) floor=(40.0, 6.05, 40.0)
WALK_SURFACE court.clearing.00 expected=(40.0, 6.0, 36.0) floor=(40.0, 6.05, 36.0)
WALK_SURFACE court.clearing.00 expected=(40.0, 6.0, 32.0) floor=(40.0, 6.05, 32.0)
WALK_SURFACE court.clearing.00 expected=(44.0, 6.0, 32.0) floor=(44.0, 6.05, 32.0)
WALK_SURFACE court.clearing.00 expected=(48.0, 6.0, 32.0) floor=(48.0, 6.05, 32.0)
WALK_SURFACE court.clearing.00 expected=(48.0, 6.0, 28.0) floor=(48.0, 6.05, 28.0)
WALK_SURFACE court.clearing.00 expected=(48.0, 6.0, 24.0) floor=(48.0, 6.05, 24.0)
WALK_SURFACE court.clearing.00 expected=(48.0, 6.0, 20.0) floor=(48.0, 6.05, 20.0)
WALK_SURFACE court.clearing.00 expected=(48.0, 6.0, 16.0) floor=(48.0, 6.05, 16.0)
WALK_SURFACE court.clearing.00 expected=(52.0, 6.0, 16.0) floor=(52.0, 6.05, 16.0)
WALK_SURFACE court.clearing.00 expected=(56.0, 6.0, 16.0) floor=(56.0, 6.05, 16.0)
WALK_SURFACE court.clearing.00 expected=(60.0, 6.0, 16.0) floor=(60.0, 6.05, 16.0)
WALK_SURFACE court.clearing.00 expected=(64.0, 6.0, 16.0) floor=(64.0, 6.05, 16.0)
WALK_SURFACE court.clearing.00 expected=(64.0, 6.0, 20.0) floor=(64.0, 6.05, 20.0)
WALK_SURFACE court.clearing.00 expected=(68.0, 6.0, 20.0) floor=(68.0, 6.05, 20.0)
WALK_SURFACE court.clearing.00 expected=(68.0, 6.0, 16.0) floor=(68.0, 6.05, 16.0)
WALK_SURFACE court.clearing.00 expected=(68.0, 6.0, 20.0) floor=(68.0, 6.05, 20.0)
WALK_SURFACE court.clearing.00 expected=(68.0, 6.0, 24.0) floor=(68.0, 6.05, 24.0)
WALK_SURFACE court.clearing.00 expected=(68.0, 6.0, 28.0) floor=(68.0, 6.05, 28.0)
WALK_SURFACE court.clearing.00 expected=(64.0, 6.0, 28.0) floor=(64.0, 6.05, 28.0)
WALK_SURFACE court.clearing.00 expected=(60.0, 6.0, 28.0) floor=(60.0, 6.05, 28.0)
WALK_SURFACE court.clearing.00 expected=(60.0, 6.0, 32.0) floor=(60.0, 6.05, 32.0)
WALK_SURFACE court.clearing.00 expected=(56.0, 6.0, 32.0) floor=(56.0, 6.05, 32.0)
WALK_SURFACE court.clearing.00 expected=(56.0, 6.0, 36.0) floor=(56.0, 6.05, 36.0)
WALK_SURFACE court.clearing.00 expected=(52.0, 6.0, 36.0) floor=(52.0, 6.05, 36.0)
WALK_SURFACE court.clearing.00 expected=(52.0, 6.0, 40.0) floor=(52.0, 6.05, 40.0)
WALK_SURFACE court.clearing.00 expected=(52.0, 6.0, 44.0) floor=(52.0, 6.05, 44.0)
WALK_SURFACE court.clearing.00 expected=(48.0, 6.0, 44.0) floor=(48.0, 6.05, 44.0)
WALK_SURFACE court.clearing.00 expected=(44.0, 6.0, 44.0) floor=(44.0, 6.05, 44.0)
WALK_SURFACE court.clearing.00 expected=(40.0, 6.0, 44.0) floor=(40.0, 6.05, 44.0)
WALK_SURFACE court.clearing.00 expected=(44.0, 6.0, 44.0) floor=(44.0, 6.05, 44.0)
WALK_SURFACE court.clearing.00 expected=(48.0, 6.0, 44.0) floor=(48.0, 6.05, 44.0)
WALK_SURFACE court.clearing.00 expected=(52.0, 6.0, 44.0) floor=(52.0, 6.05, 44.0)
WALK_SURFACE court.clearing.00 expected=(52.0, 6.0, 40.0) floor=(52.0, 6.05, 40.0)
WALK_SURFACE court.clearing.00 expected=(52.0, 6.0, 36.0) floor=(52.0, 6.05, 36.0)
WALK_SURFACE court.clearing.00 expected=(56.0, 6.0, 36.0) floor=(56.0, 6.05, 36.0)
WALK_SURFACE court.clearing.00 expected=(60.0, 6.0, 36.0) floor=(60.0, 6.05, 36.0)
TOWN_ROUTE_WALK court.clearing.00 reverse=false passed=true end=(59.80901, 6.050607, 35.99883)
TOWN_ROUTE_WALK court.clearing.00 reverse=true passed=true end=(26.0, 0.050184, -37.75858)
WALK_SURFACE court.clearing.01 expected=(26.0, 0.0, -38.0) floor=(26.0, 0.05, -38.0)
WALK_SURFACE court.clearing.01 expected=(26.0, 0.0, -30.0) floor=(26.0, 0.05, -30.0)
WALK_SURFACE court.clearing.01 expected=(26.0, 0.0, -22.0) floor=(26.0, 0.05, -22.0)
WALK_SURFACE court.clearing.01 expected=(26.0, 0.0, -14.0) floor=(26.0, 0.05, -14.0)
WALK_SURFACE court.clearing.01 expected=(26.0, 0.0, -6.0) floor=(26.0, 0.05, -6.0)
WALK_SURFACE court.clearing.01 expected=(26.0, 0.0, 2.0) floor=(26.0, 0.05, 2.0)
WALK_SURFACE court.clearing.01 expected=(26.0, 0.0, 10.0) floor=(26.0, 0.05, 10.0)
WALK_SURFACE court.clearing.01 expected=(10.0, 3.0, 10.0) floor=(10.0, 3.05, 10.0)
WALK_SURFACE court.clearing.01 expected=(10.0, 6.0, 26.0) floor=(10.0, 6.05, 26.0)
WALK_SURFACE court.clearing.01 expected=(2.0, 6.0, 26.0) floor=(2.0, 6.05, 26.0)
WALK_SURFACE court.clearing.01 expected=(2.0, 3.0, 42.0) floor=(2.0, 2.73, 42.0)
WALK_SURFACE court.clearing.01 expected=(2.0, 3.0, 50.0) floor=(2.0, 2.73, 50.0)
WALK_SURFACE court.clearing.01 expected=(-22.0, 0.0, 50.0) floor=(-22.0, 0.05, 50.0)
WALK_SURFACE court.clearing.01 expected=(-22.0, 0.0, 58.0) floor=(-22.0, 0.05, 58.0)
WALK_SURFACE court.clearing.01 expected=(-22.0, 0.0, 66.0) floor=(-22.0, 0.05, 66.0)
WALK_SURFACE court.clearing.01 expected=(-14.0, 0.0, 66.0) floor=(-14.0, 0.05, 66.0)
WALK_SURFACE court.clearing.01 expected=(-6.0, 0.0, 66.0) floor=(-6.0, 0.05, 66.0)
WALK_SURFACE court.clearing.01 expected=(2.0, 0.0, 66.0) floor=(2.0, 0.05, 66.0)
WALK_SURFACE court.clearing.01 expected=(10.0, 0.0, 66.0) floor=(10.0, 0.05, 66.0)
WALK_SURFACE court.clearing.01 expected=(16.0, 0.0, 64.0) floor=(16.0, 0.05, 64.0)
WALK_SURFACE court.clearing.01 expected=(16.0, 0.0, 60.0) floor=(16.0, 0.05, 60.0)
WALK_SURFACE court.clearing.01 expected=(16.0, 0.0, 56.0) floor=(16.0, 0.05, 56.0)
WALK_SURFACE court.clearing.01 expected=(16.0, 0.0, 52.0) floor=(16.0, 0.05, 52.0)
WALK_SURFACE court.clearing.01 expected=(16.0, 0.0, 48.0) floor=(16.0, 0.05, 48.0)
WALK_SURFACE court.clearing.01 expected=(20.0, 0.0, 48.0) floor=(20.0, 0.05, 48.0)
WALK_SURFACE court.clearing.01 expected=(20.0, 0.0, 52.0) floor=(20.0, 0.05, 52.0)
WALK_SURFACE court.clearing.01 expected=(20.0, 0.0, 56.0) floor=(20.0, 0.05, 56.0)
WALK_SURFACE court.clearing.01 expected=(20.0, 0.0, 60.0) floor=(20.0, 0.05, 60.0)
WALK_SURFACE court.clearing.01 expected=(20.0, 0.0, 64.0) floor=(20.0, 0.05, 64.0)
WALK_SURFACE court.clearing.01 expected=(20.0, 0.0, 68.0) floor=(20.0, 0.05, 68.0)
WALK_SURFACE court.clearing.01 expected=(16.0, 0.0, 68.0) floor=(16.0, 0.05, 68.0)
WALK_SURFACE court.clearing.01 expected=(20.0, 0.0, 68.0) floor=(20.0, 0.05, 68.0)
WALK_SURFACE court.clearing.01 expected=(24.0, 0.0, 68.0) floor=(24.0, 0.05, 68.0)
WALK_SURFACE court.clearing.01 expected=(24.0, 0.0, 64.0) floor=(24.0, 0.05, 64.0)
WALK_SURFACE court.clearing.01 expected=(24.0, 0.0, 60.0) floor=(24.0, 0.05, 60.0)
WALK_SURFACE court.clearing.01 expected=(24.0, 0.0, 56.0) floor=(24.0, 0.05, 56.0)
WALK_SURFACE court.clearing.01 expected=(24.0, 0.0, 52.0) floor=(24.0, 0.05, 52.0)
WALK_SURFACE court.clearing.01 expected=(24.0, 0.0, 48.0) floor=(24.0, 0.05, 48.0)
WALK_SURFACE court.clearing.01 expected=(28.0, 0.0, 48.0) floor=(28.0, 0.05, 48.0)
WALK_SURFACE court.clearing.01 expected=(28.0, 0.0, 52.0) floor=(28.0, 0.05, 52.0)
WALK_SURFACE court.clearing.01 expected=(28.0, 0.0, 56.0) floor=(28.0, 0.05, 56.0)
WALK_SURFACE court.clearing.01 expected=(28.0, 0.0, 60.0) floor=(28.0, 0.05, 60.0)
WALK_SURFACE court.clearing.01 expected=(28.0, 0.0, 64.0) floor=(28.0, 0.05, 64.0)
WALK_SURFACE court.clearing.01 expected=(28.0, 0.0, 68.0) floor=(28.0, 0.05, 68.0)
WALK_SURFACE court.clearing.01 expected=(28.0, 0.0, 64.0) floor=(28.0, 0.05, 64.0)
WALK_SURFACE court.clearing.01 expected=(28.0, 0.0, 60.0) floor=(28.0, 0.05, 60.0)
WALK_SURFACE court.clearing.01 expected=(32.0, 0.0, 60.0) floor=(32.0, 0.05, 60.0)
WALK_SURFACE court.clearing.01 expected=(32.0, 0.0, 56.0) floor=(32.0, 0.05, 56.0)
WALK_SURFACE court.clearing.01 expected=(32.0, 0.0, 52.0) floor=(32.0, 0.05, 52.0)
WALK_SURFACE court.clearing.01 expected=(32.0, 0.0, 48.0) floor=(32.0, 0.05, 48.0)
WALK_SURFACE court.clearing.01 expected=(36.0, 0.0, 48.0) floor=(36.0, 0.05, 48.0)
WALK_SURFACE court.clearing.01 expected=(36.0, 0.0, 52.0) floor=(36.0, 0.05, 52.0)
WALK_SURFACE court.clearing.01 expected=(36.0, 0.0, 56.0) floor=(36.0, 0.05, 56.0)
WALK_SURFACE court.clearing.01 expected=(36.0, 0.0, 60.0) floor=(36.0, 0.05, 60.0)
WALK_SURFACE court.clearing.01 expected=(40.0, 0.0, 60.0) floor=(40.0, 0.05, 60.0)
WALK_SURFACE court.clearing.01 expected=(40.0, 0.0, 56.0) floor=(40.0, 0.05, 56.0)
WALK_SURFACE court.clearing.01 expected=(40.0, 0.0, 52.0) floor=(40.0, 0.05, 52.0)
WALK_SURFACE court.clearing.01 expected=(40.0, 0.0, 48.0) floor=(40.0, 0.05, 48.0)
WALK_SURFACE court.clearing.01 expected=(44.0, 0.0, 48.0) floor=(44.0, 0.05, 48.0)
WALK_SURFACE court.clearing.01 expected=(44.0, 0.0, 52.0) floor=(44.0, 0.05, 52.0)
WALK_SURFACE court.clearing.01 expected=(44.0, 0.0, 56.0) floor=(44.0, 0.05, 56.0)
WALK_SURFACE court.clearing.01 expected=(44.0, 0.0, 60.0) floor=(44.0, 0.05, 60.0)
TOWN_ROUTE_WALK court.clearing.01 reverse=false passed=true end=(44.00016, 0.050371, 59.70932)
TOWN_ROUTE_WALK court.clearing.01 reverse=true passed=true end=(26.0, 0.050258, -37.702)
WALK_SURFACE court.plaza.00 expected=(26.0, 0.0, -38.0) floor=(26.0, 0.05, -38.0)
WALK_SURFACE court.plaza.00 expected=(26.0, 0.0, -30.0) floor=(26.0, 0.05, -30.0)
WALK_SURFACE court.plaza.00 expected=(26.0, 0.0, -22.0) floor=(26.0, 0.05, -22.0)
WALK_SURFACE court.plaza.00 expected=(26.0, 0.0, -14.0) floor=(26.0, 0.05, -14.0)
WALK_SURFACE court.plaza.00 expected=(26.0, 0.0, -6.0) floor=(26.0, 0.05, -6.0)
WALK_SURFACE court.plaza.00 expected=(26.0, 0.0, 2.0) floor=(26.0, 0.05, 2.0)
WALK_SURFACE court.plaza.00 expected=(26.0, 0.0, 10.0) floor=(26.0, 0.05, 10.0)
WALK_SURFACE court.plaza.00 expected=(10.0, 3.0, 10.0) floor=(10.0, 3.05, 10.0)
WALK_SURFACE court.plaza.00 expected=(10.0, 6.0, 26.0) floor=(10.0, 6.05, 26.0)
WALK_SURFACE court.plaza.00 expected=(26.0, 9.0, 26.0) floor=(26.0, 9.05, 26.0)
WALK_SURFACE court.plaza.00 expected=(26.0, 12.0, 10.0) floor=(26.0, 12.05, 10.0)
WALK_SURFACE court.plaza.00 expected=(10.0, 15.0, 10.0) floor=(10.0, 15.05, 10.0)
WALK_SURFACE court.plaza.00 expected=(10.0, 18.0, 26.0) floor=(10.0, 18.05, 26.0)
WALK_SURFACE court.plaza.00 expected=(2.0, 18.0, 26.0) floor=(2.0, 18.05, 26.0)
WALK_SURFACE court.plaza.00 expected=(2.0, 21.0, 10.0) floor=(2.0, 21.05, 10.0)
WALK_SURFACE court.plaza.00 expected=(2.0, 24.0, -6.0) floor=(2.0, 24.05, -6.0)
WALK_SURFACE court.plaza.00 expected=(18.0, 27.0, -6.0) floor=(18.0, 27.05, -6.0)
WALK_SURFACE court.plaza.00 expected=(18.0, 27.0, 2.0) floor=(18.0, 27.05, 2.0)
WALK_SURFACE court.plaza.00 expected=(18.0, 27.0, 10.0) floor=(18.0, 27.05, 10.0)
WALK_SURFACE court.plaza.00 expected=(18.0, 27.0, 18.0) floor=(18.0, 27.05, 18.0)
WALK_SURFACE court.plaza.00 expected=(16.0, 27.0, 24.0) floor=(16.0, 27.05, 24.0)
WALK_SURFACE court.plaza.00 expected=(12.0, 27.0, 24.0) floor=(12.0, 27.05, 24.0)
WALK_SURFACE court.plaza.00 expected=(8.0, 27.0, 24.0) floor=(8.0, 27.05, 24.0)
WALK_SURFACE court.plaza.00 expected=(8.0, 27.0, 28.0) floor=(8.0, 27.05, 28.0)
WALK_SURFACE court.plaza.00 expected=(8.0, 27.0, 32.0) floor=(8.0, 27.05, 32.0)
WALK_SURFACE court.plaza.00 expected=(8.0, 27.0, 36.0) floor=(8.0, 27.05, 36.0)
WALK_SURFACE court.plaza.00 expected=(8.0, 27.0, 40.0) floor=(8.0, 27.05, 40.0)
WALK_SURFACE court.plaza.00 expected=(8.0, 27.0, 44.0) floor=(8.0, 27.05, 44.0)
WALK_SURFACE court.plaza.00 expected=(12.0, 27.0, 44.0) floor=(12.0, 27.05, 44.0)
WALK_SURFACE court.plaza.00 expected=(16.0, 27.0, 44.0) floor=(16.0, 27.05, 44.0)
WALK_SURFACE court.plaza.00 expected=(20.0, 27.0, 44.0) floor=(20.0, 27.05, 44.0)
WALK_SURFACE court.plaza.00 expected=(24.0, 27.0, 44.0) floor=(24.0, 27.05, 44.0)
WALK_SURFACE court.plaza.00 expected=(28.0, 27.0, 44.0) floor=(28.0, 27.05, 44.0)
WALK_SURFACE court.plaza.00 expected=(28.0, 27.0, 40.0) floor=(28.0, 27.05, 40.0)
WALK_SURFACE court.plaza.00 expected=(28.0, 27.0, 36.0) floor=(28.0, 27.05, 36.0)
WALK_SURFACE court.plaza.00 expected=(28.0, 27.0, 32.0) floor=(28.0, 27.05, 32.0)
WALK_SURFACE court.plaza.00 expected=(28.0, 27.0, 28.0) floor=(28.0, 27.05, 28.0)
WALK_SURFACE court.plaza.00 expected=(24.0, 27.0, 28.0) floor=(24.0, 27.05, 28.0)
WALK_SURFACE court.plaza.00 expected=(24.0, 27.0, 24.0) floor=(24.0, 27.05, 24.0)
WALK_SURFACE court.plaza.00 expected=(20.0, 27.0, 24.0) floor=(20.0, 27.05, 24.0)
WALK_SURFACE court.plaza.00 expected=(24.0, 27.0, 24.0) floor=(24.0, 27.05, 24.0)
WALK_SURFACE court.plaza.00 expected=(28.0, 27.0, 24.0) floor=(28.0, 27.05, 24.0)
WALK_SURFACE court.plaza.00 expected=(24.0, 27.0, 24.0) floor=(24.0, 27.05, 24.0)
WALK_SURFACE court.plaza.00 expected=(20.0, 27.0, 24.0) floor=(20.0, 27.05, 24.0)
WALK_SURFACE court.plaza.00 expected=(16.0, 27.0, 24.0) floor=(16.0, 27.05, 24.0)
WALK_SURFACE court.plaza.00 expected=(12.0, 27.0, 24.0) floor=(12.0, 27.05, 24.0)
WALK_SURFACE court.plaza.00 expected=(12.0, 27.0, 28.0) floor=(12.0, 27.05, 28.0)
TOWN_ROUTE_WALK court.plaza.00 reverse=false passed=true end=(11.95647, 27.05018, 27.70551)
TOWN_ROUTE_WALK court.plaza.00 reverse=true passed=true end=(26.0, 0.050148, -37.75851)
