Godot Engine v4.5.1.stable.official.f62fdbde1 - https://godotengine.org

PUBLIC_WALK_AUDIT { "nodes": 58, "dead_end_nodes": 0, "dead_end_cells": 0 }
STEPPED_HOUSES [{ "id": &"kit.spatial.feature.landmark.01", "at": (-2.25, 3.0, 9.75), "reach": 24.0 }]
ROOF_AUDIT { "clipped": 118, "removed": 6, "chimneys": { "moved": 0, "omitted": 0, "checked": 0 }, "towers": { "corner_attempts": 8, "corner_bearing_rejected": 8, "corner_bearing_example": "kit.spatial.parcel.maze.house.010 / (1, 3, 1) / base 4", "corner_no_bearing_or_space": 8, "attempts": 24, "accepted": 0 }, "facade_bays": 0, "room_projections": 1, "retaining_relief": 4, "retaining_flight_joints": 0, "retaining_windows": 10, "fortified_windows": 12, "retaining_recesses": 14, "decor_clearance": { &"fort.block": 84, &"window_box": 22, &"prop.doorstep": 14 }, "fitted_window_boxes": 14, "joins": 1, "parallel_joins": 0, "fitted_eaves": 0, "dormers": { "moved": 0, "omitted": 0, "checked": 2 }, "seated_balcony_brackets": 0, "roof_blocked_windows": 19, "roof_fitted_windows": 18 }
WALK_SURFACE court.clearing.00 expected=(34.0, 0.0, 2.0) floor=(34.0, 0.05, 2.0)
WALK_SURFACE court.clearing.00 expected=(34.0, 0.0, 10.0) floor=(34.0, 0.05, 10.0)
WALK_SURFACE court.clearing.00 expected=(34.0, 0.0, 18.0) floor=(34.0, 0.05, 18.0)
WALK_SURFACE court.clearing.00 expected=(34.0, 0.0, 26.0) floor=(34.0, 0.05, 26.0)
WALK_SURFACE court.clearing.00 expected=(34.0, 0.0, 34.0) floor=(34.0, 0.05, 34.0)
WALK_SURFACE court.clearing.00 expected=(42.0, 0.0, 34.0) floor=(42.0, 0.05, 34.0)
WALK_SURFACE court.clearing.00 expected=(50.0, 0.0, 34.0) floor=(50.0, 0.05, 34.0)
WALK_SURFACE court.clearing.00 expected=(58.0, 0.0, 34.0) floor=(58.0, 0.05, 34.0)
WALK_SURFACE court.clearing.00 expected=(66.0, 0.0, 34.0) floor=(66.0, 0.05, 34.0)
WALK_SURFACE court.clearing.00 expected=(64.0, 0.0, 40.0) floor=(64.0, 0.05, 40.0)
WALK_SURFACE court.clearing.00 expected=(64.0, 0.0, 44.0) floor=(64.0, 0.05, 44.0)
WALK_SURFACE court.clearing.00 expected=(64.0, 0.0, 48.0) floor=(64.0, 0.05, 48.0)
WALK_SURFACE court.clearing.00 expected=(64.0, 0.0, 52.0) floor=(64.0, 0.05, 52.0)
WALK_SURFACE court.clearing.00 expected=(68.0, 0.0, 52.0) floor=(68.0, 0.05, 52.0)
WALK_SURFACE court.clearing.00 expected=(72.0, 0.0, 52.0) floor=(72.0, 0.05, 52.0)
WALK_SURFACE court.clearing.00 expected=(76.0, 0.0, 52.0) floor=(76.0, 0.05, 52.0)
WALK_SURFACE court.clearing.00 expected=(76.0, 0.0, 48.0) floor=(76.0, 0.05, 48.0)
WALK_SURFACE court.clearing.00 expected=(76.0, 0.0, 44.0) floor=(76.0, 0.05, 44.0)
WALK_SURFACE court.clearing.00 expected=(76.0, 0.0, 40.0) floor=(76.0, 0.05, 40.0)
WALK_SURFACE court.clearing.00 expected=(72.0, 0.0, 40.0) floor=(72.0, 0.05, 40.0)
WALK_SURFACE court.clearing.00 expected=(68.0, 0.0, 40.0) floor=(68.0, 0.05, 40.0)
TOWN_ROUTE_WALK court.clearing.00 reverse=false passed=true end=(68.28446, 0.050215, 39.99757)
TOWN_ROUTE_WALK court.clearing.00 reverse=true passed=true end=(34.0, 0.050391, 2.267414)
WALK_SURFACE court.plaza.00 expected=(34.0, 0.0, 2.0) floor=(34.0, 0.05, 2.0)
WALK_SURFACE court.plaza.00 expected=(26.0, 0.0, 2.0) floor=(26.0, 0.05, 2.0)
WALK_SURFACE court.plaza.00 expected=(18.0, 0.0, 2.0) floor=(18.0, 0.05, 2.0)
WALK_SURFACE court.plaza.00 expected=(10.0, 0.0, 2.0) floor=(10.0, 0.05, 2.0)
WALK_SURFACE court.plaza.00 expected=(10.0, 0.0, -6.0) floor=(10.0, 0.05, -6.0)
WALK_SURFACE court.plaza.00 expected=(-6.0, 3.0, -6.0) floor=(-6.0, 3.05, -6.0)
WALK_SURFACE court.plaza.00 expected=(-6.0, 6.0, 10.0) floor=(-6.0, 6.05, 10.0)
WALK_SURFACE court.plaza.00 expected=(-22.0, 9.0, 10.0) floor=(-22.0, 9.05, 10.0)
WALK_SURFACE court.plaza.00 expected=(-22.0, 12.0, -6.0) floor=(-22.0, 12.05, -6.0)
WALK_SURFACE court.plaza.00 expected=(-14.0, 12.0, -6.0) floor=(-14.0, 12.05, -6.0)
WALK_SURFACE court.plaza.00 expected=(-6.0, 12.0, -6.0) floor=(-6.0, 12.05, -6.0)
WALK_SURFACE court.plaza.00 expected=(2.0, 12.0, -6.0) floor=(2.0, 12.05, -6.0)
WALK_SURFACE court.plaza.00 expected=(2.0, 12.0, 2.0) floor=(2.0, 12.05, 2.0)
WALK_SURFACE court.plaza.00 expected=(8.0, 12.0, 0.0) floor=(8.0, 12.05, 0.0)
WALK_SURFACE court.plaza.00 expected=(8.0, 12.0, 4.0) floor=(8.0, 12.05, 4.0)
WALK_SURFACE court.plaza.00 expected=(8.0, 12.0, 8.0) floor=(8.0, 12.05, 8.0)
WALK_SURFACE court.plaza.00 expected=(8.0, 12.0, 12.0) floor=(8.0, 12.05, 12.0)
WALK_SURFACE court.plaza.00 expected=(12.0, 12.0, 12.0) floor=(12.0, 12.05, 12.0)
WALK_SURFACE court.plaza.00 expected=(16.0, 12.0, 12.0) floor=(16.0, 12.05, 12.0)
WALK_SURFACE court.plaza.00 expected=(20.0, 12.0, 12.0) floor=(20.0, 12.05, 12.0)
WALK_SURFACE court.plaza.00 expected=(20.0, 12.0, 8.0) floor=(20.0, 12.05, 8.0)
WALK_SURFACE court.plaza.00 expected=(20.0, 12.0, 4.0) floor=(20.0, 12.05, 4.0)
WALK_SURFACE court.plaza.00 expected=(16.0, 12.0, 4.0) floor=(16.0, 12.05, 4.0)
WALK_SURFACE court.plaza.00 expected=(16.0, 12.0, 0.0) floor=(16.0, 12.05, 0.0)
WALK_SURFACE court.plaza.00 expected=(12.0, 12.0, 0.0) floor=(12.0, 12.05, 0.0)
WALK_SURFACE court.plaza.00 expected=(16.0, 12.0, 0.0) floor=(16.0, 12.05, 0.0)
WALK_SURFACE court.plaza.00 expected=(20.0, 12.0, 0.0) floor=(20.0, 12.05, 0.0)
TOWN_ROUTE_WALK court.plaza.00 reverse=false passed=true end=(19.79049, 12.05082, -0.000001)
TOWN_ROUTE_WALK court.plaza.00 reverse=true passed=true end=(33.70444, 0.050177, 1.99999)
