Godot Engine v4.5.1.stable.official.f62fdbde1 - https://godotengine.org

ERROR: Condition "ret != noErr" is true. Returning: ""
   at: get_system_ca_certificates (platform/macos/os_macos.mm:991)
STEPPED_HOUSES [{ "id": &"kit.spatial.parcel.maze.bridge.00.end.0.lower", "at": (-2.25, 9.0, -2.25), "reach": 8.0 }, { "id": &"kit.spatial.parcel.maze.bridge.00.end.1.lower", "at": (6.75, 12.0, 2.25), "reach": 24.0 }, { "id": &"kit.spatial.parcel.maze.house.002", "at": (-9.75, 16.5, 0.75), "reach": 16.0 }, { "id": &"kit.spatial.parcel.maze.house.006", "at": (2.25, 3.0, 3.75), "reach": 16.0 }, { "id": &"kit.spatial.parcel.maze.house.009", "at": (9.75, 3.0, -5.25), "reach": 8.0 }, { "id": &"kit.spatial.parcel.maze.house.012", "at": (-5.25, 10.5, 6.75), "reach": 8.0 }, { "id": &"kit.spatial.parcel.maze.house.023", "at": (14.25, 6.0, -14.25), "reach": 16.0 }, { "id": &"kit.spatial.parcel.maze.house.025", "at": (15.75, 6.0, -20.25), "reach": 8.0 }, { "id": &"kit.spatial.parcel.maze.house.027", "at": (8.25, 4.5, -23.25), "reach": 32.0 }, { "id": &"kit.spatial.parcel.maze.house.046", "at": (-12.75, 4.5, -12.75), "reach": 16.0 }, { "id": &"kit.spatial.parcel.maze.house.055", "at": (-9.75, 12.0, 6.75), "reach": 16.0 }]
ROOF_AUDIT { "clipped": 412, "removed": 66, "chimneys": { "moved": 0, "omitted": 0, "checked": 4 }, "towers": { "corner_attempts": 136, "corner_bearing_rejected": 33, "corner_bearing_example": "kit.spatial.parcel.maze.house.055 / (-10, 3, 5) / base 4", "corner_no_bearing_or_space": 120, "attempts": 300, "corner_supported": 4, "corbel_corner_accepted": 1, "corner_accepted": 1, "corner_reservation_rejected": 44, "corner_reservation_example": "kit.spatial.parcel.maze.house.055 / (-4, 5, 5) / base 6", "corner_asset_blocked": 1, "supported": 3, "host_fit": 3, "public_clear": 1, "corner_join_quadrants": 9, "corner_quadrant_counts": { 2: 7, 4: 2 }, "corner_quadrant_examples": [{ "host": &"kit.spatial.parcel.maze.house.004", "corner": (2, 10), "base": 0, "top": 2, "band": 0, "occupied": [(-1, -1), (-1, 0)] }, { "host": &"kit.spatial.parcel.maze.house.023", "corner": (10, -9), "base": 0, "top": 8, "band": 0, "occupied": [(-1, -1), (-1, 0), (0, -1), (0, 0)] }, { "host": &"kit.spatial.parcel.maze.house.023", "corner": (8, -9), "base": 0, "top": 8, "band": 0, "occupied": [(0, -1), (0, 0)] }, { "host": &"kit.spatial.parcel.maze.house.027", "corner": (8, -18), "base": 0, "top": 4, "band": 0, "occupied": [(-1, 0), (0, 0)] }, { "host": &"kit.spatial.parcel.maze.house.027", "corner": (6, -16), "base": 0, "top": 4, "band": 0, "occupied": [(-1, -1), (-1, 0), (0, -1), (0, 0)] }, { "host": &"kit.spatial.parcel.maze.house.027", "corner": (6, -18), "base": 0, "top": 4, "band": 0, "occupied": [(-1, 0), (0, 0)] }, { "host": &"kit.spatial.parcel.maze.house.046", "corner": (-10, -8), "base": 0, "top": 4, "band": 0, "occupied": [(0, -1), (0, 0)] }, { "host": &"kit.spatial.parcel.maze.house.055", "corner": (-6, 4), "base": 4, "top": 10, "band": 4, "occupied": [(-1, 0), (0, 0)] }, { "host": &"kit.spatial.parcel.maze.house.055", "corner": (-7, 4), "base": 4, "top": 12, "band": 4, "occupied": [(-1, 0), (0, 0)] }], "corner_no_host_join": 12, "corner_join_door": 3, "corner_public_blocked": 2, "accepted": 1 }, "facade_bays": 3, "room_projections": 4, "retaining_relief": 10, "retaining_flight_joints": 18, "retaining_windows": 31, "fortified_windows": 0, "retaining_recesses": 7, "decor_clearance": { &"window_box": 51, &"prop.doorstep": 31 }, "fitted_window_boxes": 27, "joins": 7, "parallel_joins": 0, "fitted_eaves": 2, "dormers": { "moved": 0, "omitted": 1, "checked": 9 }, "seated_balcony_brackets": 15, "roof_blocked_windows": 102, "roof_fitted_windows": 43 }
WALK_SURFACE skywalk.0 expected=(-4.0, 6.0, -56.0) floor=(-4.0, 6.25544, -56.0)
WALK_SURFACE skywalk.0 expected=(8.0, 6.0, -56.0) floor=(8.0, 6.25544, -56.0)
TOWN_ROUTE_WALK skywalk.0 reverse=false passed=true end=(7.74999, 6.255654, -56.0)
TOWN_ROUTE_WALK skywalk.0 reverse=true passed=true end=(-3.750014, 6.25583, -56.0)
WALK_SURFACE skywalk.1 expected=(40.0, 6.0, -52.0) floor=(40.0, 6.25544, -52.0)
WALK_SURFACE skywalk.1 expected=(40.0, 6.0, -40.0) floor=(40.0, 6.25544, -40.0)
TOWN_ROUTE_WALK skywalk.1 reverse=false passed=true end=(40.0, 6.255363, -40.25035)
TOWN_ROUTE_WALK skywalk.1 reverse=true passed=true end=(40.0, 6.255639, -51.74973)
WALK_SURFACE skywalk.2 expected=(-4.0, 18.0, -44.0) floor=(-4.0, 18.25544, -44.0)
WALK_SURFACE skywalk.2 expected=(-4.0, 18.0, -24.0) floor=(-4.0, 18.25544, -24.0)
TOWN_ROUTE_WALK skywalk.2 reverse=false passed=true end=(-4.0, 18.25563, -24.25028)
TOWN_ROUTE_WALK skywalk.2 reverse=true passed=true end=(-4.0, 18.25535, -43.74974)
WALK_SURFACE skywalk.3 expected=(-32.0, 27.0, -28.0) floor=(-32.0, 27.25544, -28.0)
WALK_SURFACE skywalk.3 expected=(-32.0, 27.0, -8.0) floor=(-32.0, 27.25544, -8.0)
TOWN_ROUTE_WALK skywalk.3 reverse=false passed=true end=(-32.0, 27.25567, -8.250296)
TOWN_ROUTE_WALK skywalk.3 reverse=true passed=true end=(-32.0, 27.25535, -27.74984)
WALK_SURFACE skywalk.4 expected=(-24.0, 39.0, -28.0) floor=(-24.0, 39.25544, -28.0)
WALK_SURFACE skywalk.4 expected=(-24.0, 39.0, 0.0) floor=(-24.0, 39.25544, 0.0)
TOWN_ROUTE_WALK skywalk.4 reverse=false passed=true end=(-24.0, 39.25539, -0.250171)
TOWN_ROUTE_WALK skywalk.4 reverse=true passed=true end=(-24.0, 39.25536, -27.74965)
WALK_SURFACE source_bridge.00 expected=(-6.0, 27.0, 2.0) floor=(-6.0, 27.25544, 2.0)
WALK_SURFACE source_bridge.00 expected=(10.0, 27.0, 2.0) floor=missing
TOWN_ROUTE_WALK source_bridge.00 reverse=false passed=true end=(9.749983, 27.25583, 2.0)
TOWN_ROUTE_WALK source_bridge.00 reverse=true passed=true end=(-5.750014, 27.25517, 2.0)
WALK_SURFACE underpass.(0, 6, 0) expected=(2.0, 18.0, 10.0) floor=(2.0, 18.05, 10.0)
WALK_SURFACE underpass.(0, 6, 0) expected=(2.0, 18.0, 2.0) floor=(2.0, 18.75, 2.0)
WALK_SURFACE underpass.(0, 6, 0) expected=(2.0, 21.0, -6.0) floor=(2.0, 20.25, -6.0)
TOWN_ROUTE_WALK underpass.(0, 6, 0) reverse=false passed=true end=(2.0, 20.21336, -5.75)
TOWN_ROUTE_WALK underpass.(0, 6, 0) reverse=true passed=true end=(2.0, 18.05083, 9.758404)
