Godot Engine v4.5.1.stable.official.f62fdbde1 - https://godotengine.org

ERROR: Condition "ret != noErr" is true. Returning: ""
   at: get_system_ca_certificates (platform/macos/os_macos.mm:991)
---  GUT  ---
[1m[INFO]:  [0musing [/Users/ryko/Library/Application Support/Godot/app_userdata/Story] for temporary output.
Godot version:  4.5.1
GUT version:  9.5.0
[4m

res://tests/test_court_bridge_wall_room.gd
[0m* test_low_wall_room_cannot_erase_the_bearing_of_an_upper_bridge_house
* test_refusing_short_lower_room_restores_actual_bridge_house_bearing
[1m2/2 passed.
[0m



[33m==============================================
[0m[33m= Run Summary
[0m[33m==============================================
[0m
Totals
------
Scripts               1
Tests                 2
Passing Tests         2
Asserts               5
Time              0.568s


[32m---- All tests passed! ----
[0m
