Godot Engine v4.5.1.stable.official.f62fdbde1 - https://godotengine.org

ERROR: Condition "ret != noErr" is true. Returning: ""
   at: get_system_ca_certificates (platform/macos/os_macos.mm:991)
---  GUT  ---
[1m[INFO]:  [0musing [/Users/ryko/Library/Application Support/Godot/app_userdata/Story] for temporary output.
Godot version:  4.5.1
GUT version:  9.5.0
[4m

res://tests/test_court_bridge_wall_room.gd
[0m* test_low_wall_room_cannot_erase_the_bearing_of_an_upper_bridge_house
[31m    [Failed]:  [0mthe lower terrace cap must not erase stone between its top and the bridge house above
      at line 9
[1m0/1 passed.
[0m



[33m==============================================
[0m[33m= Run Summary
[0m[33m==============================================
[0m[4m
res://tests/test_court_bridge_wall_room.gd
[0m- test_low_wall_room_cannot_erase_the_bearing_of_an_upper_bridge_house
[31m    [Failed]:  [0mthe lower terrace cap must not erase stone between its top and the bridge house above
          at line 9

Totals
------
Scripts               1
Tests                 1
Passing Tests      none
Failing Tests         1
Asserts             1/2
Time              0.418s


[31m---- 1 failing tests ----
[0m
