Godot Engine v4.5.1.stable.official.f62fdbde1 - https://godotengine.org

ERROR: Condition "ret != noErr" is true. Returning: ""
   at: get_system_ca_certificates (platform/macos/os_macos.mm:991)
---  GUT  ---
[1m[INFO]:  [0musing [/Users/ryko/Library/Application Support/Godot/app_userdata/Story] for temporary output.
Godot version:  4.5.1
GUT version:  9.5.0
[4m

res://tests/test_court_flight_reservations.gd
[0m* test_climbing_stride_cannot_excavate_reserved_bearing_above_its_lower_tread
* test_reserved_bridge_end_houses_count_as_court_frontages_at_their_room_height
[1m2/2 passed.
[0m[4m

res://tests/test_october2_retained_wall_rooms.gd
[0m* test_streets_can_address_real_rooms_under_existing_massif_buildings
* test_retained_rooms_survive_construction_with_clear_streets_and_bearing
* test_elevated_streets_can_have_inhabited_support_below
* test_street_ceiling_rooms_are_planned_after_optional_lane_pruning
* test_short_wall_rooms_keep_roof_clearance_below_setback_houses
[31m    [Failed]:  [0m[0] expected to be > than [0]:  A genuine low terrace room still survives.
      at line 82
[1m4/5 passed.
[0m



[33m==============================================
[0m[33m= Run Summary
[0m[33m==============================================
[0m[4m
res://tests/test_october2_retained_wall_rooms.gd
[0m- test_short_wall_rooms_keep_roof_clearance_below_setback_houses
[31m    [Failed]:  [0m[0] expected to be > than [0]:  A genuine low terrace room still survives.
          at line 82

Totals
------
Scripts               2
Tests                 7
Passing Tests         6
Failing Tests         1
Asserts           90/91
Time              225.042s


[31m---- 1 failing tests ----
[0m
