Godot Engine v4.5.1.stable.official.f62fdbde1 - https://godotengine.org

ERROR: Condition "ret != noErr" is true. Returning: ""
   at: get_system_ca_certificates (platform/macos/os_macos.mm:991)
---  GUT  ---
[1m[INFO]:  [0musing [/Users/ryko/Library/Application Support/Godot/app_userdata/Story] for temporary output.
Godot version:  4.5.1
GUT version:  9.5.0
[4m

res://tests/test_court_flight_reservations.gd
[0m* test_climbing_stride_cannot_excavate_reserved_bearing_above_its_lower_tread
* test_reserved_bridge_end_houses_count_as_court_frontages_at_their_room_height
[31m    [Failed]:  [0m[0] expected to equal [1]:  committed lower bridge houses form a real continuous court edge
      at line 31
[1m1/2 passed.
[0m



[33m==============================================
[0m[33m= Run Summary
[0m[33m==============================================
[0m[4m
res://tests/test_court_flight_reservations.gd
[0m- test_reserved_bridge_end_houses_count_as_court_frontages_at_their_room_height
[31m    [Failed]:  [0m[0] expected to equal [1]:  committed lower bridge houses form a real continuous court edge
          at line 31

Totals
------
Scripts               1
Tests                 2
Passing Tests         1
Failing Tests         1
Asserts             5/6
Time              0.373s


[31m---- 1 failing tests ----
[0m
