Godot Engine v4.5.1.stable.official.f62fdbde1 - https://godotengine.org

ERROR: Condition "ret != noErr" is true. Returning: ""
   at: get_system_ca_certificates (platform/macos/os_macos.mm:991)
---  GUT  ---
[1m[INFO]:  [0musing [/Users/ryko/Library/Application Support/Godot/app_userdata/Story] for temporary output.
Godot version:  4.5.1
GUT version:  9.5.0
[4m

res://tests/test_grass_field.gd
[0m* test_compiler_keeps_the_baked_asset_in_resource_free_metadata
* test_baked_collection_5_is_one_1244_triangle_runtime_mesh
* test_compiler_rejects_invalid_authored_settings
ERROR: Grass coverage must contain exactly the canonical biome IDs
   at: push_error (core/variant/variant_utility.cpp:1024)
   GDScript backtrace (most recent call first):
       [0] _fail (res://scripts/terrain/grass/GrassProgram.gd:169)
       [1] _coverage_array (res://scripts/terrain/grass/GrassProgram.gd:132)
       [2] compile (res://scripts/terrain/grass/GrassProgram.gd:36)
       [3] test_compiler_rejects_invalid_authored_settings (res://tests/test_grass_field.gd:114)
       [4] _run_test (res://addons/gut/gut.gd:612)
       [5] _test_the_scripts (res://addons/gut/gut.gd:815)
[34m[ExpectedError][0mExpected push_error error containing 'exactly the canonical biome IDs'.  
ERROR: Grass scale range must be finite, ordered, and positive
   at: push_error (core/variant/variant_utility.cpp:1024)
   GDScript backtrace (most recent call first):
       [0] _fail (res://scripts/terrain/grass/GrassProgram.gd:169)
       [1] compile (res://scripts/terrain/grass/GrassProgram.gd:31)
       [2] test_compiler_rejects_invalid_authored_settings (res://tests/test_grass_field.gd:119)
       [3] _run_test (res://addons/gut/gut.gd:612)
       [4] _test_the_scripts (res://addons/gut/gut.gd:815)
[34m[ExpectedError][0mExpected push_error error containing 'finite, ordered, and positive'.  
ERROR: Grass asset variants must be non-empty and unique
   at: push_error (core/variant/variant_utility.cpp:1024)
   GDScript backtrace (most recent call first):
       [0] _fail (res://scripts/terrain/grass/GrassProgram.gd:169)
       [1] compile (res://scripts/terrain/grass/GrassProgram.gd:42)
       [2] test_compiler_rejects_invalid_authored_settings (res://tests/test_grass_field.gd:124)
       [3] _run_test (res://addons/gut/gut.gd:612)
       [4] _test_the_scripts (res://addons/gut/gut.gd:815)
[34m[ExpectedError][0mExpected push_error error containing 'must be non-empty and unique'.  
* test_projected_smooth_fields_are_bit_identical_on_tile_seams
* test_carpet_curve_preserves_empty_ground_and_saturates_viable_habitat
* test_field_is_deterministic_grounded_and_capped_at_one_batch
* test_dropout_rank_is_an_exact_nested_prefix
* test_path_reservation_removes_the_carpet_without_special_case_stamps
* test_path_corridor_rejects_the_complete_patch_footprint
* test_slope_surface_returns_normal_and_area_compensation
* test_slopes_receive_more_patches_than_the_same_flat_habitat
* test_exposed_cliff_lip_reduces_the_uniform_patch_scale
* test_cliff_footprint_reaches_the_wall_without_a_clearance_band
* test_cliff_lip_supplements_are_dense_but_bounded
* test_grass_tile_identity_is_24_m_whatever_the_terrain_lattice
* test_walls_lie_on_the_12_m_dual_borders_not_the_24_m_cell_borders
* test_a_low_side_wall_only_affects_the_taper_minimum
* test_a_nearer_low_side_wall_does_not_cancel_the_high_side_taper
* test_gradient_is_one_sided_when_its_stencil_crosses_a_wall
* test_surface_y_is_the_owning_points_bake
* test_a_wall_near_the_tile_marks_a_cliff_lip_and_a_far_one_does_not
* test_upper_lip_patches_stay_on_the_plateau_and_ground_follows_the_kernel
* test_packed_instance_matches_godot_multimesh_layout
* test_worker_field_has_no_render_or_resource_loading_calls
* test_town_envelope_allows_grass_but_physical_construction_does_not
[1m25/25 passed.
[0m[4m

res://tests/test_terrain_tinting.gd
[0m* test_shared_material_uses_the_editable_ground_palette
* test_sheet_and_dressing_share_one_material_instance
* test_dressing_tints_track_the_biome_field
* test_ground_patch_field_is_subtle_continuous_and_not_biome_locked
* test_dense_grass_and_terrain_expose_one_live_palette_binding
* test_every_lip_grass_face_samples_the_ground_sheets_exact_texel
* test_seed_zero_keeps_dressing_untinted_white
* test_inner_corner_wall_texture_tiles_without_a_light_dark_stack_seam
* test_terrain_sheet_tint_is_the_bilinear_24m_lattice
[1m9/9 passed.
[0m[4m

res://tests/test_september10_grass_sampling.gd
[0m* test_detached_sampling_does_not_retain_plans_or_share_mutable_grade_caches
SCRIPT ERROR: Out of bounds get index '0' (on base: 'Array[TerrainGradePatch]')
          at: test_detached_sampling_does_not_retain_plans_or_share_mutable_grade_caches (res://tests/test_september10_grass_sampling.gd:22)
          GDScript backtrace (most recent call first):
              [0] test_detached_sampling_does_not_retain_plans_or_share_mutable_grade_caches (res://tests/test_september10_grass_sampling.gd:22)
              [1] _run_test (res://addons/gut/gut.gd:612)
              [2] _test_the_scripts (res://addons/gut/gut.gd:815)
[31m    [Failed]:  [0mUnexpected Errors:
    [1] <engine-2>Out of bounds get index '0' (on base: 'Array[TerrainGradePatch]')
      at line -1
* test_detached_water_keeps_completed_fine_shores_without_source_or_memo_ownership
[1m1/2 passed.
[0m



[33m==============================================
[0m[33m= Run Summary
[0m[33m==============================================
[0m[4m
res://tests/test_september10_grass_sampling.gd
[0m- test_detached_sampling_does_not_retain_plans_or_share_mutable_grade_caches
[31m    [Failed]:  [0mUnexpected Errors:
    [1] <engine-2>Out of bounds get index '0' (on base: 'Array[TerrainGradePatch]')
          at line -1

Totals
------
Scripts               3
Tests                36
Passing Tests        35
Failing Tests         1
Asserts           1116/1117
Time              35.729s


[31m---- 1 failing tests ----
[0m
