Godot Engine v4.5.1.stable.official.f62fdbde1 - https://godotengine.org

ERROR: Condition "ret != noErr" is true. Returning: ""
   at: get_system_ca_certificates (platform/macos/os_macos.mm:991)
---  GUT  ---
[1m[INFO]:  [0musing [/Users/ryko/Library/Application Support/Godot/app_userdata/Story] for temporary output.
Godot version:  4.5.1
GUT version:  9.5.0
[4m

res://tests/test_october5_town_surface_palette.gd
[0m* test_suntail_plaster_warms_without_recolouring_timber_or_mutating_source
* test_raised_courtyard_uses_same_colour_as_terrain_below
* test_grass_and_raised_lawns_share_regional_lattice_across_biomes
[1m3/3 passed.
[0m



[33m==============================================
[0m[33m= Run Summary
[0m[33m==============================================
[0m
Totals
------
Scripts               1
Tests                 3
Passing Tests         3
Asserts              19
Time              3.19s


[32m---- All tests passed! ----
[0m
