Godot Engine v4.5.1.stable.official.f62fdbde1 - https://godotengine.org

ERROR: Condition "ret != noErr" is true. Returning: ""
   at: get_system_ca_certificates (platform/macos/os_macos.mm:991)
---  GUT  ---
[1m[INFO]:  [0musing [/Users/ryko/Library/Application Support/Godot/app_userdata/Story] for temporary output.
Godot version:  4.5.1
GUT version:  9.5.0
[4m

res://tests/test_october5_town_surface_palette.gd
[0m* test_suntail_plaster_warms_without_recolouring_timber_or_mutating_source
[31m    [Failed]:  [0m[0.93000000715256] expected to be < than [0.8370000064373]:  plaster becomes warmer cream
      at line 15
[31m    [Failed]:  [0m[1.04301077543015] expected to be > than [1.04301077543015]:  
      at line 16
* test_raised_courtyard_uses_same_colour_as_terrain_below
[31m    [Failed]:  [0mraised lawn uses the terrain's 24m colour lattice, independent of height
      at line 32
[1m0/2 passed.
[0m



[33m==============================================
[0m[33m= Run Summary
[0m[33m==============================================
[0m[4m
res://tests/test_october5_town_surface_palette.gd
[0m- test_suntail_plaster_warms_without_recolouring_timber_or_mutating_source
[31m    [Failed]:  [0m[0.93000000715256] expected to be < than [0.8370000064373]:  plaster becomes warmer cream
          at line 15
[31m    [Failed]:  [0m[1.04301077543015] expected to be > than [1.04301077543015]:  
          at line 16
- test_raised_courtyard_uses_same_colour_as_terrain_below
[31m    [Failed]:  [0mraised lawn uses the terrain's 24m colour lattice, independent of height
          at line 32

Totals
------
Scripts               1
Tests                 2
Passing Tests      none
Failing Tests         2
Asserts             4/7
Time              1.885s


[31m---- 2 failing tests ----
[0m
