Godot Engine v4.5.1.stable.official.f62fdbde1 - https://godotengine.org
Metal 3.2 - Forward+ - Using Device #0: Apple - Apple M1 Pro (Apple7)

TUNNELS 53 grand [(0, 6, 3), (2, 9, 0), (2, 9, 1), (2, 0, -1), (1, 0, -1), (0, 0, 0), (-1, 0, 0), (-2, 0, 0), (-3, 0, -1), (-4, 0, -1), (4, 0, -3), (1, 0, -5), (-1, 0, -10), (-3, 0, -11), (-5, 0, -11), (4, 4, 1), (5, 1, 3)]
STEPPED_HOUSES [{ "id": &"kit.spatial.feature.landmark.01", "at": (15.75, 3.0, -2.25), "reach": 24.0 }, { "id": &"kit.spatial.parcel.maze.house.000", "at": (0.75, 19.5, 12.75), "reach": 24.0 }, { "id": &"kit.spatial.parcel.maze.house.002", "at": (11.25, 18.0, 6.75), "reach": 40.0 }, { "id": &"kit.spatial.parcel.maze.house.003", "at": (9.75, 21.0, 5.25), "reach": 16.0 }, { "id": &"kit.spatial.parcel.maze.house.008", "at": (6.75, 3.0, -5.25), "reach": 8.0 }, { "id": &"kit.spatial.parcel.maze.house.014", "at": (-3.75, 18.0, 2.25), "reach": 16.0 }, { "id": &"kit.spatial.parcel.maze.house.015", "at": (-5.25, 16.5, -3.75), "reach": 24.0 }, { "id": &"kit.spatial.parcel.maze.house.035", "at": (-3.75, 3.0, -27.75), "reach": 32.0 }, { "id": &"kit.spatial.parcel.maze.house.057", "at": (12.75, 9.0, -3.75), "reach": 32.0 }, { "id": &"kit.spatial.parcel.maze.house.067", "at": (-5.25, 3.0, 15.75), "reach": 8.0 }]
ROOF_AUDIT { "clipped": 776, "removed": 216, "chimneys": { "moved": 0, "omitted": 0, "checked": 6 }, "towers": { "corner_attempts": 149, "corner_supported": 6, "corner_accepted": 4, "corner_bearing_rejected": 58, "corner_bearing_example": "kit.spatial.parcel.maze.house.064 / (5, 0, 14) / base 1", "corner_no_bearing_or_space": 135, "attempts": 292, "corner_reservation_rejected": 39, "corner_reservation_example": "kit.spatial.parcel.maze.house.064 / (5, 7, 14) / base 5", "corbel_corner_accepted": 3, "corner_join_quadrants": 8, "corner_quadrant_counts": { 4: 4, 2: 4 }, "corner_quadrant_examples": [{ "host": &"kit.spatial.parcel.maze.house.015", "corner": (-2, -2), "base": 8, "top": 14, "band": 8, "occupied": [(-1, -1), (-1, 0), (0, -1), (0, 0)] }, { "host": &"kit.spatial.parcel.maze.house.035", "corner": (-2, -16), "base": 0, "top": 2, "band": 0, "occupied": [(-1, -1), (0, -1)] }, { "host": &"kit.spatial.parcel.maze.house.035", "corner": (0, -17), "base": 0, "top": 4, "band": 0, "occupied": [(-1, -1), (-1, 0), (0, -1), (0, 0)] }, { "host": &"kit.spatial.parcel.maze.house.035", "corner": (-2, -17), "base": 0, "top": 4, "band": 0, "occupied": [(-1, -1), (-1, 0), (0, -1), (0, 0)] }, { "host": &"kit.spatial.parcel.maze.house.035", "corner": (2, -17), "base": 0, "top": 4, "band": 0, "occupied": [(-1, -1), (-1, 0)] }, { "host": &"kit.spatial.parcel.maze.house.049", "corner": (-11, -10), "base": 0, "top": 8, "band": 0, "occupied": [(-1, -1), (-1, 0), (0, -1), (0, 0)] }, { "host": &"kit.spatial.parcel.maze.house.049", "corner": (-11, -12), "base": 0, "top": 8, "band": 0, "occupied": [(-1, 0), (0, 0)] }, { "host": &"kit.spatial.parcel.maze.house.058", "corner": (14, 6), "base": 5, "top": 11, "band": 5, "occupied": [(-1, -1), (-1, 0)] }], "corner_no_host_join": 8, "corner_asset_blocked": 1, "corner_public_blocked": 1, "accepted": 4 }, "facade_bays": 3, "room_projections": 4, "retaining_relief": 14, "retaining_flight_joints": 29, "retaining_windows": 42, "fortified_windows": 0, "retaining_recesses": 6, "decor_clearance": { &"window_box": 53, &"prop.doorstep": 31 }, "fitted_window_boxes": 73, "joins": 13, "parallel_joins": 1, "fitted_eaves": 3, "dormers": { "moved": 0, "omitted": 2, "checked": 7 }, "seated_balcony_brackets": 10, "roof_blocked_windows": 204, "roof_fitted_windows": 61 }
TOWN 53 grand buildings=158 instances=7576 ms=100818
GARDEN_GRASS 53 grand instances=376 tiles=6
BOUNDS cells=[P: (-64.0, 0.0, -104.0), S: (124.0, 54.0, 180.0)] payload=[P: (-66.34, -6.0, -108.0), S: (129.046, 69.6, 186.34)]
REVIEW_CAMERA {"eye":"(42.0, 30.0, 44.0)","fov":60.0,"target":"(42.0, 30.0, 18.0)","view":"53_grand_skywalk0_side"}
REVIEW_CAMERA {"eye":"(42.0, 1.7, 30.0)","fov":70.0,"target":"(42.0, 29.5, 18.0)","view":"53_grand_skywalk0_below"}
REVIEW_CAMERA {"eye":"(42.01, 57.0, 18.0)","fov":50.0,"target":"(42.0, 27.0, 18.0)","view":"53_grand_skywalk0_top"}
REVIEW_CAMERA {"eye":"(64.0, 31.0, 24.0)","fov":70.0,"target":"(42.0, 29.5, 18.0)","view":"53_grand_skywalk0_along-1"}
REVIEW_CAMERA {"eye":"(20.0, 31.0, 24.0)","fov":70.0,"target":"(42.0, 29.5, 18.0)","view":"53_grand_skywalk0_along1"}
REVIEW_CAMERA {"eye":"(42.0, 30.0, 54.0)","fov":60.0,"target":"(42.0, 30.0, 28.0)","view":"53_grand_skywalk1_side"}
REVIEW_CAMERA {"eye":"(42.0, 1.7, 40.0)","fov":70.0,"target":"(42.0, 29.5, 28.0)","view":"53_grand_skywalk1_below"}
REVIEW_CAMERA {"eye":"(42.01, 57.0, 28.0)","fov":50.0,"target":"(42.0, 27.0, 28.0)","view":"53_grand_skywalk1_top"}
REVIEW_CAMERA {"eye":"(64.0, 31.0, 34.0)","fov":70.0,"target":"(42.0, 29.5, 28.0)","view":"53_grand_skywalk1_along-1"}
REVIEW_CAMERA {"eye":"(20.0, 31.0, 34.0)","fov":70.0,"target":"(42.0, 29.5, 28.0)","view":"53_grand_skywalk1_along1"}
REVIEW_CAMERA {"eye":"(18.0, 36.0, 28.0)","fov":60.0,"target":"(18.0, 36.0, 2.0)","view":"53_grand_skywalk2_side"}
REVIEW_CAMERA {"eye":"(18.0, 1.7, 14.0)","fov":70.0,"target":"(18.0, 35.5, 2.0)","view":"53_grand_skywalk2_below"}
REVIEW_CAMERA {"eye":"(18.01, 63.0, 2.0)","fov":50.0,"target":"(18.0, 33.0, 2.0)","view":"53_grand_skywalk2_top"}
REVIEW_CAMERA {"eye":"(40.0, 37.0, 8.0)","fov":70.0,"target":"(18.0, 35.5, 2.0)","view":"53_grand_skywalk2_along-1"}
REVIEW_CAMERA {"eye":"(-4.0, 37.0, 8.0)","fov":70.0,"target":"(18.0, 35.5, 2.0)","view":"53_grand_skywalk2_along1"}
REVIEW_CAMERA {"eye":"(2.0, 36.0, 36.0)","fov":60.0,"target":"(2.0, 36.0, 10.0)","view":"53_grand_skywalk3_side"}
REVIEW_CAMERA {"eye":"(2.0, 1.7, 22.0)","fov":70.0,"target":"(2.0, 35.5, 10.0)","view":"53_grand_skywalk3_below"}
REVIEW_CAMERA {"eye":"(2.01, 63.0, 10.0)","fov":50.0,"target":"(2.0, 33.0, 10.0)","view":"53_grand_skywalk3_top"}
REVIEW_CAMERA {"eye":"(24.0, 37.0, 16.0)","fov":70.0,"target":"(2.0, 35.5, 10.0)","view":"53_grand_skywalk3_along-1"}
REVIEW_CAMERA {"eye":"(-20.0, 37.0, 16.0)","fov":70.0,"target":"(2.0, 35.5, 10.0)","view":"53_grand_skywalk3_along1"}
REVIEW_CAMERA {"eye":"(22.0, 36.0, 52.0)","fov":60.0,"target":"(22.0, 36.0, 26.0)","view":"53_grand_skywalk4_side"}
REVIEW_CAMERA {"eye":"(22.0, 1.7, 38.0)","fov":70.0,"target":"(22.0, 35.5, 26.0)","view":"53_grand_skywalk4_below"}
REVIEW_CAMERA {"eye":"(22.01, 63.0, 26.0)","fov":50.0,"target":"(22.0, 33.0, 26.0)","view":"53_grand_skywalk4_top"}
REVIEW_CAMERA {"eye":"(44.0, 37.0, 32.0)","fov":70.0,"target":"(22.0, 35.5, 26.0)","view":"53_grand_skywalk4_along-1"}
REVIEW_CAMERA {"eye":"(0.0, 37.0, 32.0)","fov":70.0,"target":"(22.0, 35.5, 26.0)","view":"53_grand_skywalk4_along1"}
REVIEW_CAMERA {"eye":"(18.0, 42.0, 60.0)","fov":60.0,"target":"(18.0, 42.0, 34.0)","view":"53_grand_skywalk5_side"}
REVIEW_CAMERA {"eye":"(18.0, 1.7, 46.0)","fov":70.0,"target":"(18.0, 41.5, 34.0)","view":"53_grand_skywalk5_below"}
REVIEW_CAMERA {"eye":"(18.01, 69.0, 34.0)","fov":50.0,"target":"(18.0, 39.0, 34.0)","view":"53_grand_skywalk5_top"}
REVIEW_CAMERA {"eye":"(40.0, 43.0, 40.0)","fov":70.0,"target":"(18.0, 41.5, 34.0)","view":"53_grand_skywalk5_along-1"}
REVIEW_CAMERA {"eye":"(-4.0, 43.0, 40.0)","fov":70.0,"target":"(18.0, 41.5, 34.0)","view":"53_grand_skywalk5_along1"}
SKYWALKS 53_grand 6
REVIEW_CAMERA {"eye":"(28.0, 28.7, 32.0)","fov":80.0,"target":"(13.0, 29.5, 34.0)","view":"53_grand_court_plaza.00_0"}
REVIEW_CAMERA {"eye":"(20.0, 28.7, 44.0)","fov":80.0,"target":"(18.0, 29.5, 29.0)","view":"53_grand_court_plaza.00_1"}
REVIEW_CAMERA {"eye":"(8.0, 28.7, 32.0)","fov":80.0,"target":"(23.0, 29.5, 34.0)","view":"53_grand_court_plaza.00_2"}
REVIEW_CAMERA {"eye":"(16.0, 28.7, 24.0)","fov":80.0,"target":"(18.0, 29.5, 39.0)","view":"53_grand_court_plaza.00_3"}
REVIEW_CAMERA {"eye":"(44.0, 7.7, 52.0)","fov":80.0,"target":"(33.0, 8.5, 54.0)","view":"53_grand_court_deck.00_0"}
REVIEW_CAMERA {"eye":"(40.0, 7.7, 60.0)","fov":80.0,"target":"(38.0, 8.5, 49.0)","view":"53_grand_court_deck.00_1"}
REVIEW_CAMERA {"eye":"(32.0, 7.7, 56.0)","fov":80.0,"target":"(43.0, 8.5, 54.0)","view":"53_grand_court_deck.00_2"}
REVIEW_CAMERA {"eye":"(36.0, 7.7, 48.0)","fov":80.0,"target":"(38.0, 8.5, 59.0)","view":"53_grand_court_deck.00_3"}
REVIEW_CAMERA {"eye":"(52.0, 7.7, 36.0)","fov":80.0,"target":"(41.0, 8.5, 38.0)","view":"53_grand_court_deck.01_0"}
REVIEW_CAMERA {"eye":"(48.0, 7.7, 44.0)","fov":80.0,"target":"(46.0, 8.5, 33.0)","view":"53_grand_court_deck.01_1"}
REVIEW_CAMERA {"eye":"(40.0, 7.7, 40.0)","fov":80.0,"target":"(51.0, 8.5, 38.0)","view":"53_grand_court_deck.01_2"}
REVIEW_CAMERA {"eye":"(44.0, 7.7, 32.0)","fov":80.0,"target":"(46.0, 8.5, 43.0)","view":"53_grand_court_deck.01_3"}
REVIEW_DONE /tmp/oct6-preview-courts-review
