Godot Engine v4.5.1.stable.official.f62fdbde1 - https://godotengine.org

ERROR: Condition "ret != noErr" is true. Returning: ""
   at: get_system_ca_certificates (platform/macos/os_macos.mm:991)
STEPPED_HOUSES [{ "id": &"kit.spatial.feature.landmark.01", "at": (15.75, 3.0, -2.25), "reach": 24.0 }, { "id": &"kit.spatial.parcel.maze.house.000", "at": (0.75, 19.5, 12.75), "reach": 24.0 }, { "id": &"kit.spatial.parcel.maze.house.002", "at": (11.25, 18.0, 6.75), "reach": 40.0 }, { "id": &"kit.spatial.parcel.maze.house.003", "at": (9.75, 21.0, 5.25), "reach": 16.0 }, { "id": &"kit.spatial.parcel.maze.house.008", "at": (6.75, 3.0, -5.25), "reach": 8.0 }, { "id": &"kit.spatial.parcel.maze.house.014", "at": (-3.75, 18.0, 2.25), "reach": 16.0 }, { "id": &"kit.spatial.parcel.maze.house.015", "at": (-5.25, 16.5, -3.75), "reach": 24.0 }, { "id": &"kit.spatial.parcel.maze.house.035", "at": (-3.75, 3.0, -27.75), "reach": 32.0 }, { "id": &"kit.spatial.parcel.maze.house.057", "at": (12.75, 9.0, -3.75), "reach": 32.0 }, { "id": &"kit.spatial.parcel.maze.house.067", "at": (-5.25, 3.0, 15.75), "reach": 8.0 }]
ROOF_AUDIT { "clipped": 776, "removed": 216, "chimneys": { "moved": 0, "omitted": 0, "checked": 6 }, "towers": { "corner_attempts": 149, "corner_supported": 6, "corner_accepted": 4, "corner_bearing_rejected": 58, "corner_bearing_example": "kit.spatial.parcel.maze.house.064 / (5, 0, 14) / base 1", "corner_no_bearing_or_space": 135, "attempts": 292, "corner_reservation_rejected": 39, "corner_reservation_example": "kit.spatial.parcel.maze.house.064 / (5, 7, 14) / base 5", "corbel_corner_accepted": 3, "corner_join_quadrants": 8, "corner_quadrant_counts": { 4: 4, 2: 4 }, "corner_quadrant_examples": [{ "host": &"kit.spatial.parcel.maze.house.015", "corner": (-2, -2), "base": 8, "top": 14, "band": 8, "occupied": [(-1, -1), (-1, 0), (0, -1), (0, 0)] }, { "host": &"kit.spatial.parcel.maze.house.035", "corner": (-2, -16), "base": 0, "top": 2, "band": 0, "occupied": [(-1, -1), (0, -1)] }, { "host": &"kit.spatial.parcel.maze.house.035", "corner": (0, -17), "base": 0, "top": 4, "band": 0, "occupied": [(-1, -1), (-1, 0), (0, -1), (0, 0)] }, { "host": &"kit.spatial.parcel.maze.house.035", "corner": (-2, -17), "base": 0, "top": 4, "band": 0, "occupied": [(-1, -1), (-1, 0), (0, -1), (0, 0)] }, { "host": &"kit.spatial.parcel.maze.house.035", "corner": (2, -17), "base": 0, "top": 4, "band": 0, "occupied": [(-1, -1), (-1, 0)] }, { "host": &"kit.spatial.parcel.maze.house.049", "corner": (-11, -10), "base": 0, "top": 8, "band": 0, "occupied": [(-1, -1), (-1, 0), (0, -1), (0, 0)] }, { "host": &"kit.spatial.parcel.maze.house.049", "corner": (-11, -12), "base": 0, "top": 8, "band": 0, "occupied": [(-1, 0), (0, 0)] }, { "host": &"kit.spatial.parcel.maze.house.058", "corner": (14, 6), "base": 5, "top": 11, "band": 5, "occupied": [(-1, -1), (-1, 0)] }], "corner_no_host_join": 8, "corner_asset_blocked": 1, "corner_public_blocked": 1, "accepted": 4 }, "facade_bays": 3, "room_projections": 4, "retaining_relief": 14, "retaining_flight_joints": 29, "retaining_windows": 42, "fortified_windows": 0, "retaining_recesses": 6, "decor_clearance": { &"window_box": 53, &"prop.doorstep": 31 }, "fitted_window_boxes": 73, "joins": 13, "parallel_joins": 1, "fitted_eaves": 3, "dormers": { "moved": 0, "omitted": 2, "checked": 7 }, "seated_balcony_brackets": 10, "roof_blocked_windows": 204, "roof_fitted_windows": 61 }
WALK_SURFACE skywalk.0 expected=(36.0, 27.0, 16.0) floor=(36.0, 27.25544, 16.0)
WALK_SURFACE skywalk.0 expected=(48.0, 27.0, 16.0) floor=(48.0, 27.25544, 16.0)
TOWN_ROUTE_WALK skywalk.0 reverse=false passed=true end=(47.74998, 27.25566, 16.0)
TOWN_ROUTE_WALK skywalk.0 reverse=true passed=true end=(36.24999, 27.25632, 16.0)
WALK_SURFACE skywalk.1 expected=(36.0, 27.0, 28.0) floor=(36.0, 27.25544, 28.0)
WALK_SURFACE skywalk.1 expected=(48.0, 27.0, 28.0) floor=(48.0, 27.25544, 28.0)
TOWN_ROUTE_WALK skywalk.1 reverse=false passed=true end=(47.74999, 27.25583, 28.0)
TOWN_ROUTE_WALK skywalk.1 reverse=true passed=true end=(36.24999, 27.25583, 28.0)
WALK_SURFACE skywalk.2 expected=(12.0, 33.0, 0.0) floor=(12.0, 33.25544, 0.0)
WALK_SURFACE skywalk.2 expected=(24.0, 33.0, 0.0) floor=(24.0, 33.25544, 0.0)
TOWN_ROUTE_WALK skywalk.2 reverse=false passed=true end=(23.74999, 33.25583, 0.0)
TOWN_ROUTE_WALK skywalk.2 reverse=true passed=true end=(12.24999, 33.25583, 0.0)
WALK_SURFACE skywalk.3 expected=(-4.0, 33.0, 8.0) floor=(-4.0, 33.25544, 8.0)
WALK_SURFACE skywalk.3 expected=(8.0, 33.0, 8.0) floor=(8.0, 33.25544, 8.0)
TOWN_ROUTE_WALK skywalk.3 reverse=false passed=true end=(7.749921, 33.25556, 8.0)
TOWN_ROUTE_WALK skywalk.3 reverse=true passed=true end=(-3.749882, 33.25541, 8.000001)
WALK_SURFACE skywalk.4 expected=(12.0, 33.0, 24.0) floor=(12.0, 33.25544, 24.0)
WALK_SURFACE skywalk.4 expected=(32.0, 33.0, 24.0) floor=(32.0, 33.25544, 24.0)
TOWN_ROUTE_WALK skywalk.4 reverse=false passed=true end=(31.74996, 33.25623, 24.0)
TOWN_ROUTE_WALK skywalk.4 reverse=true passed=true end=(12.25024, 33.25556, 24.0)
WALK_SURFACE skywalk.5 expected=(4.0, 39.0, 32.0) floor=(4.0, 39.25544, 32.0)
WALK_SURFACE skywalk.5 expected=(32.0, 39.0, 32.0) floor=(32.0, 39.25544, 32.0)
TOWN_ROUTE_WALK skywalk.5 reverse=false passed=true end=(31.74997, 39.25512, 32.0)
TOWN_ROUTE_WALK skywalk.5 reverse=true passed=true end=(4.250315, 39.25556, 32.0)
WALK_SURFACE source_bridge.00 expected=(-6.0, 12.0, 58.0) floor=(-6.0, 12.25544, 58.0)
WALK_SURFACE source_bridge.00 expected=(-6.0, 12.0, 42.0) floor=(-6.0, 12.25544, 42.0)
TOWN_ROUTE_WALK source_bridge.00 reverse=false passed=true end=(-6.0, 12.25583, 42.24998)
TOWN_ROUTE_WALK source_bridge.00 reverse=true passed=true end=(-6.0, 12.25639, 57.74998)
WALK_SURFACE underpass.(-1, 1, 6) expected=(2.0, 3.0, 50.0) floor=(2.0, 2.73, 50.0)
WALK_SURFACE underpass.(-1, 1, 6) expected=(-6.0, 3.0, 50.0) floor=(-6.0, 2.25, 50.0)
WALK_SURFACE underpass.(-1, 1, 6) expected=(-14.0, 0.0, 50.0) floor=(-14.0, 0.75, 50.0)
TOWN_ROUTE_WALK underpass.(-1, 1, 6) reverse=false passed=true end=(-13.7603, 0.80244, 50.0)
TOWN_ROUTE_WALK underpass.(-1, 1, 6) reverse=true passed=true end=(1.75, 3.050632, 50.0)
WALK_SURFACE underpass.(-2, 1, 2) expected=(-22.0, 3.0, 18.0) floor=(-22.0, 3.05, 18.0)
WALK_SURFACE underpass.(-2, 1, 2) expected=(-14.0, 3.0, 18.0) floor=(-14.0, 3.75, 18.0)
WALK_SURFACE underpass.(-2, 1, 2) expected=(-6.0, 6.0, 18.0) floor=(-6.0, 5.25, 18.0)
TOWN_ROUTE_WALK underpass.(-2, 1, 2) reverse=false passed=true end=(-6.255509, 5.210737, 18.0)
TOWN_ROUTE_WALK underpass.(-2, 1, 2) reverse=true passed=true end=(-21.76544, 3.050678, 18.0)
