Godot Engine v4.5.1.stable.official.f62fdbde1 - https://godotengine.org

ERROR: Condition "ret != noErr" is true. Returning: ""
   at: get_system_ca_certificates (platform/macos/os_macos.mm:991)
---  GUT  ---
[1m[INFO]:  [0musing [/Users/ryko/Library/Application Support/Godot/app_userdata/Story] for temporary output.
Godot version:  4.5.1
GUT version:  9.5.0
[4m

res://tests/test_tower_preview_reservations.gd
[0m* test_reselected_landmarks_release_the_previous_preview_entrance
[31m    [Failed]:  [0m[62] expected to be < than [20]:  Available frontage subdivides the captured 62-column orphan block
      at line 18
[1m0/1 passed.
[0m



[33m==============================================
[0m[33m= Run Summary
[0m[33m==============================================
[0m[4m
res://tests/test_tower_preview_reservations.gd
[0m- test_reselected_landmarks_release_the_previous_preview_entrance
[31m    [Failed]:  [0m[62] expected to be < than [20]:  Available frontage subdivides the captured 62-column orphan block
          at line 18

Totals
------
Scripts               1
Tests                 1
Passing Tests      none
Failing Tests         1
Asserts           29/30
Time              53.486s


[31m---- 1 failing tests ----
[0m
