Godot Engine v4.5.1.stable.official.f62fdbde1 - https://godotengine.org

ERROR: Condition "ret != noErr" is true. Returning: ""
   at: get_system_ca_certificates (platform/macos/os_macos.mm:991)
---  GUT  ---
[1m[INFO]:  [0musing [/Users/ryko/Library/Application Support/Godot/app_userdata/Story] for temporary output.
Godot version:  4.5.1
GUT version:  9.5.0
[4m

res://tests/test_tower_preview_reservations.gd
[0m* test_reselection_does_not_leave_an_oversized_orphan_block
[31m    [Failed]:  [0m[0] expected to be > than [0]:  
      at line 25
[1m0/1 passed.
[0m[4m

res://tests/test_tower_house_fallback.gd
[0m* test_fallback_keeps_supported_tower_in_finished_fabric
[1m1/1 passed.
[0m[4m

res://tests/test_district_tower_frontage.gd
[0m* test_district_access_preserves_a_real_tower_house_address
* test_infeasible_district_does_not_mutate_existing_routes
* test_tower_house_keeps_an_inhabited_district_edge
* test_reserved_tower_house_survives_finished_fabric
[1m4/4 passed.
[0m



[33m==============================================
[0m[33m= Run Summary
[0m[33m==============================================
[0m[4m
res://tests/test_tower_preview_reservations.gd
[0m- test_reselection_does_not_leave_an_oversized_orphan_block
[31m    [Failed]:  [0m[0] expected to be > than [0]:  
          at line 25

Totals
------
Scripts               3
Tests                 6
Passing Tests         5
Failing Tests         1
Asserts           45/46
Time              191.547s


[31m---- 1 failing tests ----
[0m
