SAMPLE 101:prod/compact ok=true ms=2277 withdrawn=[] fail=
SAMPLE 102:prod/standard ok=true ms=4106 withdrawn=[] fail=
SAMPLE 103:prod/compact ok=true ms=6196 withdrawn=[] fail=
SAMPLE 104:prod/standard ok=true ms=4048 withdrawn=[] fail=
SAMPLE 105:prod/compact ok=true ms=5848 withdrawn=[] fail=
SAMPLE 106:prod/compact ok=true ms=1871 withdrawn=[] fail=
SAMPLE 107:prod/compact ok=true ms=3302 withdrawn=[] fail=
SAMPLE 108:prod/compact ok=true ms=4063 withdrawn=[] fail=
SAMPLE 109:prod/large ok=true ms=11533 withdrawn=[] fail=
SAMPLE 110:prod/compact ok=true ms=2625 withdrawn=[] fail=
SAMPLE 111:prod/standard ok=true ms=19629 withdrawn=[] fail=
SAMPLE 112:prod/compact ok=true ms=3798 withdrawn=[] fail=
SAMPLE 113:prod/compact ok=true ms=2006 withdrawn=[] fail=
SAMPLE 114:prod/standard ok=true ms=4549 withdrawn=[] fail=
SAMPLE 115:prod/compact ok=true ms=2096 withdrawn=[] fail=
SAMPLE 116:prod/compact ok=true ms=2800 withdrawn=[] fail=
SAMPLE 117:prod/compact ok=true ms=3855 withdrawn=[] fail=
SAMPLE 118:prod/compact ok=true ms=7904 withdrawn=[] fail=
SAMPLE 119:prod/compact ok=true ms=3697 withdrawn=[] fail=
SAMPLE 120:prod/compact ok=true ms=2055 withdrawn=[] fail=
SAMPLE 121:prod/compact ok=true ms=3074 withdrawn=[] fail=
SAMPLE 122:prod/compact ok=true ms=2774 withdrawn=[] fail=
SAMPLE 123:prod/compact ok=true ms=1927 withdrawn=[] fail=
SAMPLE 124:prod/compact ok=true ms=1692 withdrawn=[] fail=
SAMPLE 125:prod/compact ok=true ms=2670 withdrawn=[] fail=
SAMPLE 126:prod/compact ok=true ms=1359 withdrawn=[] fail=
SAMPLE 127:prod/compact ok=true ms=3225 withdrawn=[] fail=
SAMPLE 128:prod/standard ok=true ms=16917 withdrawn=[] fail=
SAMPLE 129:prod/standard ok=true ms=3347 withdrawn=[] fail=
SAMPLE 130:prod/grand ok=true ms=136839 withdrawn=[] fail=
SAMPLE 131:prod/compact ok=true ms=8142 withdrawn=[] fail=
SAMPLE 132:prod/large ok=true ms=11463 withdrawn=[] fail=
SAMPLE 133:prod/compact ok=true ms=2403 withdrawn=[] fail=
SAMPLE 134:prod/compact ok=true ms=6924 withdrawn=[] fail=
SAMPLE 135:prod/compact ok=true ms=4970 withdrawn=[] fail=
SAMPLE 136:prod/compact ok=true ms=1548 withdrawn=[] fail=
SAMPLE 137:prod/compact ok=true ms=8691 withdrawn=[] fail=
SAMPLE 138:prod/large ok=true ms=31014 withdrawn=[] fail=
SAMPLE 139:prod/compact ok=true ms=2668 withdrawn=[] fail=
SAMPLE 140:prod/standard ok=true ms=5404 withdrawn=[] fail=
SAMPLE 141:prod/standard ok=true ms=43458 withdrawn=[&"spatial.parcel.maze.house.009.part01.room00"] fail=
SAMPLE 1:compact/compact ok=true ms=4853 withdrawn=[] fail=
SAMPLE 1:grand/grand ok=true ms=154000 withdrawn=[&"spatial.parcel.maze.house.wall-room.001.part01.room00"] fail=
SAMPLE 1:large/large ok=true ms=39340 withdrawn=[] fail=
SAMPLE 1:standard/standard ok=true ms=21161 withdrawn=[] fail=
SAMPLE 2:compact/compact ok=true ms=2379 withdrawn=[] fail=
SAMPLE 2:grand/grand ok=true ms=53313 withdrawn=[] fail=
SAMPLE 2:large/large ok=true ms=12614 withdrawn=[] fail=
SAMPLE 2:standard/standard ok=true ms=9529 withdrawn=[] fail=
SAMPLE 3:compact/compact ok=true ms=3785 withdrawn=[] fail=
SAMPLE 3:grand/grand ok=true ms=59792 withdrawn=[] fail=
SAMPLE 3:large/large ok=true ms=10963 withdrawn=[] fail=
SAMPLE 3:standard/standard ok=true ms=9379 withdrawn=[] fail=
SAMPLE 4:compact/compact ok=true ms=2873 withdrawn=[] fail=
SAMPLE 4:grand/grand ok=true ms=39368 withdrawn=[] fail=
SAMPLE 4:large/large ok=true ms=13421 withdrawn=[] fail=
SAMPLE 4:standard/standard ok=true ms=8196 withdrawn=[] fail=
SAMPLE 5:compact/compact ok=true ms=2798 withdrawn=[] fail=
SAMPLE 5:grand/grand ok=true ms=58362 withdrawn=[] fail=
SAMPLE 5:large/large ok=true ms=25824 withdrawn=[] fail=
SAMPLE 5:standard/standard ok=true ms=8863 withdrawn=[] fail=
SAMPLE 6:compact/compact ok=true ms=1884 withdrawn=[] fail=
SAMPLE 6:grand/grand ok=true ms=15969 withdrawn=[] fail=
SAMPLE 6:large/large ok=true ms=31364 withdrawn=[] fail=
SAMPLE 6:standard/standard ok=true ms=5090 withdrawn=[] fail=
SAMPLE_TOTAL towns=65 failed=0 built_after_withdrawal=2
