Godot Engine v4.5.1.stable.official.f62fdbde1 - https://godotengine.org

ERROR: Condition "ret != noErr" is true. Returning: ""
   at: get_system_ca_certificates (platform/macos/os_macos.mm:991)
---  GUT  ---
[1m[INFO]:  [0musing [/Users/ryko/Library/Application Support/Godot/app_userdata/Story] for temporary output.
Godot version:  4.5.1
GUT version:  9.5.0
[4m

res://tests/fixtures/september19/bank-exposure/test_exposure.gd
[0m* test_bank_plants_are_exposed_on_the_actual_fitted_surface
BANK_EXPOSE selected=58 failures=1
[31m    [Failed]:  [0m[1] expected to equal [0]:  A nearer fitted formation must not cover the selected plant root
      at line 18
[1m0/1 passed.
[0m



[33m==============================================
[0m[33m= Run Summary
[0m[33m==============================================
[0m[4m
res://tests/fixtures/september19/bank-exposure/test_exposure.gd
[0m- test_bank_plants_are_exposed_on_the_actual_fitted_surface
[31m    [Failed]:  [0m[1] expected to equal [0]:  A nearer fitted formation must not cover the selected plant root
          at line 18

Totals
------
Scripts               1
Tests                 1
Passing Tests      none
Failing Tests         1
Asserts             1/2
Time              2.951s


[31m---- 1 failing tests ----
[0m
