Godot Engine v4.5.1.stable.official.f62fdbde1 - https://godotengine.org

ERROR: Condition "ret != noErr" is true. Returning: ""
   at: get_system_ca_certificates (platform/macos/os_macos.mm:991)
---  GUT  ---
[1m[INFO]:  [0musing [/Users/ryko/Library/Application Support/Godot/app_userdata/Story] for temporary output.
Godot version:  4.5.1
GUT version:  9.5.0
[4m

res://tests/test_garden_bearing_cap.gd
[0m* test_native_replacement_keeps_the_complete_garden_bearing_cap
[31m    [Failed]:  [0mA continuous native cap must join the room ceiling to the lawn wall
      at line 21
[31m    [Failed]:  [0mA continuous native cap must join the room ceiling to the lawn wall
      at line 21
[31m    [Failed]:  [0mA continuous native cap must join the room ceiling to the lawn wall
      at line 21
[31m    [Failed]:  [0mA continuous native cap must join the room ceiling to the lawn wall
      at line 21
[31m    [Failed]:  [0mA continuous native cap must join the room ceiling to the lawn wall
      at line 21
[31m    [Failed]:  [0mA continuous native cap must join the room ceiling to the lawn wall
      at line 21
[31m    [Failed]:  [0mA continuous native cap must join the room ceiling to the lawn wall
      at line 21
[31m    [Failed]:  [0mA continuous native cap must join the room ceiling to the lawn wall
      at line 21
[1m0/1 passed.
[0m



[33m==============================================
[0m[33m= Run Summary
[0m[33m==============================================
[0m[4m
res://tests/test_garden_bearing_cap.gd
[0m- test_native_replacement_keeps_the_complete_garden_bearing_cap
[31m    [Failed]:  [0mA continuous native cap must join the room ceiling to the lawn wall
          at line 21
[31m    [Failed]:  [0mA continuous native cap must join the room ceiling to the lawn wall
          at line 21
[31m    [Failed]:  [0mA continuous native cap must join the room ceiling to the lawn wall
          at line 21
[31m    [Failed]:  [0mA continuous native cap must join the room ceiling to the lawn wall
          at line 21
[31m    [Failed]:  [0mA continuous native cap must join the room ceiling to the lawn wall
          at line 21
[31m    [Failed]:  [0mA continuous native cap must join the room ceiling to the lawn wall
          at line 21
[31m    [Failed]:  [0mA continuous native cap must join the room ceiling to the lawn wall
          at line 21
[31m    [Failed]:  [0mA continuous native cap must join the room ceiling to the lawn wall
          at line 21

Totals
------
Scripts               1
Tests                 1
Passing Tests      none
Failing Tests         1
Asserts           18/26
Time              106.796s


[31m---- 1 failing tests ----
[0m
