Godot Engine v4.5.1.stable.official.f62fdbde1 - https://godotengine.org

ERROR: Condition "ret != noErr" is true. Returning: ""
   at: get_system_ca_certificates (platform/macos/os_macos.mm:991)
---  GUT  ---
[1m[INFO]:  [0musing [/Users/ryko/Library/Application Support/Godot/app_userdata/Story] for temporary output.
Godot version:  4.5.1
GUT version:  9.5.0
[4m

res://tests/test_court_canopy_proportion.gd
[0m* test_small_islands_keep_open_ground_while_large_islands_allow_markets
[31m    [Failed]:  [0mA canopy must not roof most of a small planting island
      at line 17
[31m    [Failed]:  [0mA canopy must not roof most of a small planting island
      at line 17
[31m    [Failed]:  [0mA canopy must not roof most of a small planting island
      at line 17
[31m    [Failed]:  [0mA canopy must not roof most of a small planting island
      at line 17
[1m0/1 passed.
[0m



[33m==============================================
[0m[33m= Run Summary
[0m[33m==============================================
[0m[4m
res://tests/test_court_canopy_proportion.gd
[0m- test_small_islands_keep_open_ground_while_large_islands_allow_markets
[31m    [Failed]:  [0mA canopy must not roof most of a small planting island
          at line 17
[31m    [Failed]:  [0mA canopy must not roof most of a small planting island
          at line 17
[31m    [Failed]:  [0mA canopy must not roof most of a small planting island
          at line 17
[31m    [Failed]:  [0mA canopy must not roof most of a small planting island
          at line 17

Totals
------
Scripts               1
Tests                 1
Passing Tests      none
Failing Tests         1
Asserts           25/29
Time              2.688s


[31m---- 1 failing tests ----
[0m
