Godot Engine v4.5.1.stable.official.f62fdbde1 - https://godotengine.org

ERROR: Condition "ret != noErr" is true. Returning: ""
   at: get_system_ca_certificates (platform/macos/os_macos.mm:991)
---  GUT  ---
[1m[INFO]:  [0musing [/Users/ryko/Library/Application Support/Godot/app_userdata/Story] for temporary output.
Godot version:  4.5.1
GUT version:  9.5.0
[4m

res://tests/test_courtyard_roof_envelope.gd
[0m* test_roof_cap_cannot_enter_reserved_square_above_slopes
* test_frozen_upper_court_has_no_roof_ridge_in_its_lawn
* test_clearance_encloses_authored_ridges_for_even_and_odd_roofs
[1m3/3 passed.
[0m



[33m==============================================
[0m[33m= Run Summary
[0m[33m==============================================
[0m
Totals
------
Scripts               1
Tests                 3
Passing Tests         3
Asserts              18
Time              24.748s


[32m---- All tests passed! ----
[0m
