Godot Engine v4.5.1.stable.official.f62fdbde1 - https://godotengine.org

ERROR: Condition "ret != noErr" is true. Returning: ""
   at: get_system_ca_certificates (platform/macos/os_macos.mm:991)
---  GUT  ---
[1m[INFO]:  [0musing [/Users/ryko/Library/Application Support/Godot/app_userdata/Story] for temporary output.
Godot version:  4.5.1
GUT version:  9.5.0
[4m

res://tests/test_october3_stepped_wings.gd
[0m* test_remote_wing_can_step_down_without_moving_abutted_skywalk_door
[31m    [Failed]:  [0mA remote wing may step down while the full bridge landing stays intact
      at line 170
[31m    [Failed]:  [0m[18] expected to be < than [18]:  
      at line 178
[31m    [Failed]:  [0mA remote wing may step down while the full bridge landing stays intact
      at line 170
[31m    [Failed]:  [0m[18] expected to be < than [18]:  
      at line 178
[31m    [Failed]:  [0mA remote wing may step down while the full bridge landing stays intact
      at line 170
[31m    [Failed]:  [0m[18] expected to be < than [18]:  
      at line 178
[31m    [Failed]:  [0mA remote wing may step down while the full bridge landing stays intact
      at line 170
[31m    [Failed]:  [0m[18] expected to be < than [18]:  
      at line 178
[31m    [Failed]:  [0mA remote wing may step down while the full bridge landing stays intact
      at line 170
[31m    [Failed]:  [0m[18] expected to be < than [18]:  
      at line 178
[31m    [Failed]:  [0mA remote wing may step down while the full bridge landing stays intact
      at line 170
[31m    [Failed]:  [0m[18] expected to be < than [18]:  
      at line 178
[31m    [Failed]:  [0mA remote wing may step down while the full bridge landing stays intact
      at line 170
[31m    [Failed]:  [0m[18] expected to be < than [18]:  
      at line 178
[31m    [Failed]:  [0mA remote wing may step down while the full bridge landing stays intact
      at line 170
[31m    [Failed]:  [0m[18] expected to be < than [18]:  
      at line 178
[31m    [Failed]:  [0mA remote wing may step down while the full bridge landing stays intact
      at line 170
[31m    [Failed]:  [0m[18] expected to be < than [18]:  
      at line 178
[31m    [Failed]:  [0mA remote wing may step down while the full bridge landing stays intact
      at line 170
[31m    [Failed]:  [0m[18] expected to be < than [18]:  
      at line 178
[31m    [Failed]:  [0mA remote wing may step down while the full bridge landing stays intact
      at line 170
[31m    [Failed]:  [0m[18] expected to be < than [18]:  
      at line 178
[31m    [Failed]:  [0mA remote wing may step down while the full bridge landing stays intact
      at line 170
[31m    [Failed]:  [0m[18] expected to be < than [18]:  
      at line 178
[1m0/1 passed.
[0m



[33m==============================================
[0m[33m= Run Summary
[0m[33m==============================================
[0m[4m
res://tests/test_october3_stepped_wings.gd
[0m- test_remote_wing_can_step_down_without_moving_abutted_skywalk_door
[31m    [Failed]:  [0mA remote wing may step down while the full bridge landing stays intact
          at line 170
[31m    [Failed]:  [0m[18] expected to be < than [18]:  
          at line 178
[31m    [Failed]:  [0mA remote wing may step down while the full bridge landing stays intact
          at line 170
[31m    [Failed]:  [0m[18] expected to be < than [18]:  
          at line 178
[31m    [Failed]:  [0mA remote wing may step down while the full bridge landing stays intact
          at line 170
[31m    [Failed]:  [0m[18] expected to be < than [18]:  
          at line 178
[31m    [Failed]:  [0mA remote wing may step down while the full bridge landing stays intact
          at line 170
[31m    [Failed]:  [0m[18] expected to be < than [18]:  
          at line 178
[31m    [Failed]:  [0mA remote wing may step down while the full bridge landing stays intact
          at line 170
[31m    [Failed]:  [0m[18] expected to be < than [18]:  
          at line 178
[31m    [Failed]:  [0mA remote wing may step down while the full bridge landing stays intact
          at line 170
[31m    [Failed]:  [0m[18] expected to be < than [18]:  
          at line 178
[31m    [Failed]:  [0mA remote wing may step down while the full bridge landing stays intact
          at line 170
[31m    [Failed]:  [0m[18] expected to be < than [18]:  
          at line 178
[31m    [Failed]:  [0mA remote wing may step down while the full bridge landing stays intact
          at line 170
[31m    [Failed]:  [0m[18] expected to be < than [18]:  
          at line 178
[31m    [Failed]:  [0mA remote wing may step down while the full bridge landing stays intact
          at line 170
[31m    [Failed]:  [0m[18] expected to be < than [18]:  
          at line 178
[31m    [Failed]:  [0mA remote wing may step down while the full bridge landing stays intact
          at line 170
[31m    [Failed]:  [0m[18] expected to be < than [18]:  
          at line 178
[31m    [Failed]:  [0mA remote wing may step down while the full bridge landing stays intact
          at line 170
[31m    [Failed]:  [0m[18] expected to be < than [18]:  
          at line 178
[31m    [Failed]:  [0mA remote wing may step down while the full bridge landing stays intact
          at line 170
[31m    [Failed]:  [0m[18] expected to be < than [18]:  
          at line 178

Totals
------
Scripts               1
Tests                 1
Passing Tests      none
Failing Tests         1
Asserts           288/312
Time              0.414s


Ran Tests matching "test_remote_wing"
[31m---- 1 failing tests ----
[0m
