Godot Engine v4.5.1.stable.official.f62fdbde1 - https://godotengine.org

ERROR: Condition "ret != noErr" is true. Returning: ""
   at: get_system_ca_certificates (platform/macos/os_macos.mm:991)
---  GUT  ---
[1m[INFO]:  [0musing [/Users/ryko/Library/Application Support/Godot/app_userdata/Story] for temporary output.
Godot version:  4.5.1
GUT version:  9.5.0
[4m

res://tests/test_october3_stepped_wings.gd
[0m* test_skywalk_host_in_finished_town_keeps_a_lower_corner_wing
[31m    [Failed]:  [0mThe addressed bridge house must retain a varied primary silhouette
      at line 190
[31m    [Failed]:  [0mIts lower inhabited corner remains roofed
      at line 192
[1m0/1 passed.
[0m



[33m==============================================
[0m[33m= Run Summary
[0m[33m==============================================
[0m[4m
res://tests/test_october3_stepped_wings.gd
[0m- test_skywalk_host_in_finished_town_keeps_a_lower_corner_wing
[31m    [Failed]:  [0mThe addressed bridge house must retain a varied primary silhouette
          at line 190
[31m    [Failed]:  [0mIts lower inhabited corner remains roofed
          at line 192

Totals
------
Scripts               1
Tests                 1
Passing Tests      none
Failing Tests         1
Asserts             5/7
Time              25.644s


Ran Tests matching "test_skywalk_host_in_finished"
[31m---- 1 failing tests ----
[0m
