Godot Engine v4.5.1.stable.official.f62fdbde1 - https://godotengine.org

---  GUT  ---
[1m[INFO]:  [0musing [/Users/ryko/Library/Application Support/Godot/app_userdata/Story] for temporary output.
Godot version:  4.5.1
GUT version:  9.5.0
[4m

res://tests/test_town_architecture.gd
[0m* test_lot_houses_have_compound_and_changing_floorplates
* test_all_frontages_keep_a_door_and_connected_rooms
* test_balconies_and_roof_crowns_have_native_collision
[31m    [Failed]:  [0mnative surface missing at (151.0, 9.0, 1.0)
      at line 76
* test_large_projections_have_corner_posts_and_long_balconies
* test_cross_gable_ridges_fit_below_their_host_roof
* test_roof_finishes_use_wood_colour_and_board_normals
* test_narrow_lots_keep_a_low_roof_along_the_long_axis
* test_each_balcony_component_has_its_own_house_door
[1m7/8 passed.
[0m[4m

res://tests/test_building_kit.gd
[0m* test_every_suntail_role_resolves_to_a_catalog_asset
* test_world_frame_realizes_the_kit_metric
* test_house_one_replica_matches_the_source_prefab_inventory
* test_house_one_replica_places_the_ridge_top_where_the_prefab_does
* test_assembly_is_deterministic
* test_blocked_roof_turns_its_ridge_then_becomes_a_terrace
* test_jetty_insets_every_wall_by_half_a_module
* test_kit_town_replaces_every_building_room_unit
[1m8/8 passed.
[0m[4m

res://tests/test_september10_hamlets.gd
[0m* test_default_population_includes_tiny_ground_settlements
* test_small_square_has_complete_supported_houses_and_central_focus
* test_crossroads_keep_all_real_road_handoffs_clear
* test_canonical_records_publish_tiny_houses_without_a_second_outskirts_pass
* test_distant_roads_do_not_enlarge_a_tiny_square
[1m5/5 passed.
[0m[4m

res://tests/test_environment_bake_geometry.gd
[0m* test_owned_horizontal_interface_retains_wall_sides_and_authored_channels
* test_declared_wall_interface_tolerance_preserves_imported_source_coordinates
* test_diagonal_corner_cut_preserves_channels_and_stays_inside_source
* test_merge_bakes_transforms_and_combines_shared_material_surfaces
* test_merge_keeps_distinct_materials_as_distinct_surfaces
* test_merge_can_exclude_a_reviewed_source_mesh_by_stable_path
* test_building_trimesh_uses_the_complete_merged_triangle_soup
* test_axis_clip_keeps_authored_outer_end_and_opens_exact_party_seam
* test_axis_mirror_reflects_joinery_without_a_negative_runtime_scale
* test_ground_contacts_follow_disjoint_feet_not_the_full_visual_bounds
* test_ramp_box_encodes_slope_in_rotation_not_nonuniform_transform_scale
* test_resource_gates_report_the_exact_exceeded_metric
* test_merge_preserves_unindexed_cap_after_indexed_surface_with_same_material
* test_declared_hinge_pose_preserves_native_mesh_and_parent_transform
[1m14/14 passed.
[0m



[33m==============================================
[0m[33m= Run Summary
[0m[33m==============================================
[0m[4m
res://tests/test_town_architecture.gd
[0m- test_balconies_and_roof_crowns_have_native_collision
[31m    [Failed]:  [0mnative surface missing at (151.0, 9.0, 1.0)
          at line 76

Totals
------
Scripts               4
Tests                35
Passing Tests        34
Failing Tests         1
Asserts           3411/3412
Time              39.032s


[31m---- 1 failing tests ----
[0m
