Godot Engine v4.5.1.stable.official.f62fdbde1 - https://godotengine.org

---  GUT  ---
[1m[INFO]:  [0musing [/Users/ryko/Library/Application Support/Godot/app_userdata/Story] for temporary output.
Godot version:  4.5.1
GUT version:  9.5.0
[4m

res://tests/test_town_architecture.gd
[0m* test_lot_houses_have_compound_and_changing_floorplates
* test_all_frontages_keep_a_door_and_connected_rooms
* test_balconies_and_roof_crowns_have_native_collision
* test_large_projections_have_corner_posts_and_long_balconies
[31m    [Failed]:  [0m[0] expected to be > than [0]:  large projecting rooms need visible corner bearing
      at line 105
[31m    [Failed]:  [0m[0] expected to be > than [0]:  large projecting rooms need visible corner bearing
      at line 105
[31m    [Failed]:  [0m[0] expected to be > than [0]:  large projecting rooms need visible corner bearing
      at line 105
[31m    [Failed]:  [0m[0] expected to be > than [0]:  large projecting rooms need visible corner bearing
      at line 105
[31m    [Failed]:  [0m[0] expected to be > than [0]:  large projecting rooms need visible corner bearing
      at line 105
[31m    [Failed]:  [0m[0] expected to be > than [0]:  large projecting rooms need visible corner bearing
      at line 105
[31m    [Failed]:  [0m[0] expected to be > than [0]:  large projecting rooms need visible corner bearing
      at line 105
[31m    [Failed]:  [0m[0] expected to be > than [0]:  large projecting rooms need visible corner bearing
      at line 105
[31m    [Failed]:  [0m[0] expected to be > than [0]:  large projecting rooms need visible corner bearing
      at line 105
[31m    [Failed]:  [0m[0] expected to be > than [0]:  large projecting rooms need visible corner bearing
      at line 105
[31m    [Failed]:  [0m[0] expected to be > than [0]:  large projecting rooms need visible corner bearing
      at line 105
[31m    [Failed]:  [0m[0] expected to be > than [0]:  large projecting rooms need visible corner bearing
      at line 105
[31m    [Failed]:  [0m[0] expected to be > than [0]:  large projecting rooms need visible corner bearing
      at line 105
[31m    [Failed]:  [0m[0] expected to be > than [0]:  large projecting rooms need visible corner bearing
      at line 105
[31m    [Failed]:  [0m[0] expected to be > than [0]:  large projecting rooms need visible corner bearing
      at line 105
[31m    [Failed]:  [0m[0] expected to be > than [0]:  large projecting rooms need visible corner bearing
      at line 105
[31m    [Failed]:  [0m[32] expected to be > than [40]:  balconies should commonly span several cells
      at line 106
[31m    [Failed]:  [0m[16] expected to be > than [20]:  projecting wings should span several cells
      at line 107
* test_cross_gable_ridges_fit_below_their_host_roof
* test_roof_finishes_use_wood_colour_and_board_normals
* test_narrow_lots_keep_a_low_roof_along_the_long_axis
[1m6/7 passed.
[0m



[33m==============================================
[0m[33m= Run Summary
[0m[33m==============================================
[0m[4m
res://tests/test_town_architecture.gd
[0m- test_large_projections_have_corner_posts_and_long_balconies
[31m    [Failed]:  [0m[0] expected to be > than [0]:  large projecting rooms need visible corner bearing
          at line 105
[31m    [Failed]:  [0m[0] expected to be > than [0]:  large projecting rooms need visible corner bearing
          at line 105
[31m    [Failed]:  [0m[0] expected to be > than [0]:  large projecting rooms need visible corner bearing
          at line 105
[31m    [Failed]:  [0m[0] expected to be > than [0]:  large projecting rooms need visible corner bearing
          at line 105
[31m    [Failed]:  [0m[0] expected to be > than [0]:  large projecting rooms need visible corner bearing
          at line 105
[31m    [Failed]:  [0m[0] expected to be > than [0]:  large projecting rooms need visible corner bearing
          at line 105
[31m    [Failed]:  [0m[0] expected to be > than [0]:  large projecting rooms need visible corner bearing
          at line 105
[31m    [Failed]:  [0m[0] expected to be > than [0]:  large projecting rooms need visible corner bearing
          at line 105
[31m    [Failed]:  [0m[0] expected to be > than [0]:  large projecting rooms need visible corner bearing
          at line 105
[31m    [Failed]:  [0m[0] expected to be > than [0]:  large projecting rooms need visible corner bearing
          at line 105
[31m    [Failed]:  [0m[0] expected to be > than [0]:  large projecting rooms need visible corner bearing
          at line 105
[31m    [Failed]:  [0m[0] expected to be > than [0]:  large projecting rooms need visible corner bearing
          at line 105
[31m    [Failed]:  [0m[0] expected to be > than [0]:  large projecting rooms need visible corner bearing
          at line 105
[31m    [Failed]:  [0m[0] expected to be > than [0]:  large projecting rooms need visible corner bearing
          at line 105
[31m    [Failed]:  [0m[0] expected to be > than [0]:  large projecting rooms need visible corner bearing
          at line 105
[31m    [Failed]:  [0m[0] expected to be > than [0]:  large projecting rooms need visible corner bearing
          at line 105
[31m    [Failed]:  [0m[32] expected to be > than [40]:  balconies should commonly span several cells
          at line 106
[31m    [Failed]:  [0m[16] expected to be > than [20]:  projecting wings should span several cells
          at line 107

Totals
------
Scripts               1
Tests                 7
Passing Tests         6
Failing Tests         1
Asserts           1810/1828
Time              3.348s


[31m---- 1 failing tests ----
[0m
