Godot Engine v4.5.1.stable.official.f62fdbde1 - https://godotengine.org

---  GUT  ---
[1m[INFO]:  [0musing [/Users/ryko/Library/Application Support/Godot/app_userdata/Story] for temporary output.
Godot version:  4.5.1
GUT version:  9.5.0
[4m

res://tests/test_loggia_roofed_wings.gd
[0m* test_loggias_preserve_complete_lower_roofed_wings
[31m    [Failed]:  [0mARRAY([[2, 5, [P: (0, 0), S: (2, 1)]], [2, 5, [P: (0, 1), S: (1, 1)]], [2, 6, [P: (0, 0), ...(1, 1)]]]) != ARRAY([]).
    [[2, 5, [P: (0, 0), S: (2, 1)]], [2, 5, ... (1, 1)]]] != []  69 of 69 indexes do not match.  Recesses must not leave a one-module roof strip: [[2, 5, [P: (0, 0), S: (2, 1)]], [2, 5, [P: (0, 1), S: (1, 1)]], [2, 6, [P: (0, 0), S: (1, 2)]], [2, 6, [P: (1, 1), S: (1, 1)]], [2, 7, [P: (0, 0), S: (1, 2)]], [2, 7, [P: (1, 1), S: (1, 1)]], [2, 8, [P: (0, 0), S: (2, 1)]], [2, 8, [P: (0, 1), S: (1, 1)]], [2, 9, [P: (0, 0), S: (2, 1)]], [2, 9, [P: (0, 1), S: (1, 1)]], [2, 10, [P: (0, 0), S: (2, 1)]], [2, 10, [P: (0, 1), S: (1, 1)]], [2, 11, [P: (0, 0), S: (2, 1)]], [2, 11, [P: (0, 1), S: (1, 1)]], [2, 13, [P: (0, 0), S: (2, 1)]], [2, 13, [P: (0, 1), S: (1, 1)]], [2, 14, [P: (0, 0), S: (2, 1)]], [2, 14, [P: (0, 1), S: (1, 1)]], [2, 16, [P: (0, 0), S: (2, 1)]], [2, 16, [P: (0, 1), S: (1, 1)]], [2, 17, [P: (0, 0), S: (1, 2)]], [2, 17, [P: (1, 1), S: (1, 1)]], [2, 18, [P: (0, 0), S: (1, 2)]], [2, 18, [P: (1, 1), S: (1, 1)]], [2, 19, [P: (0, 0), S: (1, 2)]], [2, 19, [P: (1, 1), S: (1, 1)]], [2, 21, [P: (0, 0), S: (2, 1)]], [2, 21, [P: (0, 1), S: (1, 1)]], [2, 22, [P: (0, 0), S: (2, 1)]], [2, 22, [P: (0, 1), S: (1, 1)]], [3, 0, [P: (2, 0), S: (1, 1)]], [3, 1, [P: (2, 0), S: (1, 1)]], [3, 2, [P: (2, 0), S: (1, 1)]], [3, 3, [P: (2, 0), S: (1, 1)]], [3, 4, [P: (2, 1), S: (1, 1)]], [3, 5, [P: (0, 0), S: (3, 1)]], [3, 5, [P: (0, 1), S: (1, 1)]], [3, 6, [P: (0, 1), S: (3, 1)]], [3, 6, [P: (0, 0), S: (1, 1)]], [3, 7, [P: (0, 1), S: (3, 1)]], [3, 7, [P: (0, 0), S: (1, 1)]], [3, 8, [P: (0, 0), S: (3, 1)]], [3, 8, [P: (0, 1), S: (1, 1)]], [3, 9, [P: (0, 0), S: (3, 1)]], [3, 9, [P: (0, 1), S: (1, 1)]], [3, 10, [P: (0, 0), S: (3, 1)]], [3, 10, [P: (0, 1), S: (1, 1)]], [3, 11, [P: (0, 0), S: (3, 1)]], [3, 11, [P: (0, 1), S: (1, 1)]], [3, 12, [P: (2, 1), S: (1, 1)]], [3, 13, [P: (0, 0), S: (3, 1)]], [3, 13, [P: (0, 1), S: (1, 1)]], [3, 14, [P: (0, 0), S: (3, 1)]], [3, 14, [P: (0, 1), S: (1, 1)]], [3, 15, [P: (2, 0), S: (1, 1)]], [3, 16, [P: (0, 0), S: (3, 1)]], [3, 16, [P: (0, 1), S: (1, 1)]], [3, 17, [P: (0, 1), S: (3, 1)]], [3, 17, [P: (0, 0), S: (1, 1)]], [3, 18, [P: (0, 1), S: (3, 1)]], [3, 18, [P: (0, 0), S: (1, 1)]], [3, 19, [P: (0, 1), S: (3, 1)]], [3, 19, [P: (0, 0), S: (1, 1)]], [3, 20, [P: (2, 0), S: (1, 1)]], [3, 21, [P: (0, 0), S: (3, 1)]], [3, 21, [P: (0, 1), S: (1, 1)]], [3, 22, [P: (0, 0), S: (3, 1)]], [3, 22, [P: (0, 1), S: (1, 1)]], [3, 23, [P: (2, 0), S: (1, 1)]]]
      at line 26
* test_broad_roofed_wing_can_still_receive_a_recess
[31m    [Failed]:  [0mAn L crown with two complete two-module arms remains roofable
      at line 34
[1m0/2 passed.
[0m[4m

res://tests/test_october3_street_loggias.gd
[0m* test_recesses_face_street_air_without_occupying_it
[31m    [Failed]:  [0m[1] expected to be >= than [2]:  Street-facing buildings need depth at several levels
      at line 28
* test_narrow_house_keeps_a_complete_crown_over_its_lower_loggia
[1m1/2 passed.
[0m



[33m==============================================
[0m[33m= Run Summary
[0m[33m==============================================
[0m[4m
res://tests/test_loggia_roofed_wings.gd
[0m- test_loggias_preserve_complete_lower_roofed_wings
[31m    [Failed]:  [0mARRAY([[2, 5, [P: (0, 0), S: (2, 1)]], [2, 5, [P: (0, 1), S: (1, 1)]], [2, 6, [P: (0, 0), ...(1, 1)]]]) != ARRAY([]).
    [[2, 5, [P: (0, 0), S: (2, 1)]], [2, 5, ... (1, 1)]]] != []  69 of 69 indexes do not match.  Recesses must not leave a one-module roof strip: [[2, 5, [P: (0, 0), S: (2, 1)]], [2, 5, [P: (0, 1), S: (1, 1)]], [2, 6, [P: (0, 0), S: (1, 2)]], [2, 6, [P: (1, 1), S: (1, 1)]], [2, 7, [P: (0, 0), S: (1, 2)]], [2, 7, [P: (1, 1), S: (1, 1)]], [2, 8, [P: (0, 0), S: (2, 1)]], [2, 8, [P: (0, 1), S: (1, 1)]], [2, 9, [P: (0, 0), S: (2, 1)]], [2, 9, [P: (0, 1), S: (1, 1)]], [2, 10, [P: (0, 0), S: (2, 1)]], [2, 10, [P: (0, 1), S: (1, 1)]], [2, 11, [P: (0, 0), S: (2, 1)]], [2, 11, [P: (0, 1), S: (1, 1)]], [2, 13, [P: (0, 0), S: (2, 1)]], [2, 13, [P: (0, 1), S: (1, 1)]], [2, 14, [P: (0, 0), S: (2, 1)]], [2, 14, [P: (0, 1), S: (1, 1)]], [2, 16, [P: (0, 0), S: (2, 1)]], [2, 16, [P: (0, 1), S: (1, 1)]], [2, 17, [P: (0, 0), S: (1, 2)]], [2, 17, [P: (1, 1), S: (1, 1)]], [2, 18, [P: (0, 0), S: (1, 2)]], [2, 18, [P: (1, 1), S: (1, 1)]], [2, 19, [P: (0, 0), S: (1, 2)]], [2, 19, [P: (1, 1), S: (1, 1)]], [2, 21, [P: (0, 0), S: (2, 1)]], [2, 21, [P: (0, 1), S: (1, 1)]], [2, 22, [P: (0, 0), S: (2, 1)]], [2, 22, [P: (0, 1), S: (1, 1)]], [3, 0, [P: (2, 0), S: (1, 1)]], [3, 1, [P: (2, 0), S: (1, 1)]], [3, 2, [P: (2, 0), S: (1, 1)]], [3, 3, [P: (2, 0), S: (1, 1)]], [3, 4, [P: (2, 1), S: (1, 1)]], [3, 5, [P: (0, 0), S: (3, 1)]], [3, 5, [P: (0, 1), S: (1, 1)]], [3, 6, [P: (0, 1), S: (3, 1)]], [3, 6, [P: (0, 0), S: (1, 1)]], [3, 7, [P: (0, 1), S: (3, 1)]], [3, 7, [P: (0, 0), S: (1, 1)]], [3, 8, [P: (0, 0), S: (3, 1)]], [3, 8, [P: (0, 1), S: (1, 1)]], [3, 9, [P: (0, 0), S: (3, 1)]], [3, 9, [P: (0, 1), S: (1, 1)]], [3, 10, [P: (0, 0), S: (3, 1)]], [3, 10, [P: (0, 1), S: (1, 1)]], [3, 11, [P: (0, 0), S: (3, 1)]], [3, 11, [P: (0, 1), S: (1, 1)]], [3, 12, [P: (2, 1), S: (1, 1)]], [3, 13, [P: (0, 0), S: (3, 1)]], [3, 13, [P: (0, 1), S: (1, 1)]], [3, 14, [P: (0, 0), S: (3, 1)]], [3, 14, [P: (0, 1), S: (1, 1)]], [3, 15, [P: (2, 0), S: (1, 1)]], [3, 16, [P: (0, 0), S: (3, 1)]], [3, 16, [P: (0, 1), S: (1, 1)]], [3, 17, [P: (0, 1), S: (3, 1)]], [3, 17, [P: (0, 0), S: (1, 1)]], [3, 18, [P: (0, 1), S: (3, 1)]], [3, 18, [P: (0, 0), S: (1, 1)]], [3, 19, [P: (0, 1), S: (3, 1)]], [3, 19, [P: (0, 0), S: (1, 1)]], [3, 20, [P: (2, 0), S: (1, 1)]], [3, 21, [P: (0, 0), S: (3, 1)]], [3, 21, [P: (0, 1), S: (1, 1)]], [3, 22, [P: (0, 0), S: (3, 1)]], [3, 22, [P: (0, 1), S: (1, 1)]], [3, 23, [P: (2, 0), S: (1, 1)]]]
          at line 26
- test_broad_roofed_wing_can_still_receive_a_recess
[31m    [Failed]:  [0mAn L crown with two complete two-module arms remains roofable
          at line 34
[4m
res://tests/test_october3_street_loggias.gd
[0m- test_recesses_face_street_air_without_occupying_it
[31m    [Failed]:  [0m[1] expected to be >= than [2]:  Street-facing buildings need depth at several levels
          at line 28

Totals
------
Scripts               2
Tests                 4
Passing Tests         1
Failing Tests         3
Asserts           112/115
Time              0.389s


[31m---- 3 failing tests ----
[0m
