Godot Engine v4.5.1.stable.official.f62fdbde1 - https://godotengine.org

ERROR: Condition "ret != noErr" is true. Returning: ""
   at: get_system_ca_certificates (platform/macos/os_macos.mm:991)
---  GUT  ---
[1m[INFO]:  [0musing [/Users/ryko/Library/Application Support/Godot/app_userdata/Story] for temporary output.
Godot version:  4.5.1
GUT version:  9.5.0
[4m

res://tests/test_loggia_roofed_wings.gd
[0m* test_loggias_preserve_complete_lower_roofed_wings
[31m    [Failed]:  [0mARRAY([[5, [P: (0, 0), S: (2, 1)]], [5, [P: (0, 1), S: (1, 1)]], [6, [P: (0, 0), S: (1, 2)...(1, 1)]]]) != ARRAY([]).
    [[5, [P: (0, 0), S: (2, 1)]], [5, [P: (0... (1, 1)]]] != []  30 of 30 indexes do not match.  Recesses must not leave a one-module roof strip: [[5, [P: (0, 0), S: (2, 1)]], [5, [P: (0, 1), S: (1, 1)]], [6, [P: (0, 0), S: (1, 2)]], [6, [P: (1, 1), S: (1, 1)]], [7, [P: (0, 0), S: (1, 2)]], [7, [P: (1, 1), S: (1, 1)]], [8, [P: (0, 0), S: (2, 1)]], [8, [P: (0, 1), S: (1, 1)]], [9, [P: (0, 0), S: (2, 1)]], [9, [P: (0, 1), S: (1, 1)]], [10, [P: (0, 0), S: (2, 1)]], [10, [P: (0, 1), S: (1, 1)]], [11, [P: (0, 0), S: (2, 1)]], [11, [P: (0, 1), S: (1, 1)]], [13, [P: (0, 0), S: (2, 1)]], [13, [P: (0, 1), S: (1, 1)]], [14, [P: (0, 0), S: (2, 1)]], [14, [P: (0, 1), S: (1, 1)]], [16, [P: (0, 0), S: (2, 1)]], [16, [P: (0, 1), S: (1, 1)]], [17, [P: (0, 0), S: (1, 2)]], [17, [P: (1, 1), S: (1, 1)]], [18, [P: (0, 0), S: (1, 2)]], [18, [P: (1, 1), S: (1, 1)]], [19, [P: (0, 0), S: (1, 2)]], [19, [P: (1, 1), S: (1, 1)]], [21, [P: (0, 0), S: (2, 1)]], [21, [P: (0, 1), S: (1, 1)]], [22, [P: (0, 0), S: (2, 1)]], [22, [P: (0, 1), S: (1, 1)]]]
      at line 24
[1m0/1 passed.
[0m



[33m==============================================
[0m[33m= Run Summary
[0m[33m==============================================
[0m[4m
res://tests/test_loggia_roofed_wings.gd
[0m- test_loggias_preserve_complete_lower_roofed_wings
[31m    [Failed]:  [0mARRAY([[5, [P: (0, 0), S: (2, 1)]], [5, [P: (0, 1), S: (1, 1)]], [6, [P: (0, 0), S: (1, 2)...(1, 1)]]]) != ARRAY([]).
    [[5, [P: (0, 0), S: (2, 1)]], [5, [P: (0... (1, 1)]]] != []  30 of 30 indexes do not match.  Recesses must not leave a one-module roof strip: [[5, [P: (0, 0), S: (2, 1)]], [5, [P: (0, 1), S: (1, 1)]], [6, [P: (0, 0), S: (1, 2)]], [6, [P: (1, 1), S: (1, 1)]], [7, [P: (0, 0), S: (1, 2)]], [7, [P: (1, 1), S: (1, 1)]], [8, [P: (0, 0), S: (2, 1)]], [8, [P: (0, 1), S: (1, 1)]], [9, [P: (0, 0), S: (2, 1)]], [9, [P: (0, 1), S: (1, 1)]], [10, [P: (0, 0), S: (2, 1)]], [10, [P: (0, 1), S: (1, 1)]], [11, [P: (0, 0), S: (2, 1)]], [11, [P: (0, 1), S: (1, 1)]], [13, [P: (0, 0), S: (2, 1)]], [13, [P: (0, 1), S: (1, 1)]], [14, [P: (0, 0), S: (2, 1)]], [14, [P: (0, 1), S: (1, 1)]], [16, [P: (0, 0), S: (2, 1)]], [16, [P: (0, 1), S: (1, 1)]], [17, [P: (0, 0), S: (1, 2)]], [17, [P: (1, 1), S: (1, 1)]], [18, [P: (0, 0), S: (1, 2)]], [18, [P: (1, 1), S: (1, 1)]], [19, [P: (0, 0), S: (1, 2)]], [19, [P: (1, 1), S: (1, 1)]], [21, [P: (0, 0), S: (2, 1)]], [21, [P: (0, 1), S: (1, 1)]], [22, [P: (0, 0), S: (2, 1)]], [22, [P: (0, 1), S: (1, 1)]]]
          at line 24

Totals
------
Scripts               1
Tests                 1
Passing Tests      none
Failing Tests         1
Asserts             1/2
Time              0.38s


[31m---- 1 failing tests ----
[0m
