Godot Engine v4.5.1.stable.official.f62fdbde1 - https://godotengine.org

ERROR: Condition "ret != noErr" is true. Returning: ""
   at: get_system_ca_certificates (platform/macos/os_macos.mm:991)
---  GUT  ---
[1m[INFO]:  [0musing [/Users/ryko/Library/Application Support/Godot/app_userdata/Story] for temporary output.
Godot version:  4.5.1
GUT version:  9.5.0
[4m

res://tests/test_irregular_court_planting.gd
[0m* test_tree_can_use_an_l_shaped_bed_without_occupying_the_door_approach
[31m    [Failed]:  [0mThe doorway notch must not discard a tree whose measured roots fit
      at line 11
[1m0/1 passed.
[0m



[33m==============================================
[0m[33m= Run Summary
[0m[33m==============================================
[0m[4m
res://tests/test_irregular_court_planting.gd
[0m- test_tree_can_use_an_l_shaped_bed_without_occupying_the_door_approach
[31m    [Failed]:  [0mThe doorway notch must not discard a tree whose measured roots fit
          at line 11

Totals
------
Scripts               1
Tests                 1
Passing Tests      none
Failing Tests         1
Asserts             0/1
Time              1.68s


[31m---- 1 failing tests ----
[0m
