Godot Engine v4.5.1.stable.official.f62fdbde1 - https://godotengine.org

ERROR: Condition "ret != noErr" is true. Returning: ""
   at: get_system_ca_certificates (platform/macos/os_macos.mm:991)
---  GUT  ---
[1m[INFO]:  [0musing [/Users/ryko/Library/Application Support/Godot/app_userdata/Story] for temporary output.
Godot version:  4.5.1
GUT version:  9.5.0
[4m

res://tests/test_october3_street_canopy.gd
[0m* test_native_court_tree_shades_the_walk_without_colliding_with_it
STEPPED_HOUSES [{ "id": &"kit.spatial.parcel.maze.bridge.03.end.0.lower", "at": (2.25, 15.0, 6.75), "reach": 32.0 }]
ROOF_AUDIT { "clipped": 229, "removed": 25, "chimneys": { "moved": 0, "omitted": 0, "checked": 5 }, "towers": { "corner_attempts": 16, "corner_bearing_rejected": 16, "corner_bearing_example": "kit.spatial.parcel.maze.bridge.03.end.0.lower / (1, 7, 8) / base 8", "corner_no_bearing_or_space": 16, "attempts": 44, "accepted": 0 }, "facade_bays": 0, "room_projections": 0, "retaining_relief": 7, "retaining_flight_joints": 8, "retaining_windows": 23, "fortified_windows": 49, "retaining_recesses": 54, "decor_clearance": { &"fort.block": 198, &"window_box": 22, &"prop.doorstep": 20 }, "fitted_window_boxes": 8, "joins": 8, "parallel_joins": 0, "fitted_eaves": 0, "dormers": { "moved": 0, "omitted": 0, "checked": 10 }, "seated_balcony_brackets": 0, "roof_blocked_windows": 74, "roof_fitted_windows": 9 }
[31m    [Failed]:  [0mseed 43 has no preliminary court tree
      at line 46
[31m    [Failed]:  [0mseed 8 has no preliminary court tree
      at line 46
STEPPED_HOUSES [{ "id": &"kit.spatial.parcel.maze.house.005", "at": (12.75, 10.5, 3.75), "reach": 8.0 }, { "id": &"kit.spatial.parcel.maze.house.007", "at": (-8.25, 16.5, -0.75), "reach": 16.0 }, { "id": &"kit.spatial.parcel.maze.house.008", "at": (-2.25, 13.5, -8.25), "reach": 24.0 }, { "id": &"kit.spatial.parcel.maze.house.013", "at": (-3.75, 3.0, -8.25), "reach": 16.0 }, { "id": &"kit.spatial.parcel.maze.house.015", "at": (5.25, 3.0, -12.75), "reach": 16.0 }, { "id": &"kit.spatial.parcel.maze.house.017", "at": (-3.75, 3.0, -14.25), "reach": 16.0 }]
ROOF_AUDIT { "clipped": 337, "removed": 97, "chimneys": { "moved": 0, "omitted": 0, "checked": 4 }, "towers": { "corner_attempts": 101, "corner_reservation_rejected": 26, "corner_reservation_example": "kit.spatial.parcel.maze.house.wall-room.000 / (-8, 2, 5) / base 0", "corner_no_bearing_or_space": 91, "attempts": 116, "corner_bearing_rejected": 41, "corner_bearing_example": "kit.spatial.parcel.maze.house.037 / (-9, 5, 1) / base 6", "corner_supported": 6, "corbel_corner_accepted": 4, "corner_accepted": 5, "corner_join_quadrants": 4, "corner_quadrant_counts": { 3: 1, 2: 1, 4: 1, 0: 1 }, "corner_quadrant_examples": [{ "host": &"kit.spatial.parcel.maze.house.015", "corner": (4, -8), "base": 0, "top": 2, "band": 0, "occupied": [(-1, -1), (-1, 0), (0, 0)] }, { "host": &"kit.spatial.parcel.maze.house.015", "corner": (2, -8), "base": 0, "top": 2, "band": 0, "occupied": [(0, -1), (0, 0)] }, { "host": &"kit.spatial.parcel.maze.house.031", "corner": (12, 3), "base": 1, "top": 7, "band": 1, "occupied": [(-1, -1), (-1, 0), (0, -1), (0, 0)] }, { "host": &"kit.spatial.parcel.maze.house.wall-room.000", "corner": (-8, 8), "base": 0, "top": 4, "band": 0, "occupied": [] }], "corner_no_host_join": 4, "corner_public_blocked": 1, "accepted": 5 }, "facade_bays": 4, "room_projections": 5, "retaining_relief": 8, "retaining_flight_joints": 22, "retaining_windows": 34, "fortified_windows": 0, "retaining_recesses": 12, "decor_clearance": { &"window_box": 35, &"prop.doorstep": 21 }, "fitted_window_boxes": 57, "joins": 2, "parallel_joins": 0, "fitted_eaves": 5, "dormers": { "moved": 0, "omitted": 0, "checked": 7 }, "seated_balcony_brackets": 0, "roof_blocked_windows": 106, "roof_fitted_windows": 37 }
[1m0/1 passed.
[0m



[33m==============================================
[0m[33m= Run Summary
[0m[33m==============================================
[0m[4m
res://tests/test_october3_street_canopy.gd
[0m- test_native_court_tree_shades_the_walk_without_colliding_with_it
[31m    [Failed]:  [0mseed 43 has no preliminary court tree
          at line 46
[31m    [Failed]:  [0mseed 8 has no preliminary court tree
          at line 46

Totals
------
Scripts               1
Tests                 1
Passing Tests      none
Failing Tests         1
Asserts           8172/8174
Time              82.173s


Ran Tests matching "test_native_court_tree"
[31m---- 1 failing tests ----
[0m
