Godot Engine v4.5.1.stable.official.f62fdbde1 - https://godotengine.org

ROOF_AUDIT { "clipped": 645, "removed": 2, "joins": 20 }
CEILING_PLAN (2, 5, 0) roof=8 source=false grid=0 retained=false
MISSING_CEILING 1 (2, 5, 0)
CEILING_PLAN (2, 5, 1) roof=8 source=false grid=0 retained=false
BLOCKED 1 (2, 5, 1) (12.0, 12.98548, 6.0) kit_spatial_parcel_maze_house_002_k0029_union_0_0_1934
BLOCKED 1 (2, 5, 1) (12.0, 12.4495, 7.5) kit_spatial_parcel_maze_house_002_k0014_union_0_1_1914
BLOCKED 1 (2, 5, 1) (12.0, 12.98548, 9.0) kit_spatial_parcel_maze_house_002_k0014_union_0_1_1914
MISSING_CEILING 1 (2, 5, 1)
CEILING_PLAN (0, 0, -2) roof=3 source=true grid=5 retained=false
MISSING_CEILING 1 (0, 0, -2)
PASSAGES 1 count=3
ROOF_AUDIT { "clipped": 545, "removed": 16, "joins": 15 }
CEILING_PLAN (0, 0, 4) roof=3 source=true grid=5 retained=false
MISSING_CEILING 7 (0, 0, 4)
PASSAGES 7 count=1
ROOF_AUDIT { "clipped": 396, "removed": 21, "joins": 11 }
CEILING_PLAN (2, 0, 0) roof=3 source=true grid=5 retained=false
MISSING_CEILING 8 (2, 0, 0)
PASSAGES 8 count=1
ROOF_AUDIT { "clipped": 509, "removed": 8, "joins": 17 }
CEILING_PLAN (5, 0, -1) roof=3 source=true grid=5 retained=true
CEILING_PLAN (5, 0, -2) roof=3 source=true grid=5 retained=false
MISSING_CEILING 9 (5, 0, -2)
PASSAGES 9 count=2
PASSAGE_COLLISION checked=63 blocked=9
