Godot Engine v4.5.1.stable.official.f62fdbde1 - https://godotengine.org

---  GUT  ---
[INFO]:  using [/Users/ryko/Library/Application Support/Godot/app_userdata/Story] for temporary output.
Godot version:  4.5.1
GUT version:  9.5.0


res://tests/test_kit_roof_junctions.gd
* test_neighbors_share_one_continuous_roof
* test_join_respects_street_headroom_and_different_roof_datums
* test_boring_retains_short_supported_tunnels_without_reducing_headroom
    [Failed]:  [0] expected to be >= than [3]:  natural tunnels remain independently of bridge-house quotas
      at line 45
2/3 passed.




==============================================
= Run Summary
==============================================

res://tests/test_kit_roof_junctions.gd
- test_boring_retains_short_supported_tunnels_without_reducing_headroom
    [Failed]:  [0] expected to be >= than [3]:  natural tunnels remain independently of bridge-house quotas
          at line 45

Totals
------
Scripts               1
Tests                 3
Passing Tests         2
Failing Tests         1
Asserts           66/67
Time              0.358s


---- 1 failing tests ----
