Godot Engine v4.5.1.stable.official.f62fdbde1 - https://godotengine.org

ERROR: Condition "ret != noErr" is true. Returning: ""
   at: get_system_ca_certificates (platform/macos/os_macos.mm:991)
---  GUT  ---
[1m[INFO]:  [0musing [/Users/ryko/Library/Application Support/Godot/app_userdata/Story] for temporary output.
Godot version:  4.5.1
GUT version:  9.5.0
[4m

res://tests/test_suntail_tight_eave_seating.gd
[0m* test_complete_tight_panel_stays_on_roof_plane_and_out_of_public_air
* test_retracted_eave_has_native_fascia_closing_the_wall_head
* test_native_pure_roof_does_not_inherit_the_suntail_seat
[1m3/3 passed.
[0m[4m

res://tests/test_roof_eave_contact_precision.gd
[0m* test_retriangulation_does_not_retract_an_intact_eave
* test_real_trim_loss_is_not_hidden_by_roundoff_or_another_material
* test_native_photo_contact_distinguishes_intact_courses_from_the_obstructed_corner
[1m3/3 passed.
[0m[4m

res://tests/test_october1_roof_dormer_fits.gd
[0m* test_obstructed_dormer_moves_whole_and_preserves_clear_bays
* test_no_clear_bay_uses_a_complete_plain_roof
* test_every_dormer_family_has_a_measured_opening
* test_clear_glass_cannot_keep_a_dormer_with_a_cut_roof_skin
[1m4/4 passed.
[0m



[33m==============================================
[0m[33m= Run Summary
[0m[33m==============================================
[0m
Totals
------
Scripts               3
Tests                10
Passing Tests        10
Asserts             135
Time              22.369s


[32m---- All tests passed! ----
[0m
